05-26 11:07:17.291   893   893 V JobSchedulerService: isReadyToBeExecutedLocked: c5fb4ab #1000/107416 com.google.android.location.reporting/com.google/aggressivedonut159@gmail.com:android ready=false pending=false active=false userStarted=true componentPresent=true
05-26 11:07:17.291   893   893 V JobSchedulerService: isReadyToBeExecutedLocked: c5d2327 #1000/107263 com.android.calendar/com.google/tt4677350@gmail.com:android ready=true pending=false active=false userStarted=true componentPresent=true
05-26 11:07:17.291   893   893 D JobSchedulerService:     queued c5d2327 #1000/107263 com.android.calendar/com.google/tt4677350@gmail.com:android
05-26 11:07:17.291   893   893 V JobSchedulerService: isReadyToBeExecutedLocked: c37c46e #1000/103657 subscribedfeeds/com.google/chtiouimalek159@gmail.com:android ready=false pending=false active=false userStarted=true componentPresent=true
05-26 11:07:17.291   893   893 V JobSchedulerService: isReadyToBeExecutedLocked: c1cf0d9 #1000/107157 com.google.android.gms.fitness/com.google/chtiouimalek159@gmail.com:android ready=true pending=false active=false userStarted=true componentPresent=true
05-26 11:07:17.291   893   893 D JobSchedulerService:     queued c1cf0d9 #1000/107157 com.google.android.gms.fitness/com.google/chtiouimalek159@gmail.com:android
05-26 11:07:17.291   893   893 V JobSchedulerService: isReadyToBeExecutedLocked: be8d024 #1000/106646 com.android.calendar/com.google/aggressivedonut159@gmail.com:android ready=true pending=false active=false userStarted=true componentPresent=true
05-26 11:07:17.291   893   893 D JobSchedulerService:     queued be8d024 #1000/106646 com.android.calendar/com.google/aggressivedonut159@gmail.com:android
05-26 11:07:17.291   893   893 V JobSchedulerService: isReadyToBeExecutedLocked: bdc2f3b #1000/104405 com.android.contacts/com.google/aggressivedonut159@gmail.com:android ready=false pending=false active=false userStarted=true componentPresent=true
05-26 11:07:17.292   893   893 V JobSchedulerService: isReadyToBeExecutedLocked: bb9645d #1000/100289 com.reddit.frontpage.provider.userdata/com.reddit.account/Reddit for Android:android ready=false pending=false active=false userStarted=true componentPresent=true
05-26 11:07:17.292   893   893 V JobSchedulerService: isReadyToBeExecutedLocked: bab2114 #1000/101921 com.google.android.location.reporting/com.google/chhassouna001@gmail.com:android ready=false pending=false active=false userStarted=true componentPresent=true
05-26 11:07:17.292   893   893 V JobSchedulerService: isReadyToBeExecutedLocked: ba94df0 #1000/102999 com.google.android.gms.drive.sync/com.google/andrewsmit693@gmail.com:android ready=false pending=false active=false userStarted=true componentPresent=true
05-26 11:07:17.292   893   893 V JobSchedulerService: isReadyToBeExecutedLocked: ba4cb0c #1000/102287 gmail-ls/com.google/chtiouimalek001@gmail.com:android ready=true pending=false active=false userStarted=true componentPresent=true
05-26 11:07:17.292   893   893 D JobSchedulerService:     queued ba4cb0c #1000/102287 gmail-ls/com.google/chtiouimalek001@gmail.com:android
05-26 11:07:17.292   893   893 V JobSchedulerService: isReadyToBeExecutedLocked: b8c8e21 #1000/808 android/com.android.server.MountServiceIdler ready=false pending=false active=false userStarted=true componentPresent=true
05-26 11:07:17.292   893   893 V JobSchedulerService: isReadyToBeExecutedLocked: b83aabb #1000/102164 com.google.android.gms.plus.action/com.google/andrewsmit693@gmail.com:android ready=false pending=false active=false userStarted=true componentPresent=true
05-26 11:07:17.293   893   893 V JobSchedulerService: isReadyToBeExecutedLocked: b7e8b55 #1000/102050 com.google.android.gms.drive.sync/com.google/ndrwskylar@gmail.com:android ready=false pending=false active=false userStarted=true componentPresent=true
05-26 11:07:17.293   893   893 V JobSchedulerService: isReadyToBeExecutedLocked: b62f744 #1000/101391 com.google.android.location.reporting/com.google/chtiouiamir7@gmail.com:android ready=false pending=false active=false userStarted=true componentPresent=true
05-26 11:07:17.293   893   893 V JobSchedulerService: isReadyToBeExecutedLocked: b5c8a7e #1000/104503 com.android.chrome/com.google/aggressivedonut159@gmail.com:android ready=false pending=false active=false userStarted=true componentPresent=true
05-26 11:07:17.293   893   893 V JobSchedulerService: isReadyToBeExecutedLocked: ac06fc5 #1000/104175 gmail-ls/com.google/chhassouna001@gmail.com:android ready=true pending=false active=false userStarted=true componentPresent=true
05-26 11:07:17.293   893   893 D JobSchedulerService:     queued ac06fc5 #1000/104175 gmail-ls/com.google/chhassouna001@gmail.com:android
05-26 11:07:17.293   893   893 V JobSchedulerService: isReadyToBeExecutedLocked: a8fa7d1 #1000/103272 com.google.android.gms.people/com.google/ndrwskylar@gmail.com:android ready=false pending=false active=false userStarted=true componentPresent=true
05-26 11:07:17.294   893   893 V JobSchedulerService: isReadyToBeExecutedLocked: a8ada9e #1000/107651 com.google.android.gms.plus.action/com.google/tt4677350@gmail.com:android ready=false pending=false active=false userStarted=true componentPresent=true
05-26 11:07:17.294   893   893 V JobSchedulerService: isReadyToBeExecutedLocked: a5b468e #1000/101949 com.google.android.apps.docs/com.google/chtiouiamir7@gmail.com:android ready=false pending=false active=false userStarted=true componentPresent=true
05-26 11:07:17.294   893   893 V JobSchedulerService: isReadyToBeExecutedLocked: a0fffef #1000/100453 com.android.calendar/com.google/chtiouiamir7@gmail.com:android ready=true pending=false active=false userStarted=true componentPresent=true
05-26 11:07:17.294   893   893 D JobSchedulerService:     queued a0fffef #1000/100453 com.android.calendar/com.google/chtiouiamir7@gmail.com:android
05-26 11:07:17.294   893   893 V JobSchedulerService: isReadyToBeExecutedLocked: a04de69 #1000/103600 com.google.android.gms.people/com.google/chhassouna001@gmail.com:android ready=false pending=false active=false userStarted=true componentPresent=true
05-26 11:07:17.294   893   893 V JobSchedulerService: isReadyToBeExecutedLocked: 9fe858d #1000/104513 com.google.android.gms.plus.action/com.google/aggressivedonut159@gmail.com:android ready=false pending=false active=false userStarted=true componentPresent=true
05-26 11:07:17.294   893   893 V JobSchedulerService: isReadyToBeExecutedLocked: 9e90248 #1000/109303 com.android.chrome/com.google/tt4677350@gmail.com:android ready=false pending=false active=false userStarted=true componentPresent=true
05-26 11:07:17.294   893   893 V JobSchedulerService: isReadyToBeExecutedLocked: 9b61979 #1000/108655 com.android.contacts/com.google/ndrwskylar@gmail.com:android ready=true pending=false active=false userStarted=true componentPresent=true
05-26 11:07:17.295   893   893 D JobSchedulerService:     queued 9b61979 #1000/108655 com.android.contacts/com.google/ndrwskylar@gmail.com:android
05-26 11:07:17.295   893   893 V JobSchedulerService: isReadyToBeExecutedLocked: 971d182 #1000/101387 com.google.android.gms.people/com.google/andrewsmit693@gmail.com:android ready=false pending=false active=false userStarted=true componentPresent=true
05-26 11:07:17.295   893   893 V JobSchedulerService: isReadyToBeExecutedLocked: 962f087 #1000/107080 com.google.android.gms.fitness/com.google/chhassouna001@gmail.com:android ready=true pending=false active=false userStarted=true componentPresent=true
05-26 11:07:17.295   893   893 D JobSchedulerService:     queued 962f087 #1000/107080 com.google.android.gms.fitness/com.google/chhassouna001@gmail.com:android
05-26 11:07:17.295   893   893 V JobSchedulerService: isReadyToBeExecutedLocked: 9422240 #1000/100742 gmail-ls/com.google/chtiouiamir7@gmail.com:android ready=true pending=false active=false userStarted=true componentPresent=true
05-26 11:07:17.295   893   893 D JobSchedulerService:     queued 9422240 #1000/100742 gmail-ls/com.google/chtiouiamir7@gmail.com:android
05-26 11:07:17.295   893   893 V JobSchedulerService: isReadyToBeExecutedLocked: 941d56d #1000/101843 com.google.android.location.reporting/com.google/ndrwskylar@gmail.com:android ready=false pending=false active=false userStarted=true componentPresent=true
05-26 11:07:17.295   893   893 V JobSchedulerService: isReadyToBeExecutedLocked: 9385209 #1000/102082 com.google.android.apps.docs/com.google/chtiouimalek159@gmail.com:android ready=false pending=false active=false userStarted=true componentPresent=true
05-26 11:07:17.296   893   893 V JobSchedulerService: isReadyToBeExecutedLocked: 932e649 #1000/106504 subscribedfeeds/com.google/aggressivedonut159@gmail.com:android ready=false pending=false active=false userStarted=true componentPresent=true
05-26 11:07:17.296   893   893 V JobSchedulerService: isReadyToBeExecutedLocked: 8d4d615 #1000/105270 gmail-ls/com.google/andrewsmit693@gmail.com:android ready=true pending=false active=false userStarted=true componentPresent=true
05-26 11:07:17.296   893   893 D JobSchedulerService:     queued 8d4d615 #1000/105270 gmail-ls/com.google/andrewsmit693@gmail.com:android
05-26 11:07:17.296   893   893 V JobSchedulerService: isReadyToBeExecutedLocked: 897ce97 #1000/2 com.asus.sysdiagnostic/com.asus.abcdatasdk.service.SDFetchJobService ready=true pending=false active=false userStarted=true componentPresent=true
05-26 11:07:17.296   893   893 D JobSchedulerService:     queued 897ce97 #1000/2 com.asus.sysdiagnostic/com.asus.abcdatasdk.service.SDFetchJobService
05-26 11:07:17.296   893   893 V JobSchedulerService: isReadyToBeExecutedLocked: 884d5a6 #1000/102403 com.android.contacts/asus.local.phone/Device:android ready=false pending=false active=false userStarted=true componentPresent=true
05-26 11:07:17.296   893   893 V JobSchedulerService: isReadyToBeExecutedLocked: 873e0ce #1000/106119 com.android.contacts/com.google/tt4677350@gmail.com:android ready=false pending=false active=false userStarted=true componentPresent=true
05-26 11:07:17.296   893   893 V JobSchedulerService: isReadyToBeExecutedLocked: 86cded3 #1000/108034 com.google.android.gms.reminders/com.google/tt4677350@gmail.com:android ready=false pending=false active=false userStarted=true componentPresent=true
05-26 11:07:17.296   893   893 V JobSchedulerService: isReadyToBeExecutedLocked: 83aa11a #1000/109585 com.google.android.gms.people/com.google/aggressivedonut159@gmail.com:android ready=false pending=false active=false userStarted=true componentPresent=true
05-26 11:07:17.297   893   893 V JobSchedulerService: isReadyToBeExecutedLocked: 82d4cb6 #1000/108604 com.google.android.gms.reminders/com.google/chtiouiamir7@gmail.com:android ready=false pending=false active=false userStarted=true componentPresent=true
05-26 11:07:17.297   893   893 V JobSchedulerService: isReadyToBeExecutedLocked: 811d968 #1000/107618 com.google.android.gms.chromesync/com.google/chtiouiamir7@gmail.com:android ready=false pending=false active=false userStarted=true componentPresent=true
05-26 11:07:17.297   893   893 V JobSchedulerService: isReadyToBeExecutedLocked: 807ef95 #1000/106714 com.google.android.apps.docs/com.google/chtiouimalek001@gmail.com:android ready=false pending=false active=false userStarted=true componentPresent=true
05-26 11:07:17.297   893   893 V JobSchedulerService: isReadyToBeExecutedLocked: 8002572 #1000/107957 com.android.contacts/com.google/chtiouimalek001@gmail.com:android ready=false pending=false active=false userStarted=true componentPresent=true
05-26 11:07:17.297   893   893 V JobSchedulerService: isReadyToBeExecutedLocked: 78701f4 #1000/105819 gmail-ls/com.google/aggressivedonut159@gmail.com:android ready=true pending=false active=false userStarted=true componentPresent=true
05-26 11:07:17.297   893   893 D JobSchedulerService:     queued 78701f4 #1000/105819 gmail-ls/com.google/aggressivedonut159@gmail.com:android
05-26 11:07:17.297   893   893 V JobSchedulerService: isReadyToBeExecutedLocked: 774e6e2 #1000/104572 com.google.android.gms.chromesync/com.google/andrewsmit693@gmail.com:android ready=false pending=false active=false userStarted=true componentPresent=true
05-26 11:07:17.298   893   893 V JobSchedulerService: isReadyToBeExecutedLocked: 77241d2 #1000/102971 com.reddit.frontpage.provider.appdata/com.reddit.account/Reddit for Android:android ready=false pending=false active=false userStarted=true componentPresent=true
05-26 11:07:17.298   893   893 V JobSchedulerService: isReadyToBeExecutedLocked: 74d16a4 #1000/107034 gmail-ls/com.google/chtiouimalek159@gmail.com:android ready=true pending=false active=false userStarted=true componentPresent=true
05-26 11:07:17.298   893   893 D JobSchedulerService:     queued 74d16a4 #1000/107034 gmail-ls/com.google/chtiouimalek159@gmail.com:android
05-26 11:07:17.298   893   893 V JobSchedulerService: isReadyToBeExecutedLocked: 717fdd2 #1000/108057 subscribedfeeds/com.google/ndrwskylar@gmail.com:android ready=false pending=false active=false userStarted=true componentPresent=true
05-26 11:07:17.298   893   893 V JobSchedulerService: isReadyToBeExecutedLocked: 7038601 #1000/102701 com.google.android.gms.plus.action/com.google/ndrwskylar@gmail.com:android ready=false pending=false active=false userStarted=true componentPresent=true
05-26 11:07:17.298   893   893 V JobSchedulerService: isReadyToBeExecutedLocked: 6f93ea3 #1000/107865 com.google.android.gms.reminders/com.google/chtiouimalek001@gmail.com:android ready=false pending=false active=false userStarted=true componentPresent=true
05-26 11:07:17.298   893   893 V JobSchedulerService: isReadyToBeExecutedLocked: 6e462b0 #1000/109001 gmail-ls/com.google/chtiouiamir7@gmail.com:android ready=true pending=false active=false userStarted=true componentPresent=true
05-26 11:07:17.299   893   893 D JobSchedulerService:     queued 6e462b0 #1000/109001 gmail-ls/com.google/chtiouiamir7@gmail.com:android
05-26 11:07:17.299   893   893 V JobSchedulerService: isReadyToBeExecutedLocked: 67f5cda #1000/20537 android/com.android.server.backup.KeyValueBackupJob ready=true pending=false active=false userStarted=true componentPresent=true
05-26 11:07:17.299   893   893 D JobSchedulerService:     queued 67f5cda #1000/20537 android/com.android.server.backup.KeyValueBackupJob
05-26 11:07:17.299   893   893 V JobSchedulerService: isReadyToBeExecutedLocked: 655a381 #1000/103012 com.google.android.apps.docs/com.google/tt4677350@gmail.com:android ready=false pending=false active=false userStarted=true componentPresent=true
05-26 11:07:17.299   893   893 V JobSchedulerService: isReadyToBeExecutedLocked: 61e9b40 #1000/106236 com.google.android.gms.drive.sync/com.google/aggressivedonut159@gmail.com:android ready=false pending=false active=false userStarted=true componentPresent=true
05-26 11:07:17.299   893   893 V JobSchedulerService: isReadyToBeExecutedLocked: 5fb074d #1000/109587 com.google.android.gms.plus.action/com.google/chhassouna001@gmail.com:android ready=false pending=false active=false userStarted=true componentPresent=true
05-26 11:07:17.300   893   893 V JobSchedulerService: isReadyToBeExecutedLocked: 5e5da7f #1000/107120 com.google.android.gms.chromesync/com.google/chtiouimalek159@gmail.com:android ready=false pending=false active=false userStarted=true componentPresent=true
05-26 11:07:17.300   893   893 V JobSchedulerService: isReadyToBeExecutedLocked: 5b935da #1000/106258 com.android.contacts/com.asus.sim/SIM1:android ready=false pending=false active=false userStarted=true componentPresent=true
05-26 11:07:17.300   893   893 V JobSchedulerService: isReadyToBeExecutedLocked: 59c273b #1000/103521 com.google.android.gms.fitness/com.google/chtiouimalek001@gmail.com:android ready=true pending=false active=false userStarted=true componentPresent=true
05-26 11:07:17.300   893   893 D JobSchedulerService:     queued 59c273b #1000/103521 com.google.android.gms.fitness/com.google/chtiouimalek001@gmail.com:android
05-26 11:07:17.300   893   893 V JobSchedulerService: isReadyToBeExecutedLocked: 59b1e9b #1000/105546 subscribedfeeds/com.google/andrewsmit693@gmail.com:android ready=false pending=false active=false userStarted=true componentPresent=true
05-26 11:07:17.300   893   893 V JobSchedulerService: isReadyToBeExecutedLocked: 58ff3dd #1000/108621 com.google.android.gms.plus.action/com.google/chtiouimalek001@gmail.com:android ready=false pending=false active=false userStarted=true componentPresent=true
05-26 11:07:17.301   893   893 V JobSchedulerService: isReadyToBeExecutedLocked: 5695dbd #1000/100438 com.google.android.gms.reminders/com.google/aggressivedonut159@gmail.com:android ready=false pending=false active=false userStarted=true componentPresent=true
05-26 11:07:17.301   893   893 V JobSchedulerService: isReadyToBeExecutedLocked: 56954ed #1000/102540 com.lenovo.anyshare.gps.provider/com.lenovo.anyshare.gps.type/SHAREit:android ready=false pending=false active=false userStarted=true componentPresent=true
05-26 11:07:17.301   893   893 V JobSchedulerService: isReadyToBeExecutedLocked: 51a8ca6 #1000/102235 com.android.chrome/com.google/andrewsmit693@gmail.com:android ready=false pending=false active=false userStarted=true componentPresent=true
05-26 11:07:17.301   893   893 V JobSchedulerService: isReadyToBeExecutedLocked: 5168f8d #1000/101697 com.google.android.gms.subscribedfeeds/com.google/chtiouiamir7@gmail.com:android ready=true pending=false active=false userStarted=true componentPresent=true
05-26 11:07:17.301   893   893 D JobSchedulerService:     queued 5168f8d #1000/101697 com.google.android.gms.subscribedfeeds/com.google/chtiouiamir7@gmail.com:android
05-26 11:07:17.301   893   893 V JobSchedulerService: isReadyToBeExecutedLocked: 51364ec #1000/103411 com.android.contacts/com.google/chhassouna001@gmail.com:android ready=false pending=false active=false userStarted=true componentPresent=true
05-26 11:07:17.301   893   893 V JobSchedulerService: isReadyToBeExecutedLocked: 50658da #1000/105796 com.google.android.gms.people/com.google/chtiouimalek159@gmail.com:android ready=false pending=false active=false userStarted=true componentPresent=true
05-26 11:07:17.302   893   893 V JobSchedulerService: isReadyToBeExecutedLocked: 4ac9af5 #1000/104335 com.google.android.location.reporting/com.google/andrewsmit693@gmail.com:android ready=false pending=false active=false userStarted=true componentPresent=true
05-26 11:07:17.302   893   893 V JobSchedulerService: isReadyToBeExecutedLocked: 4a23c81 #1000/107918 gmail-ls/com.google/chhassouna001@gmail.com:android ready=true pending=false active=false userStarted=true componentPresent=true
05-26 11:07:17.302   893   893 D JobSchedulerService:     queued 4a23c81 #1000/107918 gmail-ls/com.google/chhassouna001@gmail.com:android
05-26 11:07:17.302   893   893 V JobSchedulerService: isReadyToBeExecutedLocked: 4865b52 #1000/103072 com.google.android.gms.chromesync/com.google/chtiouimalek001@gmail.com:android ready=false pending=false active=false userStarted=true componentPresent=true
05-26 11:07:17.302   893   893 V JobSchedulerService: isReadyToBeExecutedLocked: 46860c8 #1000/109559 gmail-ls/com.google/andrewsmit693@gmail.com:android ready=true pending=false active=false userStarted=true componentPresent=true
05-26 11:07:17.302   893   893 D JobSchedulerService:     queued 46860c8 #1000/109559 gmail-ls/com.google/andrewsmit693@gmail.com:android
05-26 11:07:17.302   893   893 V JobSchedulerService: isReadyToBeExecutedLocked: 461e5d3 #1000/100250 com.android.calendar/com.google/ndrwskylar@gmail.com:android ready=true pending=false active=false userStarted=true componentPresent=true
05-26 11:07:17.302   893   893 D JobSchedulerService:     queued 461e5d3 #1000/100250 com.android.calendar/com.google/ndrwskylar@gmail.com:android
05-26 11:07:17.303   893   893 V JobSchedulerService: isReadyToBeExecutedLocked: 43d9edb #1000/109580 subscribedfeeds/com.google/chtiouimalek001@gmail.com:android ready=false pending=false active=false userStarted=true componentPresent=true
05-26 11:07:17.303   893   893 V JobSchedulerService: isReadyToBeExecutedLocked: 431fbf2 #1000/100210 com.google.android.gms.chromesync/com.google/tt4677350@gmail.com:android ready=false pending=false active=false userStarted=true componentPresent=true
05-26 11:07:17.303   893   893 V JobSchedulerService: isReadyToBeExecutedLocked: 427377d #1000/106416 com.reddit.frontpage.provider.userdata/com.reddit.account/Educational-Ad9474:android ready=false pending=false active=false userStarted=true componentPresent=true
05-26 11:07:17.303   893   893 V JobSchedulerService: isReadyToBeExecutedLocked: 3c6d226 #1000/103464 com.google.android.gms.drive.sync/com.google/chtiouimalek159@gmail.com:android ready=false pending=false active=false userStarted=true componentPresent=true
05-26 11:07:17.303   893   893 V JobSchedulerService: isReadyToBeExecutedLocked: 3be660b #1000/106170 com.google.android.apps.docs/com.google/ndrwskylar@gmail.com:android ready=false pending=false active=false userStarted=true componentPresent=true
05-26 11:07:17.303   893   893 V JobSchedulerService: isReadyToBeExecutedLocked: 3b9e51c #1000/106964 com.google.android.gms.chromesync/com.google/chhassouna001@gmail.com:android ready=false pending=false active=false userStarted=true componentPresent=true
05-26 11:07:17.304   893   893 V JobSchedulerService: isReadyToBeExecutedLocked: 3b202f4 #1000/103505 gmail-ls/com.google/ndrwskylar@gmail.com:android ready=true pending=false active=false userStarted=true componentPresent=true
05-26 11:07:17.304   893   893 D JobSchedulerService:     queued 3b202f4 #1000/103505 gmail-ls/com.google/ndrwskylar@gmail.com:android
05-26 11:07:17.304   893   893 V JobSchedulerService: isReadyToBeExecutedLocked: 397a4c7 #1000/105362 com.google.android.gms.fitness/com.google/aggressivedonut159@gmail.com:android ready=true pending=false active=false userStarted=true componentPresent=true
05-26 11:07:17.304   893   893 D JobSchedulerService:     queued 397a4c7 #1000/105362 com.google.android.gms.fitness/com.google/aggressivedonut159@gmail.com:android
05-26 11:07:17.304   893   893 V JobSchedulerService: isReadyToBeExecutedLocked: 39796d0 #1000/105506 subscribedfeeds/com.google/chtiouiamir7@gmail.com:android ready=false pending=false active=false userStarted=true componentPresent=true
05-26 11:07:17.304   893   893 V JobSchedulerService: isReadyToBeExecutedLocked: 385ccd8 #1000/109564 com.android.contacts/com.google/ndrwskylar@gmail.com:android ready=false pending=false active=false userStarted=true componentPresent=true
05-26 11:07:17.304   893   893 V JobSchedulerService: isReadyToBeExecutedLocked: 37b072b #1000/800 android/com.android.server.pm.BackgroundDexOptService ready=false pending=false active=false userStarted=true componentPresent=true
05-26 11:07:17.305   893   893 V JobSchedulerService: isReadyToBeExecutedLocked: 35cdae3 #1000/107975 com.reddit.frontpage.provider.appdata/com.reddit.account/Reddit for Android:android ready=false pending=false active=false userStarted=true componentPresent=true
05-26 11:07:17.305   893   893 V JobSchedulerService: isReadyToBeExecutedLocked: 317738e #1000/105076 com.google.android.gms.subscribedfeeds/com.google/chhassouna001@gmail.com:android ready=true pending=false active=false userStarted=true componentPresent=true
05-26 11:07:17.305   893   893 D JobSchedulerService:     queued 317738e #1000/105076 com.google.android.gms.subscribedfeeds/com.google/chhassouna001@gmail.com:android
05-26 11:07:17.305   893   893 V JobSchedulerService: isReadyToBeExecutedLocked: 312302d #1000/108413 com.google.android.gms.chromesync/com.google/aggressivedonut159@gmail.com:android ready=false pending=false active=false userStarted=true componentPresent=true
05-26 11:07:17.305   893   893 V JobSchedulerService: isReadyToBeExecutedLocked: 3046776 #1000/105748 gmail-ls/com.google/tt4677350@gmail.com:android ready=true pending=false active=false userStarted=true componentPresent=true
05-26 11:07:17.305   893   893 D JobSchedulerService:     queued 3046776 #1000/105748 gmail-ls/com.google/tt4677350@gmail.com:android
05-26 11:07:17.306   893   893 V JobSchedulerService: isReadyToBeExecutedLocked: 2f2ca83 #1000/107213 com.android.contacts/com.google/andrewsmit693@gmail.com:android ready=false pending=false active=false userStarted=true componentPresent=true
05-26 11:07:17.306   893   893 V JobSchedulerService: isReadyToBeExecutedLocked: 2df2414 #1000/105304 com.google.android.gms.fitness/com.google/tt4677350@gmail.com:android ready=false pending=false active=false userStarted=true componentPresent=true
05-26 11:07:17.306   893   893 V JobSchedulerService: isReadyToBeExecutedLocked: 2ca97a2 #1000/104466 com.google.android.gms.people/com.google/tt4677350@gmail.com:android ready=false pending=false active=false userStarted=true componentPresent=true
05-26 11:07:17.306   893   893 V JobSchedulerService: isReadyToBeExecutedLocked: 27596aa #1000/101314 com.google.android.gms.reminders/com.google/ndrwskylar@gmail.com:android ready=false pending=false active=false userStarted=true componentPresent=true
05-26 11:07:17.306   893   893 V JobSchedulerService: isReadyToBeExecutedLocked: 268ba14 #1000/103348 com.google.android.gms.people/com.google/chtiouimalek001@gmail.com:android ready=false pending=false active=false userStarted=true componentPresent=true
05-26 11:07:17.306   893   893 V JobSchedulerService: isReadyToBeExecutedLocked: 2377f82 #1000/100983 com.android.chrome/com.google/chtiouiamir7@gmail.com:android ready=false pending=false active=false userStarted=true componentPresent=true
05-26 11:07:17.307   893   893 V JobSchedulerService: isReadyToBeExecutedLocked: 20d73da #1000/107760 com.google.android.apps.docs/com.google/andrewsmit693@gmail.com:android ready=false pending=false active=false userStarted=true componentPresent=true
05-26 11:07:17.307   893   893 V JobSchedulerService: isReadyToBeExecutedLocked: 1e64045 #1000/104912 com.android.chrome/com.google/ndrwskylar@gmail.com:android ready=false pending=false active=false userStarted=true componentPresent=true
05-26 11:07:17.307   893   893 V JobSchedulerService: isReadyToBeExecutedLocked: 1b78a06 #1000/104692 com.google.android.apps.docs/com.google/chhassouna001@gmail.com:android ready=false pending=false active=false userStarted=true componentPresent=true
05-26 11:07:17.307   893   893 V JobSchedulerService: isReadyToBeExecutedLocked: 18519f0 #1000/109488 com.google.android.gms.reminders/com.google/andrewsmit693@gmail.com:android ready=false pending=false active=false userStarted=true componentPresent=true
05-26 11:07:17.307   893   893 V JobSchedulerService: isReadyToBeExecutedLocked: 17275f2 #1000/20536 android/com.android.server.backup.FullBackupJob ready=false pending=false active=false userStarted=true componentPresent=true
05-26 11:07:17.307   893   893 V JobSchedulerService: isReadyToBeExecutedLocked: 1653a52 #1000/100659 com.android.calendar/com.google/chtiouimalek001@gmail.com:android ready=true pending=false active=false userStarted=true componentPresent=true
05-26 11:07:17.307   893   893 D JobSchedulerService:     queued 1653a52 #1000/100659 com.android.calendar/com.google/chtiouimalek001@gmail.com:android
05-26 11:07:17.307   893   893 V JobSchedulerService: isReadyToBeExecutedLocked: 12b58bc #1000/101944 com.android.contacts/com.google/chtiouiamir7@gmail.com:android ready=false pending=false active=false userStarted=true componentPresent=true
05-26 11:07:17.307   893   893 V JobSchedulerService: isReadyToBeExecutedLocked: 122c640 #1000/103212 gmail-ls/com.google/chtiouimalek001@gmail.com:android ready=true pending=false active=false userStarted=true componentPresent=true
05-26 11:07:17.307   893   893 D JobSchedulerService:     queued 122c640 #1000/103212 gmail-ls/com.google/chtiouimalek001@gmail.com:android
05-26 11:07:17.307   893   893 V JobSchedulerService: isReadyToBeExecutedLocked: 1207db3 #1000/102594 gmail-ls/com.google/aggressivedonut159@gmail.com:android ready=true pending=false active=false userStarted=true componentPresent=true
05-26 11:07:17.308   893   893 D JobSchedulerService:     queued 1207db3 #1000/102594 gmail-ls/com.google/aggressivedonut159@gmail.com:android
05-26 11:07:17.308   893   893 V JobSchedulerService: isReadyToBeExecutedLocked: 1204187 #1000/107440 com.android.contacts/com.google/chtiouimalek159@gmail.com:android ready=false pending=false active=false userStarted=true componentPresent=true
05-26 11:07:17.308   893   893 V JobSchedulerService: isReadyToBeExecutedLocked: caa2ad #1000/109645 gmail-ls/com.google/chtiouimalek001@gmail.com:android ready=true pending=false active=false userStarted=true componentPresent=true
05-26 11:07:17.308   893   893 D JobSchedulerService:     queued caa2ad #1000/109645 gmail-ls/com.google/chtiouimalek001@gmail.com:android
05-26 11:07:17.308   893   893 V JobSchedulerService: isReadyToBeExecutedLocked: 7aa318 #1000/107870 com.google.android.gms.reminders/com.google/chhassouna001@gmail.com:android ready=false pending=false active=false userStarted=true componentPresent=true
05-26 11:07:17.308   893   893 V JobSchedulerService: isReadyToBeExecutedLocked: 740e23 #1000/106977 com.google.android.location.reporting/com.google/tt4677350@gmail.com:android ready=false pending=false active=false userStarted=true componentPresent=true
05-26 11:07:17.308   893   893 V JobSchedulerService: isReadyToBeExecutedLocked: 6115dc #1000/104793 gmail-ls/com.google/tt4677350@gmail.com:android ready=true pending=false active=false userStarted=true componentPresent=true
05-26 11:07:17.308   893   893 D JobSchedulerService:     queued 6115dc #1000/104793 gmail-ls/com.google/tt4677350@gmail.com:android
05-26 11:07:17.308   893   893 V JobSchedulerService: isReadyToBeExecutedLocked: 560aab #1000/100693 com.android.calendar/com.google/andrewsmit693@gmail.com:android ready=true pending=false active=false userStarted=true componentPresent=true
05-26 11:07:17.308   893   893 D JobSchedulerService:     queued 560aab #1000/100693 com.android.calendar/com.google/andrewsmit693@gmail.com:android
05-26 11:07:17.308   893   893 V JobSchedulerService: isReadyToBeExecutedLocked: 3717d7 #1000/104121 com.google.android.location.reporting/com.google/chtiouimalek001@gmail.com:android ready=false pending=false active=false userStarted=true componentPresent=true
05-26 11:07:17.309   893   893 V JobSchedulerService: isReadyToBeExecutedLocked: 235086 #1000/100257 subscribedfeeds/com.google/tt4677350@gmail.com:android ready=false pending=false active=false userStarted=true componentPresent=true
05-26 11:07:17.309   893   893 D JobSchedulerService: 89 jobs queued.
05-26 11:07:17.309   893   893 D JobSchedulerService: pending queue: 89 jobs.
05-26 11:07:17.309   893   893 D JobSchedulerService: Pending queue: (223, 10133) (5370, 10108) (5359, 10108) (5362, 10108) (4221, 10108) (4639, 10108) (4218, 10108) (4220, 10108) (5360, 10108) (5367, 10108) (4219, 10108) (5275, 10108) (5312, 10108) (2131364467, 10072) (83, 10066) (1000, 10050) (2000001001, 10047) (-62, 10047) (-401, 10047) (-294, 10047) (-136, 10047) (-358, 10047) (-459, 10047) (-202, 10047) (-132, 10047) (-128, 10047) (-370, 10047) (-460, 10047) (-324, 10047) (-292, 10047) (-264, 10047) (-439, 10047) (-148, 10047) (-47, 10047) (-182, 10047) (-448, 10047) (-362, 10047) (-290, 10047) (-288, 10047) (-406, 10047) (1134, 10047) (-386, 10047) (-256, 10047) (9687, 10041) (9662, 10041) (9649, 10041) (73, 10001) (74, 10001) (102925, 1000) (103105, 1000) (103026, 1000) (107956, 1000) (100317, 1000) (101943, 1000) (104858, 1000) (108324, 1000) (101051, 1000) (102749, 1000) (103350, 1000) (107263, 1000) (107157, 1000) (106646, 1000) (102287, 1000) (104175, 1000) (100453, 1000) (108655, 1000) (107080, 1000) (100742, 1000) (105270, 1000) (2, 1000) (105819, 1000) (107034, 1000) (109001, 1000) (20537, 1000) (103521, 1000) (101697, 1000) (107918, 1000) (109559, 1000) (100250, 1000) (103505, 1000) (105362, 1000) (105076, 1000) (105748, 1000) (100659, 1000) (103212, 1000) (102594, 1000) (109645, 1000) (104793, 1000) (100693, 1000) 
05-26 11:07:17.310   893   893 D JobSchedulerService: running jobs initial: (-1-1)(-1-1)(-1-1)(-1-1)(-1-1)(-1-1)(-1-1)(-1-1)(-1-1)(-1-1)(-1-1)(-1-1)(-1-1)(-1-1)(-1-1)(-1-1)
05-26 11:07:17.310   893   893 D JobSchedulerService: running jobs final: (22310133)(537010108)(535910108)(536210108)(422110108)(463910108)(-1-1)(-1-1)(-1-1)(-1-1)(-1-1)(-1-1)(-1-1)(-1-1)(-1-1)(-1-1)
05-26 11:07:17.311   893   893 D JobSchedulerService: About to run job on context 0, job: 198..:[ComponentInfo{com.shazam.android/androidx.work.impl.background.systemjob.SystemJobService},jId=223,u0,R=(-11:50:31,none),N=1,C=false,I=false,U=false,F=0,P=false,ANI=true,DND=true(READY)]
05-26 11:07:17.311   893   893 D JobServiceContext: Scheduling time out for 'androidx.work.impl.background.systemjob.SystemJobService' jId: 223, in 8 s
05-26 11:07:17.312   893   893 W JobServiceContext: App Op not allow JobScheduler to start app com.shazam.android/10133
05-26 11:07:17.312   893   893 D JobServiceContext: androidx.work.impl.background.systemjob.SystemJobService unavailable.
05-26 11:07:17.312   893   893 D JobSchedulerService: Error executing 198..:[ComponentInfo{com.shazam.android/androidx.work.impl.background.systemjob.SystemJobService},jId=223,u0,R=(-11:50:31,none),N=1,C=false,I=false,U=false,F=0,P=false,ANI=true,DND=true(READY)]
05-26 11:07:17.312   893   893 D JobSchedulerService: About to run job on context 1, job: 229..:[ComponentInfo{com.google.android.youtube/androidx.work.impl.background.systemjob.SystemJobService},jId=5370,u0,R=(-21:57:22,none),N=2,C=false,I=false,U=false,F=0,P=false,ANI=true,DND=true(READY)]
05-26 11:07:17.312   893   893 D JobServiceContext: Scheduling time out for 'androidx.work.impl.background.systemjob.SystemJobService' jId: 5370, in 8 s
05-26 11:07:17.313   893   893 W JobServiceContext: App Op not allow JobScheduler to start app com.google.android.youtube/10108
05-26 11:07:17.313   893   893 D JobServiceContext: androidx.work.impl.background.systemjob.SystemJobService unavailable.
05-26 11:07:17.314   893   893 D JobSchedulerService: Error executing 229..:[ComponentInfo{com.google.android.youtube/androidx.work.impl.background.systemjob.SystemJobService},jId=5370,u0,R=(-21:57:22,none),N=2,C=false,I=false,U=false,F=0,P=false,ANI=true,DND=true(READY)]
05-26 11:07:17.314   893   893 D JobSchedulerService: About to run job on context 2, job: 198..:[ComponentInfo{com.google.android.youtube/androidx.work.impl.background.systemjob.SystemJobService},jId=5359,u0,R=(-8:28:23,none),N=1,C=false,I=false,U=false,F=0,P=false,ANI=true,DND=true(READY)]
05-26 11:07:17.314   893   893 D JobServiceContext: Scheduling time out for 'androidx.work.impl.background.systemjob.SystemJobService' jId: 5359, in 8 s
05-26 11:07:17.315   893   893 W JobServiceContext: App Op not allow JobScheduler to start app com.google.android.youtube/10108
05-26 11:07:17.315   893   893 D JobServiceContext: androidx.work.impl.background.systemjob.SystemJobService unavailable.
05-26 11:07:17.315   893   893 D JobSchedulerService: Error executing 198..:[ComponentInfo{com.google.android.youtube/androidx.work.impl.background.systemjob.SystemJobService},jId=5359,u0,R=(-8:28:23,none),N=1,C=false,I=false,U=false,F=0,P=false,ANI=true,DND=true(READY)]
05-26 11:07:17.316   893   893 D JobSchedulerService: About to run job on context 3, job: 164..:[ComponentInfo{com.google.android.youtube/androidx.work.impl.background.systemjob.SystemJobService},jId=5362,u0,R=(-10:57:39,none),N=1,C=true,I=false,U=false,F=0,P=false,ANI=true,DND=true(READY)]
05-26 11:07:17.316   893   893 D JobServiceContext: Scheduling time out for 'androidx.work.impl.background.systemjob.SystemJobService' jId: 5362, in 8 s
05-26 11:07:17.317   893   893 W JobServiceContext: App Op not allow JobScheduler to start app com.google.android.youtube/10108
05-26 11:07:17.317   893   893 D JobServiceContext: androidx.work.impl.background.systemjob.SystemJobService unavailable.
05-26 11:07:17.317   893   893 D JobSchedulerService: Error executing 164..:[ComponentInfo{com.google.android.youtube/androidx.work.impl.background.systemjob.SystemJobService},jId=5362,u0,R=(-10:57:39,none),N=1,C=true,I=false,U=false,F=0,P=false,ANI=true,DND=true(READY)]
05-26 11:07:17.317   893   893 D JobSchedulerService: About to run job on context 4, job: 103..:[ComponentInfo{com.google.android.youtube/androidx.work.impl.background.systemjob.SystemJobService},jId=4221,u0,R=(-22:57:49,none),N=0,C=true,I=false,U=false,F=0,P=false,ANI=true,DND=true(READY)]
05-26 11:07:17.318   893   893 D JobServiceContext: Scheduling time out for 'androidx.work.impl.background.systemjob.SystemJobService' jId: 4221, in 8 s
05-26 11:07:17.318   893   893 W JobServiceContext: App Op not allow JobScheduler to start app com.google.android.youtube/10108
05-26 11:07:17.318   893   893 D JobServiceContext: androidx.work.impl.background.systemjob.SystemJobService unavailable.
05-26 11:07:17.319   893   893 D JobSchedulerService: Error executing 103..:[ComponentInfo{com.google.android.youtube/androidx.work.impl.background.systemjob.SystemJobService},jId=4221,u0,R=(-22:57:49,none),N=0,C=true,I=false,U=false,F=0,P=false,ANI=true,DND=true(READY)]
05-26 11:07:17.319   893   893 D JobSchedulerService: About to run job on context 5, job: 947..:[ComponentInfo{com.google.android.youtube/androidx.work.impl.background.systemjob.SystemJobService},jId=4639,u0,R=(-22:57:49,none),N=0,C=true,I=false,U=false,F=0,P=false,ANI=true,DND=true(READY)]
05-26 11:07:17.319   893   893 D JobServiceContext: Scheduling time out for 'androidx.work.impl.background.systemjob.SystemJobService' jId: 4639, in 8 s
05-26 11:07:17.320   893   893 W JobServiceContext: App Op not allow JobScheduler to start app com.google.android.youtube/10108
05-26 11:07:17.320   893   893 D JobServiceContext: androidx.work.impl.background.systemjob.SystemJobService unavailable.
05-26 11:07:17.320   893   893 D JobSchedulerService: Error executing 947..:[ComponentInfo{com.google.android.youtube/androidx.work.impl.background.systemjob.SystemJobService},jId=4639,u0,R=(-22:57:49,none),N=0,C=true,I=false,U=false,F=0,P=false,ANI=true,DND=true(READY)]
05-26 11:07:17.333   893   902 I art     : Enter while loop.
05-26 11:07:17.559  1682  1694 E GED     : Failed to execute ioctl 3222824709, BridgeID(5), err(-1)
05-26 11:07:17.559  1682  1694 E GasService: Error on query GED info, err=1
05-26 11:07:17.938   249   249 I wmt_launcher: fw log ctrl flag has been set
05-26 11:07:17.938   249   249 I wmt_launcher: fw dynamic ctrl flag has been set
05-26 11:07:18.563   893  1062 D WifiStateMachine:  ConnectedState !CMD_RSSI_POLL  rt=410449381/748383791 468 0 "TT-Wingle-B28F" 00:31:92:a0:1c:00 rssi=-36 f=2432 sc=60 link=65 tx=0.0, 0.0, 0.0  rx=0.0 bcn=0 [on:0 tx:0 rx:0 period:2983] from screen [on:0 period:-2770397] gl hn rssi=-31 ag=0 hr ls-=0 [56,56,56,56,61] brc=0 lrc=0 offload-stopped
05-26 11:07:18.567   893  1062 D WifiStateMachine:  L2ConnectedState !CMD_RSSI_POLL  rt=410449385/748383795 468 0 "TT-Wingle-B28F" 00:31:92:a0:1c:00 rssi=-36 f=2432 sc=60 link=65 tx=0.0, 0.0, 0.0  rx=0.0 bcn=0 [on:0 tx:0 rx:0 period:3] from screen [on:0 period:-2770394] gl hn rssi=-31 ag=0 hr ls-=0 [56,56,56,56,61] brc=0 lrc=0 offload-stopped
05-26 11:07:18.567   893  1062 D WifiStateMachine:  get link layer stats 0
05-26 11:07:18.572  1682  1694 E GED     : Failed to execute ioctl 3222824709, BridgeID(5), err(-1)
05-26 11:07:18.572  1682  1694 E GasService: Error on query GED info, err=1
05-26 11:07:18.576   893  1051 D AlarmManager: set alarm to RTC 748387394
05-26 11:07:18.577   893  1051 D DataShapingService: Alarm manager openLteDataUpLinkGate: false
05-26 11:07:18.577   893  1051 V AlarmManager: openLteGateSuccess = false
05-26 11:07:18.577   893  1051 D AlarmManager: wakeup alarm = Alarm{7848dd5 type 2 when 748383807 android}; listener package = WifiConnectivityManager Schedule Periodic Scan TimerneedGrouping = false
05-26 11:07:18.583   893  1051 D PowerManagerNotifier: onWakeLockAcquired: flags=1, tag="*alarm*", packageName=android, ownerUid=1000, ownerPid=893, workSource=WorkSource{1000}
05-26 11:07:18.599   893  1062 D WifiStateMachine: fetchRssiLinkSpeedAndFrequencyNative rssi=-36 linkspeed=65 freq=2432
05-26 11:07:18.599   893  1062 D WifiStateMachine: mLastSignalLevel:4, newSignalLevel:4
05-26 11:07:18.599   893  1062 D WifiConfigManager: updateConfiguration freq=2432 BSSID=00:31:92:a0:1c:00 RSSI=-36 "TT-Wingle-B28F"WPA_PSK
05-26 11:07:18.601   893  1062 D WifiStateMachine: calculateWifiScore freq=2432 speed=65 score=60 highRSSI  -> txbadrate=0.00 txgoodrate=0.00 txretriesrate=0.00 rxrate=0.02 userTriggerdPenalty0
05-26 11:07:18.602   893  1062 D WifiStateMachine:  good link -> stuck count =0
05-26 11:07:18.602   893  1062 D WifiStateMachine:  badRSSI count0 lowRSSI count0 --> score 56
05-26 11:07:18.603   893  1062 D WifiStateMachine:  isHighRSSI       ---> score=61
05-26 11:07:18.605   893  1062 V ActivityManager: Broadcast sticky: Intent { act=android.net.wifi.RSSI_CHANGED flg=0x4000010 (has extras) } ordered=false userid=-1 callerApp=ProcessRecord{143d033 893:system/1000}
05-26 11:07:18.610   893   893 D ActivityThread: BDC-Calling onReceive: intent=Intent { act=android.net.wifi.RSSI_CHANGED flg=0x4000010 cmp=com.android.settings/.wifi.WifiPlayToReceiver (has extras) }, receiver=com.android.settings.wifi.WifiPlayToReceiver@e6579ea
05-26 11:07:18.610   893   893 D WifiPlayToReceiver: onReceive persistPlayto: 0
05-26 11:07:18.611  1163  1497 D NetworkController: onReceive: intent=Intent { act=android.net.wifi.RSSI_CHANGED flg=0x4000010 (has extras) }
05-26 11:07:18.611  1163  1497 D NetworkController.WifiSignalController: handleBroadcast, enable:true
05-26 11:07:18.611  1163  1497 D NetworkController.WifiSignalController: handleBroadcast, currentState:connected=true,enabled=true,level=4,inetCondition=1,iconGroup=IconGroup(Wi-Fi Icons),activityIn=false,activityOut=false,rssi=-36,lastModified=05-26 11:07:15,ssid="TT-Wingle-B28F"
05-26 11:07:18.622   893  1062 D WifiConnectivityManager: periodicScanTimerHandler
05-26 11:07:18.623   893  1062 D WifiConnectivityManager: startSingleScan: android.net.wifi.WifiScanner$ScanSettings@15664db
05-26 11:07:18.623   893  1062 D WifiScanner: startScan, pid:893, tid:1062, uid:1000
05-26 11:07:18.625   893  1064 D WifiScanningService: addSingleScanRequest: ClientInfo[uid=1000],Id=829,WorkSource{1010}, ScanSettings {  band:7 period:0 reportEvents:3 numBssidsPerScan:0 maxScansToCache:0 channels:[  ]  maxPeriodInMs:0 stepCount:0 } 
05-26 11:07:18.625   893  1064 D WifiHAL : WifiRequest::create vendor command to iface 69, vendor_id=0x1a11, subcmd=0x0001, res=0
05-26 11:07:18.625   893  1064 I WifiHAL : In GetChannelList::mBand=1
05-26 11:07:18.625   893  1064 I WifiHAL : Get channel list with 13 channels
05-26 11:07:18.625   893  1064 D WifiHAL : mChannels[0]=2412 mChannels[1]=2417
05-26 11:07:18.625   893  1064 D WifiHAL : WifiRequest::create vendor command to iface 69, vendor_id=0x1a11, subcmd=0x0001, res=0
05-26 11:07:18.625   893  1064 I WifiHAL : In GetChannelList::mBand=2
05-26 11:07:18.625   893  1064 I WifiHAL : Get channel list with 0 channels
05-26 11:07:18.625   893  1064 W WifiHAL : Ignore invalid attribute type = 3, size = 0
05-26 11:07:18.625   893  1064 D WifiHAL : mChannels[0]=0 mChannels[1]=0
05-26 11:07:18.625   893  1064 D WifiHAL : WifiRequest::create vendor command to iface 69, vendor_id=0x1a11, subcmd=0x0001, res=0
05-26 11:07:18.626   893  1064 I WifiHAL : In GetChannelList::mBand=4
05-26 11:07:18.626   893  1064 I WifiHAL : Get channel list with 0 channels
05-26 11:07:18.626   893  1064 W WifiHAL : Ignore invalid attribute type = 3, size = 0
05-26 11:07:18.626   893  1064 D WifiHAL : mChannels[0]=0 mChannels[1]=0
05-26 11:07:18.626   893  1064 D WifiScanningService: tryToStartNewScan startSingleScan: base_period_ms0 num_buckets= 1
05-26 11:07:18.630   893 16507 D WifiMonitor: Dispatching event to interface: wlan0
05-26 11:07:18.632   893  1064 D SupplicantWifiScannerImpl: Starting wifi scan for freqs=null, background=false, single=true
05-26 11:07:18.634   893  1064 V AlarmManager: APP set with listener(SupplicantWifiScannerImpl Scan Timeout) : type=2 triggerAtTime=748398863 win=-1 tElapsed=748398863 maxElapsed=748410111 interval=0 flags=0x8
05-26 11:07:18.636   893  1062 I WifiConnectivityManager: schedulePeriodicScanTimer: 160000
05-26 11:07:18.637   893  1062 V AlarmManager: APP set with listener(WifiConnectivityManager Schedule Periodic Scan Timer) : type=2 triggerAtTime=748543868 win=-1 tElapsed=748543868 maxElapsed=748663868 interval=0 flags=0x8
05-26 11:07:18.639   893  1062 D PowerManagerNotifier: onWakeLockReleased: flags=1, tag="*alarm*", packageName=android, ownerUid=1000, ownerPid=893, workSource=WorkSource{1000}
05-26 11:07:18.641   893  1062 D WifiConnectivityManager: SingleScanListener onSuccess
05-26 11:07:18.653   394   885 D FrameworkListener: dispatchCommand data = (getaddrinfo localhost 8089 9 0 1 0 0)
05-26 11:07:18.654   394 20893 D libc-netbsd: [getaddrinfo]: hostname=localhost; servname=8089; netid=125; mark=125; ai_flags=9; ai_family=0
05-26 11:07:18.655   394 20893 D SocketClient: SocketClient sendData done: 222
05-26 11:07:18.655   394 20893 D SocketClient: SocketClient sendData done: 
05-26 11:07:18.657 20779 20802 D libc-netbsd: getaddrinfo: localhost get result from proxy gai_error = 0
05-26 11:07:18.730  1163  1497 D NetworkController.MobileSignalController(1): onSignalStrengthsChanged signalStrength=SignalStrength: 14 40 -120 -160 -120 -1 -1 99 2147483647 2147483647 2147483647 2147483647 2147483647 gsm|lte 2147483647 -304 4 level=4
05-26 11:07:18.730  1163  1497 D NetworkController.MobileSignalController(1): updateTelephonySignalStrength: hasService=false ss=SignalStrength: 14 40 -120 -160 -120 -1 -1 99 2147483647 2147483647 2147483647 2147483647 2147483647 gsm|lte 2147483647 -304 4
05-26 11:07:18.737   893  1911 V ActivityManager: Broadcast sticky: Intent { act=android.intent.action.SIG_STR flg=0x20000010 (has extras) } ordered=false userid=-1 callerApp=ProcessRecord{143d033 893:system/1000}
05-26 11:07:18.741  1163  1497 D NetworkController.MobileSignalController(1): isWifiCallingAvailable=false
05-26 11:07:18.744  1163  1497 V ReflectionMethods: ========ReflectionMethods.getVolteAvailable = false ===============
05-26 11:07:18.747  1163  1497 V ReflectionMethods: ========ReflectionMethods.getVideoTelephonyAvailable = false ===============
05-26 11:07:19.574  1682  1694 E GED     : Failed to execute ioctl 3222824709, BridgeID(5), err(-1)
05-26 11:07:19.574  1682  1694 E GasService: Error on query GED info, err=1
05-26 11:07:19.865   380   380 D wifi2agps: scan result, found 2 APs
05-26 11:07:19.866   380   380 D agps    : [WIFI2AGPS] wifi2agps_scanned
05-26 11:07:19.872   394   882 I Netd    : Get netlink event, ifname: wlan0 action: 4
05-26 11:07:19.873   394   882 D SocketClient: SocketClient sendData done: 600 Iface linkstate wlan0 up
05-26 11:07:19.874   893  1057 D NetdConnector: RCV <- {600 Iface linkstate wlan0 up}
05-26 11:07:19.876   893  1034 D NetworkManagement: onEvent:600 Iface linkstate wlan0 up:5
05-26 11:07:19.877   893  1034 D Tethering: interfaceLinkStateChanged wlan0, true
05-26 11:07:19.877   893  1034 D Tethering: interfaceStatusChanged wlan0, true
05-26 11:07:19.879   893  1034 D EthernetSettingsStore: PersistEthernetState=0
05-26 11:07:19.889   893 16507 D WifiMonitor: Dispatching event to interface: wlan0
05-26 11:07:19.891   893  1064 D AlarmManager: manual remove option = null
05-26 11:07:19.891   893  1064 D AlarmManager: remove(operation) changed bounds; rebatching operation = null
05-26 11:07:19.893   893  1064 D AlarmManager: set alarm to RTC 748382412
05-26 11:07:19.894   893  1051 D AlarmManager: set alarm to RTC 748562460
05-26 11:07:19.894   893  1051 D AlarmManager: set alarm to RTC 748425231
05-26 11:07:19.894   893  1051 D DataShapingService: Alarm manager openLteDataUpLinkGate: false
05-26 11:07:19.894   893  1051 V AlarmManager: openLteGateSuccess = false
05-26 11:07:19.894   893  1051 D AlarmManager: wakeup alarm = Alarm{e5db78 type 2 when 748382412 android}; listener package = *job.deadline*needGrouping = false
05-26 11:07:19.895   893  1051 D PowerManagerNotifier: onWakeLockAcquired: flags=1, tag="*alarm*", packageName=android, ownerUid=1000, ownerPid=893, workSource=WorkSource{10047}
05-26 11:07:19.895   893   893 D JobScheduler.Time: Deadline-expired alarm fired
05-26 11:07:19.895   893   893 D JobScheduler.Time: Setting *job.deadline* for: 748692850
05-26 11:07:19.895   893   893 V AlarmManager: APP set with listener(*job.deadline*) : type=2 triggerAtTime=748692850 win=-1 tElapsed=748692850 maxElapsed=748923643 interval=0 flags=0x0
05-26 11:07:19.896   893   893 D PowerManagerNotifier: onWakeLockReleased: flags=1, tag="*alarm*", packageName=android, ownerUid=1000, ownerPid=893, workSource=WorkSource{10047}
05-26 11:07:19.896   893   893 D JobSchedulerService: queuing all ready jobs for execution:
05-26 11:07:19.897   893  1064 D SupplicantWifiScannerImpl: Polling scan data for scan: 0
05-26 11:07:19.898   893   893 V JobSchedulerService: isReadyToBeExecutedLocked: fc2ee82 #u0a148/26756 com.truecaller/androidx.work.impl.background.systemjob.SystemJobService ready=false pending=false active=false userStarted=true componentPresent=true
05-26 11:07:19.898   893   893 V JobSchedulerService: isReadyToBeExecutedLocked: ee5d5d6 #u0a148/26661 com.truecaller/androidx.work.impl.background.systemjob.SystemJobService ready=false pending=false active=false userStarted=true componentPresent=true
