05-26 11:08:00.979   893  1062 D WifiStateMachine:  ConnectedState !CMD_RSSI_POLL  rt=410491797/748426207 468 0 "TT-Wingle-B28F" 00:31:92:a0:1c:00 rssi=-35 f=2432 sc=60 link=65 tx=0.0, 0.0, 0.0  rx=0.6 bcn=0 [on:0 tx:0 rx:0 period:2973] from screen [on:0 period:-2727982] gl hn rssi=-30 ag=0 hr ls-=0 [56,56,56,56,61] brc=0 lrc=0 offload-stopped
05-26 11:08:00.982   893  1062 D WifiStateMachine:  L2ConnectedState !CMD_RSSI_POLL  rt=410491801/748426211 468 0 "TT-Wingle-B28F" 00:31:92:a0:1c:00 rssi=-35 f=2432 sc=60 link=65 tx=0.0, 0.0, 0.0  rx=0.6 bcn=0 [on:0 tx:0 rx:0 period:4] from screen [on:0 period:-2727978] gl hn rssi=-30 ag=0 hr ls-=0 [56,56,56,56,61] brc=0 lrc=0 offload-stopped
05-26 11:08:00.983   893  1062 D WifiStateMachine:  get link layer stats 0
05-26 11:08:00.996   893  1062 D WifiStateMachine: fetchRssiLinkSpeedAndFrequencyNative rssi=-35 linkspeed=65 freq=2432
05-26 11:08:00.996   893  1062 D WifiStateMachine: mLastSignalLevel:4, newSignalLevel:4
05-26 11:08:00.996   893  1062 D WifiConfigManager: updateConfiguration freq=2432 BSSID=00:31:92:a0:1c:00 RSSI=-35 "TT-Wingle-B28F"WPA_PSK
05-26 11:08:00.998   893  1062 D WifiStateMachine: calculateWifiScore freq=2432 speed=65 score=60 highRSSI  -> txbadrate=0.00 txgoodrate=0.02 txretriesrate=0.00 rxrate=0.28 userTriggerdPenalty0
05-26 11:08:01.000   893  1062 D WifiStateMachine:  good link -> stuck count =0
05-26 11:08:01.001   893  1062 D WifiStateMachine:  badRSSI count0 lowRSSI count0 --> score 56
05-26 11:08:01.001   893  1062 D WifiStateMachine:  isHighRSSI       ---> score=61
05-26 11:08:01.003   893  1062 V ActivityManager: Broadcast sticky: Intent { act=android.net.wifi.RSSI_CHANGED flg=0x4000010 (has extras) } ordered=false userid=-1 callerApp=ProcessRecord{143d033 893:system/1000}
05-26 11:08:01.013  1163  1497 D NetworkController: onReceive: intent=Intent { act=android.net.wifi.RSSI_CHANGED flg=0x4000010 (has extras) }
05-26 11:08:01.030   893   893 D ActivityThread: BDC-Calling onReceive: intent=Intent { act=android.net.wifi.RSSI_CHANGED flg=0x4000010 cmp=com.android.settings/.wifi.WifiPlayToReceiver (has extras) }, receiver=com.android.settings.wifi.WifiPlayToReceiver@58d48fd
05-26 11:08:01.030   893   893 D WifiPlayToReceiver: onReceive persistPlayto: 0
05-26 11:08:01.040  1163  1497 D NetworkController.WifiSignalController: handleBroadcast, enable:true
05-26 11:08:01.041  1163  1497 D NetworkController.WifiSignalController: handleBroadcast, currentState:connected=true,enabled=true,level=4,inetCondition=1,iconGroup=IconGroup(Wi-Fi Icons),activityIn=false,activityOut=false,rssi=-35,lastModified=05-26 11:07:56,ssid="TT-Wingle-B28F"
05-26 11:08:01.366   394   885 D FrameworkListener: dispatchCommand data = (getaddrinfo localhost 8089 9 0 1 0 0)
05-26 11:08:01.369   394 20931 D libc-netbsd: [getaddrinfo]: hostname=localhost; servname=8089; netid=125; mark=125; ai_flags=9; ai_family=0
05-26 11:08:01.374   394 20931 D SocketClient: SocketClient sendData done: 222
05-26 11:08:01.374   394 20931 D SocketClient: SocketClient sendData done: 
05-26 11:08:01.380 20779 20802 D libc-netbsd: getaddrinfo: localhost get result from proxy gai_error = 0
05-26 11:08:01.599   372   372 I thermal_repeater: select timeout
05-26 11:08:01.665  1682  1694 E GED     : Failed to execute ioctl 3222824709, BridgeID(5), err(-1)
05-26 11:08:01.666  1682  1694 E GasService: Error on query GED info, err=1
05-26 11:08:01.918  1163  1163 D NetworkController.WifiSignalController: Change in state from: connected=true,enabled=true,level=4,inetCondition=1,iconGroup=IconGroup(Wi-Fi Icons),activityIn=false,activityOut=false,rssi=-35,lastModified=05-26 11:07:56,ssid="TT-Wingle-B28F"
05-26 11:08:01.918  1163  1163 D NetworkController.WifiSignalController: 	to: connected=true,enabled=true,level=4,inetCondition=1,iconGroup=IconGroup(Wi-Fi Icons),activityIn=true,activityOut=false,rssi=-35,lastModified=05-26 11:07:56,ssid="TT-Wingle-B28F"
05-26 11:08:01.924  1163  1163 D SignalClusterView: vpn: GONE
05-26 11:08:01.924  1163  1163 D SignalClusterView: ethernet: GONE
05-26 11:08:01.931  1163  1163 D SignalClusterView: wifi: VISIBLE sig=2130838882 inout=2130838865
05-26 11:08:01.933  1163  1163 D SignalClusterView: mobile: VISIBLE sig=2130838868 typ=0 inout=0
05-26 11:08:01.933  1163  1163 D SignalClusterView: vpn: GONE
05-26 11:08:01.933  1163  1163 D SignalClusterView: ethernet: GONE
05-26 11:08:01.933  1163  1163 D SignalClusterView: wifi: VISIBLE sig=2130838882 inout=2130838865
05-26 11:08:01.936  1163  1163 D SignalClusterView: mobile: VISIBLE sig=2130838868 typ=0 inout=0
05-26 11:08:01.943   256  1576 I BufferQueueProducer: [StatusBar](this:0x72606c8000,id:15,api:1,p:1163,c:256) queueBuffer: fps=2.14 dur=1872.20 max=1743.60 min=32.44
05-26 11:08:01.971   256   256 I BufferQueueProducer: [FrameBufferSurface_0](this:0x725d53e000,id:0,api:1,p:256,c:256) queueBuffer: fps=2.14 dur=1872.04 max=1754.80 min=32.21
05-26 11:08:01.972   256   256 I DisplayDevice: [Built-in Screen (type:0)] fps:2.134925,dur:1873.60,max:1756.53,min:32.21
05-26 11:08:01.986   249   249 I wmt_launcher: fw log ctrl flag has been set
05-26 11:08:01.986   249   249 I wmt_launcher: fw dynamic ctrl flag has been set
05-26 11:08:02.668  1682  1694 E GED     : Failed to execute ioctl 3222824709, BridgeID(5), err(-1)
05-26 11:08:02.668  1682  1694 E GasService: Error on query GED info, err=1
05-26 11:08:02.931  1163  1163 D NetworkController.WifiSignalController: Change in state from: connected=true,enabled=true,level=4,inetCondition=1,iconGroup=IconGroup(Wi-Fi Icons),activityIn=true,activityOut=false,rssi=-35,lastModified=05-26 11:08:01,ssid="TT-Wingle-B28F"
05-26 11:08:02.931  1163  1163 D NetworkController.WifiSignalController: 	to: connected=true,enabled=true,level=4,inetCondition=1,iconGroup=IconGroup(Wi-Fi Icons),activityIn=false,activityOut=false,rssi=-35,lastModified=05-26 11:08:01,ssid="TT-Wingle-B28F"
05-26 11:08:02.932  1163  1163 D SignalClusterView: vpn: GONE
05-26 11:08:02.932  1163  1163 D SignalClusterView: ethernet: GONE
05-26 11:08:02.940  1163  1163 D SignalClusterView: wifi: VISIBLE sig=2130838882 inout=2130838867
05-26 11:08:02.943  1163  1163 D SignalClusterView: mobile: VISIBLE sig=2130838868 typ=0 inout=0
05-26 11:08:02.943  1163  1163 D SignalClusterView: vpn: GONE
05-26 11:08:02.943  1163  1163 D SignalClusterView: ethernet: GONE
05-26 11:08:02.943  1163  1163 D SignalClusterView: wifi: VISIBLE sig=2130838882 inout=2130838867
05-26 11:08:02.946  1163  1163 D SignalClusterView: mobile: VISIBLE sig=2130838868 typ=0 inout=0
05-26 11:08:02.952   256  7855 I BufferQueueProducer: [StatusBar](this:0x72606c8000,id:15,api:1,p:1163,c:256) queueBuffer: fps=0.99 dur=1008.74 max=1008.74 min=1008.74
05-26 11:08:03.402   394   885 D FrameworkListener: dispatchCommand data = (getaddrinfo localhost 8089 9 0 1 0 0)
05-26 11:08:03.406   394 20932 D libc-netbsd: [getaddrinfo]: hostname=localhost; servname=8089; netid=125; mark=125; ai_flags=9; ai_family=0
05-26 11:08:03.407   394 20932 D SocketClient: SocketClient sendData done: 222
05-26 11:08:03.407   394 20932 D SocketClient: SocketClient sendData done: 
05-26 11:08:03.414 20779 20802 D libc-netbsd: getaddrinfo: localhost get result from proxy gai_error = 0
05-26 11:08:03.670  1682  1694 E GED     : Failed to execute ioctl 3222824709, BridgeID(5), err(-1)
05-26 11:08:03.670  1682  1694 E GasService: Error on query GED info, err=1
05-26 11:08:03.988   249   249 I wmt_launcher: fw log ctrl flag has been set
05-26 11:08:03.988   249   249 I wmt_launcher: fw dynamic ctrl flag has been set
05-26 11:08:04.008   893  1062 D WifiStateMachine:  ConnectedState !CMD_RSSI_POLL  rt=410494826/748429236 468 0 "TT-Wingle-B28F" 00:31:92:a0:1c:00 rssi=-35 f=2432 sc=60 link=65 tx=0.0, 0.0, 0.0  rx=0.3 bcn=0 [on:0 tx:0 rx:0 period:2998] from screen [on:0 period:-2724953] gl hn rssi=-30 ag=0 hr ls-=0 [56,56,56,56,61] brc=0 lrc=0 offload-stopped
05-26 11:08:04.014   893  1062 D WifiStateMachine:  L2ConnectedState !CMD_RSSI_POLL  rt=410494829/748429239 468 0 "TT-Wingle-B28F" 00:31:92:a0:1c:00 rssi=-35 f=2432 sc=60 link=65 tx=0.0, 0.0, 0.0  rx=0.3 bcn=0 [on:0 tx:0 rx:0 period:6] from screen [on:0 period:-2724947] gl hn rssi=-30 ag=0 hr ls-=0 [56,56,56,56,61] brc=0 lrc=0 offload-stopped
05-26 11:08:04.014   893  1062 D WifiStateMachine:  get link layer stats 0
05-26 11:08:04.030   893  1062 D WifiStateMachine: fetchRssiLinkSpeedAndFrequencyNative rssi=-38 linkspeed=65 freq=2432
05-26 11:08:04.030   893  1062 D WifiStateMachine: mLastSignalLevel:4, newSignalLevel:4
05-26 11:08:04.030   893  1062 D WifiConfigManager: updateConfiguration freq=2432 BSSID=00:31:92:a0:1c:00 RSSI=-36 "TT-Wingle-B28F"WPA_PSK
05-26 11:08:04.030   893  1062 D WifiStateMachine: calculateWifiScore freq=2432 speed=65 score=60 highRSSI  -> txbadrate=0.00 txgoodrate=0.01 txretriesrate=0.00 rxrate=0.64 userTriggerdPenalty0
05-26 11:08:04.030   893  1062 D WifiStateMachine:  good link -> stuck count =0
05-26 11:08:04.031   893  1062 D WifiStateMachine:  badRSSI count0 lowRSSI count0 --> score 56
05-26 11:08:04.031   893  1062 D WifiStateMachine:  isHighRSSI       ---> score=61
05-26 11:08:04.032   893  1062 V ActivityManager: Broadcast sticky: Intent { act=android.net.wifi.RSSI_CHANGED flg=0x4000010 (has extras) } ordered=false userid=-1 callerApp=ProcessRecord{143d033 893:system/1000}
05-26 11:08:04.040   893   893 D ActivityThread: BDC-Calling onReceive: intent=Intent { act=android.net.wifi.RSSI_CHANGED flg=0x4000010 cmp=com.android.settings/.wifi.WifiPlayToReceiver (has extras) }, receiver=com.android.settings.wifi.WifiPlayToReceiver@a1359f2
05-26 11:08:04.040   893   893 D WifiPlayToReceiver: onReceive persistPlayto: 0
05-26 11:08:04.040  1163  1497 D NetworkController: onReceive: intent=Intent { act=android.net.wifi.RSSI_CHANGED flg=0x4000010 (has extras) }
05-26 11:08:04.040  1163  1497 D NetworkController.WifiSignalController: handleBroadcast, enable:true
05-26 11:08:04.041  1163  1497 D NetworkController.WifiSignalController: handleBroadcast, currentState:connected=true,enabled=true,level=4,inetCondition=1,iconGroup=IconGroup(Wi-Fi Icons),activityIn=false,activityOut=false,rssi=-38,lastModified=05-26 11:08:02,ssid="TT-Wingle-B28F"
05-26 11:08:04.041  1163  1497 D NetworkController.WifiSignalController: Change in state from: connected=true,enabled=true,level=4,inetCondition=1,iconGroup=IconGroup(Wi-Fi Icons),activityIn=false,activityOut=false,rssi=-35,lastModified=05-26 11:08:02,ssid="TT-Wingle-B28F"
05-26 11:08:04.041  1163  1497 D NetworkController.WifiSignalController: 	to: connected=true,enabled=true,level=4,inetCondition=1,iconGroup=IconGroup(Wi-Fi Icons),activityIn=false,activityOut=false,rssi=-38,lastModified=05-26 11:08:02,ssid="TT-Wingle-B28F"
05-26 11:08:04.059  1163  1163 D SignalClusterView: vpn: GONE
05-26 11:08:04.059  1163  1163 D SignalClusterView: ethernet: GONE
05-26 11:08:04.059  1163  1163 D SignalClusterView: wifi: VISIBLE sig=2130838882 inout=2130838867
05-26 11:08:04.062  1163  1163 D SignalClusterView: mobile: VISIBLE sig=2130838868 typ=0 inout=0
05-26 11:08:04.062  1163  1163 D SignalClusterView: vpn: GONE
05-26 11:08:04.062  1163  1163 D SignalClusterView: ethernet: GONE
05-26 11:08:04.062  1163  1163 D SignalClusterView: wifi: VISIBLE sig=2130838882 inout=2130838867
05-26 11:08:04.065  1163  1163 D SignalClusterView: mobile: VISIBLE sig=2130838868 typ=0 inout=0
05-26 11:08:04.672  1682  1694 E GED     : Failed to execute ioctl 3222824709, BridgeID(5), err(-1)
05-26 11:08:04.672  1682  1694 E GasService: Error on query GED info, err=1
05-26 11:08:04.802  1163  1497 D NetworkController.MobileSignalController(1): onSignalStrengthsChanged signalStrength=SignalStrength: 14 41 -120 -160 -120 -1 -1 99 2147483647 2147483647 2147483647 2147483647 2147483647 gsm|lte 2147483647 -308 4 level=4
05-26 11:08:04.802  1163  1497 D NetworkController.MobileSignalController(1): updateTelephonySignalStrength: hasService=false ss=SignalStrength: 14 41 -120 -160 -120 -1 -1 99 2147483647 2147483647 2147483647 2147483647 2147483647 gsm|lte 2147483647 -308 4
05-26 11:08:04.806   893 32642 V ActivityManager: Broadcast sticky: Intent { act=android.intent.action.SIG_STR flg=0x20000010 (has extras) } ordered=false userid=-1 callerApp=ProcessRecord{143d033 893:system/1000}
05-26 11:08:04.810  1163  1497 D NetworkController.MobileSignalController(1): isWifiCallingAvailable=false
05-26 11:08:04.813  1163  1497 V ReflectionMethods: ========ReflectionMethods.getVolteAvailable = false ===============
05-26 11:08:04.815  1163  1497 V ReflectionMethods: ========ReflectionMethods.getVideoTelephonyAvailable = false ===============
05-26 11:08:05.225 18779 18790 I art     : Enter while loop.
05-26 11:08:05.431   394   885 D FrameworkListener: dispatchCommand data = (getaddrinfo localhost 8089 9 0 1 0 0)
05-26 11:08:05.435   394 20933 D libc-netbsd: [getaddrinfo]: hostname=localhost; servname=8089; netid=125; mark=125; ai_flags=9; ai_family=0
05-26 11:08:05.436   394 20933 D SocketClient: SocketClient sendData done: 222
05-26 11:08:05.436   394 20933 D SocketClient: SocketClient sendData done: 
05-26 11:08:05.444 20779 20802 D libc-netbsd: getaddrinfo: localhost get result from proxy gai_error = 0
05-26 11:08:05.674  1682  1694 E GED     : Failed to execute ioctl 3222824709, BridgeID(5), err(-1)
05-26 11:08:05.675  1682  1694 E GasService: Error on query GED info, err=1
05-26 11:08:05.989   249   249 I wmt_launcher: fw log ctrl flag has been set
05-26 11:08:05.989   249   249 I wmt_launcher: fw dynamic ctrl flag has been set
05-26 11:08:06.601   372   372 I thermal_repeater: oh, queryMdThermalInfo (0)No such file or directory
05-26 11:08:06.622   372   372 I thermal_repeater: [recvMdThermalInfo] ret=30, strLen=127,  2, 32767, -127, -1, 32767, 18
05-26 11:08:06.676  1682  1694 E GED     : Failed to execute ioctl 3222824709, BridgeID(5), err(-1)
05-26 11:08:06.677  1682  1694 E GasService: Error on query GED info, err=1
05-26 11:08:07.036   893  1062 D WifiStateMachine:  ConnectedState !CMD_RSSI_POLL  rt=410497854/748432264 468 0 "TT-Wingle-B28F" 00:31:92:a0:1c:00 rssi=-38 f=2432 sc=60 link=65 tx=0.0, 0.0, 0.0  rx=0.6 bcn=0 [on:0 tx:0 rx:0 period:2985] from screen [on:0 period:-2721925] gl hn rssi=-33 ag=0 hr ls-=0 [56,56,56,56,61] brc=0 lrc=0 offload-stopped
05-26 11:08:07.041   893  1062 D WifiStateMachine:  L2ConnectedState !CMD_RSSI_POLL  rt=410497857/748432267 468 0 "TT-Wingle-B28F" 00:31:92:a0:1c:00 rssi=-38 f=2432 sc=60 link=65 tx=0.0, 0.0, 0.0  rx=0.6 bcn=0 [on:0 tx:0 rx:0 period:3] from screen [on:0 period:-2721922] gl hn rssi=-33 ag=0 hr ls-=0 [56,56,56,56,61] brc=0 lrc=0 offload-stopped
05-26 11:08:07.041   893  1062 D WifiStateMachine:  get link layer stats 0
05-26 11:08:07.051   893  1062 D WifiStateMachine: fetchRssiLinkSpeedAndFrequencyNative rssi=-38 linkspeed=65 freq=2432
05-26 11:08:07.052   893  1062 D WifiStateMachine: mLastSignalLevel:4, newSignalLevel:4
05-26 11:08:07.052   893  1062 D WifiConfigManager: updateConfiguration freq=2432 BSSID=00:31:92:a0:1c:00 RSSI=-37 "TT-Wingle-B28F"WPA_PSK
05-26 11:08:07.053   893  1062 D WifiStateMachine: calculateWifiScore freq=2432 speed=65 score=60 highRSSI  -> txbadrate=0.00 txgoodrate=0.01 txretriesrate=0.00 rxrate=0.32 userTriggerdPenalty0
05-26 11:08:07.053   893  1062 D WifiStateMachine:  good link -> stuck count =0
05-26 11:08:07.053   893  1062 D WifiStateMachine:  badRSSI count0 lowRSSI count0 --> score 56
05-26 11:08:07.053   893  1062 D WifiStateMachine:  isHighRSSI       ---> score=61
05-26 11:08:07.057   893  1062 V ActivityManager: Broadcast sticky: Intent { act=android.net.wifi.RSSI_CHANGED flg=0x4000010 (has extras) } ordered=false userid=-1 callerApp=ProcessRecord{143d033 893:system/1000}
05-26 11:08:07.067  1163  1497 D NetworkController: onReceive: intent=Intent { act=android.net.wifi.RSSI_CHANGED flg=0x4000010 (has extras) }
05-26 11:08:07.067  1163  1497 D NetworkController.WifiSignalController: handleBroadcast, enable:true
05-26 11:08:07.068  1163  1497 D NetworkController.WifiSignalController: handleBroadcast, currentState:connected=true,enabled=true,level=4,inetCondition=1,iconGroup=IconGroup(Wi-Fi Icons),activityIn=false,activityOut=false,rssi=-38,lastModified=05-26 11:08:04,ssid="TT-Wingle-B28F"
05-26 11:08:07.071   893   893 D ActivityThread: BDC-Calling onReceive: intent=Intent { act=android.net.wifi.RSSI_CHANGED flg=0x4000010 cmp=com.android.settings/.wifi.WifiPlayToReceiver (has extras) }, receiver=com.android.settings.wifi.WifiPlayToReceiver@2d13843
05-26 11:08:07.071   893   893 D WifiPlayToReceiver: onReceive persistPlayto: 0
05-26 11:08:07.466   394   885 D FrameworkListener: dispatchCommand data = (getaddrinfo localhost 8089 9 0 1 0 0)
05-26 11:08:07.471   394 20934 D libc-netbsd: [getaddrinfo]: hostname=localhost; servname=8089; netid=125; mark=125; ai_flags=9; ai_family=0
05-26 11:08:07.475   394 20934 D SocketClient: SocketClient sendData done: 222
05-26 11:08:07.475   394 20934 D SocketClient: SocketClient sendData done: 
05-26 11:08:07.482 20779 20802 D libc-netbsd: getaddrinfo: localhost get result from proxy gai_error = 0
05-26 11:08:07.679  1682  1694 E GED     : Failed to execute ioctl 3222824709, BridgeID(5), err(-1)
05-26 11:08:07.679  1682  1694 E GasService: Error on query GED info, err=1
05-26 11:08:07.944   893  1398 D AES     : AEEIOCTL_GET/SET_SF_STATE IOCTL,cmd= 1074294797, lParam=0. 
05-26 11:08:07.944   893  1398 W Watchdog: **Get SF Time **1
05-26 11:08:07.945   893  1398 D AES     : AEEIOCTL_RT_MON_Kick IOCTL,cmd= -2147192822, lParam=300. 
05-26 11:08:07.945   893  1398 W Watchdog: SWT Watchdog before synchronized:410498766
05-26 11:08:07.945   893  1398 W Watchdog: SWT Watchdog after synchronized:410498766
05-26 11:08:07.950   893  1034 D InputReader: InputReader::monitor: lock
05-26 11:08:07.951   893  1034 D InputReader: InputReader::monitor: wait 
05-26 11:08:07.953   893  1034 D InputReader: InputReader::monitor: unlock
05-26 11:08:07.953   893  1034 D InputReader: InputReader::monitor: done
05-26 11:08:07.991   249   249 I wmt_launcher: fw log ctrl flag has been set
05-26 11:08:07.991   249   249 I wmt_launcher: fw dynamic ctrl flag has been set
05-26 11:08:08.002   893  1039 D DisplayPowerController: requestPowerState: policy=DIM, useProximitySensor=false, screenBrightness=51, screenAutoBrightnessAdjustment=0.0, brightnessSetByUser=true, useAutoBrightness=false, blockScreenOn=false, lowPowerMode=false, boostScreenBrightness=false, dozeScreenBrightness=-1, dozeScreenState=UNKNOWN, useTwilight=false, waitForNegativeProximity=false, changed=true
05-26 11:08:08.002   893  1039 D DisplayPowerController: updatePowerState: policy=DIM, useProximitySensor=false, screenBrightness=51, screenAutoBrightnessAdjustment=0.0, brightnessSetByUser=true, useAutoBrightness=false, blockScreenOn=false, lowPowerMode=false, boostScreenBrightness=false, dozeScreenBrightness=-1, dozeScreenState=UNKNOWN, useTwilight=false, mWaitingForNegativeProximity=false, autoBrightnessAdjustmentChanged=false, mustNotify=true
05-26 11:08:08.003   893  1039 I DisplayPowerController: setScreenState  mPowerState.getScreenState(): ON to state: ON
05-26 11:08:08.003   893  1039 D DisplayPowerController: ABC configure: enabledInDoze=false, lowDimmingProtectionEnabled=false, adjustment=0.0, state=2, brightness=-1
05-26 11:08:08.003   893  1039 D DisplayPowerController: Animating brightness: target=10, rate=0, asusAnimator=false
05-26 11:08:08.003   893  1039 D DisplayPowerController: Unfinished business...
05-26 11:08:08.006   893  1098 D DisplayManagerService: Update global display state (ON, 10) for DisplayDeviceInfo{"Built-in Screen": uniqueId="local:0", 720 x 1280, modeId 1, defaultModeId 1, supportedModes [{id=1, width=720, height=1280, fps=61.96}], colorTransformId 1, defaultColorTransformId 1, supportedColorTransforms [{id=1, colorTransform=0}], HdrCapabilities android.view.Display$HdrCapabilities@e468a2b, density 320, 281.353 x 282.713 dpi, appVsyncOff -8000000, presDeadline 25139445, touch INTERNAL, rotation 0, type BUILT_IN, state ON, FLAG_DEFAULT_DISPLAY, FLAG_ROTATES_WITH_CONTENT, FLAG_SECURE, FLAG_SUPPORTS_PROTECTED_BUFFERS}
05-26 11:08:08.006   893  1098 D lights  : write_int open fd=200
05-26 11:08:08.009   893  1098 D VirtualKeyBackLightService: Function getVk brightness is 10
05-26 11:08:08.009   893  1098 D VirtualKeyBackLightService: function isScreenOfftoOn state -> now 2 -> old 2
05-26 11:08:08.011   893  1039 D DisplayPowerController: updatePowerState: policy=DIM, useProximitySensor=false, screenBrightness=51, screenAutoBrightnessAdjustment=0.0, brightnessSetByUser=true, useAutoBrightness=false, blockScreenOn=false, lowPowerMode=false, boostScreenBrightness=false, dozeScreenBrightness=-1, dozeScreenState=UNKNOWN, useTwilight=false, mWaitingForNegativeProximity=false, autoBrightnessAdjustmentChanged=false, mustNotify=true
05-26 11:08:08.011   893  1039 I DisplayPowerController: setScreenState  mPowerState.getScreenState(): ON to state: ON
05-26 11:08:08.011   893  1039 D DisplayPowerController: ABC configure: enabledInDoze=false, lowDimmingProtectionEnabled=false, adjustment=0.0, state=2, brightness=-1
05-26 11:08:08.011   893  1039 D DisplayPowerController: Animating brightness: target=10, rate=0, asusAnimator=false
05-26 11:08:08.011   893  1039 D DisplayPowerController: Display ready!
05-26 11:08:08.011   893  1039 D DisplayPowerController: Finished business...
05-26 11:08:08.681  1682  1694 E GED     : Failed to execute ioctl 3222824709, BridgeID(5), err(-1)
05-26 11:08:08.681  1682  1694 E GasService: Error on query GED info, err=1
05-26 11:08:09.513   394   885 D FrameworkListener: dispatchCommand data = (getaddrinfo localhost ^ 1024 0 1 0 0)
05-26 11:08:09.517   394 20936 D libc-netbsd: [getaddrinfo]: hostname=localhost; servname=(null); netid=125; mark=125; ai_flags=1024; ai_family=0
05-26 11:08:09.520   394 20936 D SocketClient: SocketClient sendData done: 222
05-26 11:08:09.525   394 20936 D SocketClient: SocketClient sendData done: 
05-26 11:08:09.527 20779 20935 D libc-netbsd: getaddrinfo: localhost get result from proxy gai_error = 0
05-26 11:08:09.528 20779 20935 I System.out: [socket][31] connection localhost/127.0.0.1:9089;LocalPort=-1(0)
05-26 11:08:09.530 20779 20935 D         : [Posix_connect Debug]Process com.mobile :9089 
05-26 11:08:09.533 20779 20935 I System.out: [socket][32:-1] exception
05-26 11:08:09.683  1682  1694 E GED     : Failed to execute ioctl 3222824709, BridgeID(5), err(-1)
05-26 11:08:09.683  1682  1694 E GasService: Error on query GED info, err=1
05-26 11:08:09.926  1163  1497 D NetworkController.MobileSignalController(1): onSignalStrengthsChanged signalStrength=SignalStrength: 14 40 -120 -160 -120 -1 -1 99 2147483647 2147483647 2147483647 2147483647 2147483647 gsm|lte 2147483647 -304 4 level=4
05-26 11:08:09.926  1163  1497 D NetworkController.MobileSignalController(1): updateTelephonySignalStrength: hasService=false ss=SignalStrength: 14 40 -120 -160 -120 -1 -1 99 2147483647 2147483647 2147483647 2147483647 2147483647 gsm|lte 2147483647 -304 4
05-26 11:08:09.936   893  1914 V ActivityManager: Broadcast sticky: Intent { act=android.intent.action.SIG_STR flg=0x20000010 (has extras) } ordered=false userid=-1 callerApp=ProcessRecord{143d033 893:system/1000}
05-26 11:08:09.940  1163  1497 D NetworkController.MobileSignalController(1): isWifiCallingAvailable=false
05-26 11:08:09.943  1163  1497 V ReflectionMethods: ========ReflectionMethods.getVolteAvailable = false ===============
05-26 11:08:09.945  1163  1497 V ReflectionMethods: ========ReflectionMethods.getVideoTelephonyAvailable = false ===============
05-26 11:08:09.994   249   249 I wmt_launcher: fw log ctrl flag has been set
05-26 11:08:09.994   249   249 I wmt_launcher: fw dynamic ctrl flag has been set
05-26 11:08:10.040   893   978 V ActivityManager: Broadcast: Intent { act=android.os.action.POWER_SAVE_TEMP_WHITELIST_CHANGED flg=0x40000010 } ordered=false userid=0 callerApp=ProcessRecord{143d033 893:system/1000}
05-26 11:08:10.045   893   978 D NetworkManagement: oldRule = 0, newRule=2 for uid=10054 on chain 2
05-26 11:08:10.045   893   978 D NetdConnector: SND -> {21500 firewall set_uid_rule standby 10054 deny}
05-26 11:08:10.051   394   890 D FrameworkListener: dispatchCommand data = (21500 firewall set_uid_rule standby 10054 deny)
05-26 11:08:10.057   893  1062 D WifiStateMachine:  ConnectedState !CMD_RSSI_POLL  rt=410500875/748435286 468 0 "TT-Wingle-B28F" 00:31:92:a0:1c:00 rssi=-38 f=2432 sc=60 link=65 tx=0.0, 0.0, 0.0  rx=0.3 bcn=0 [on:0 tx:0 rx:0 period:2977] from screen [on:0 period:-2718903] gl hn rssi=-33 ag=0 hr ls-=0 [56,56,56,56,61] brc=0 lrc=0 offload-stopped
05-26 11:08:10.068   893  1062 D WifiStateMachine:  L2ConnectedState !CMD_RSSI_POLL  rt=410500879/748435289 468 0 "TT-Wingle-B28F" 00:31:92:a0:1c:00 rssi=-38 f=2432 sc=60 link=65 tx=0.0, 0.0, 0.0  rx=0.3 bcn=0 [on:0 tx:0 rx:0 period:11] from screen [on:0 period:-2718892] gl hn rssi=-33 ag=0 hr ls-=0 [56,56,56,56,61] brc=0 lrc=0 offload-stopped
05-26 11:08:10.068   893  1062 D WifiStateMachine:  get link layer stats 0
05-26 11:08:10.090   893  1062 D WifiStateMachine: fetchRssiLinkSpeedAndFrequencyNative rssi=-36 linkspeed=65 freq=2432
05-26 11:08:10.090   893  1062 D WifiStateMachine: mLastSignalLevel:4, newSignalLevel:4
05-26 11:08:10.090   893  1062 D WifiConfigManager: updateConfiguration freq=2432 BSSID=00:31:92:a0:1c:00 RSSI=-36 "TT-Wingle-B28F"WPA_PSK
05-26 11:08:10.090   893  1062 D WifiStateMachine: calculateWifiScore freq=2432 speed=65 score=60 highRSSI  -> txbadrate=0.00 txgoodrate=0.00 txretriesrate=0.00 rxrate=0.16 userTriggerdPenalty0
05-26 11:08:10.090   893  1062 D WifiStateMachine:  good link -> stuck count =0
05-26 11:08:10.096   893  1062 D WifiStateMachine:  badRSSI count0 lowRSSI count0 --> score 56
05-26 11:08:10.096   893  1062 D WifiStateMachine:  isHighRSSI       ---> score=61
05-26 11:08:10.098   893  1062 V ActivityManager: Broadcast sticky: Intent { act=android.net.wifi.RSSI_CHANGED flg=0x4000010 (has extras) } ordered=false userid=-1 callerApp=ProcessRecord{143d033 893:system/1000}
05-26 11:08:10.110   893   893 D ActivityThread: BDC-Calling onReceive: intent=Intent { act=android.net.wifi.RSSI_CHANGED flg=0x4000010 cmp=com.android.settings/.wifi.WifiPlayToReceiver (has extras) }, receiver=com.android.settings.wifi.WifiPlayToReceiver@90b8ec0
05-26 11:08:10.110   893   893 D WifiPlayToReceiver: onReceive persistPlayto: 0
05-26 11:08:10.110  1163  1497 D NetworkController: onReceive: intent=Intent { act=android.net.wifi.RSSI_CHANGED flg=0x4000010 (has extras) }
05-26 11:08:10.110  1163  1497 D NetworkController.WifiSignalController: handleBroadcast, enable:true
05-26 11:08:10.110  1163  1497 D NetworkController.WifiSignalController: handleBroadcast, currentState:connected=true,enabled=true,level=4,inetCondition=1,iconGroup=IconGroup(Wi-Fi Icons),activityIn=false,activityOut=false,rssi=-36,lastModified=05-26 11:08:04,ssid="TT-Wingle-B28F"
05-26 11:08:10.111  1163  1497 D NetworkController.WifiSignalController: Change in state from: connected=true,enabled=true,level=4,inetCondition=1,iconGroup=IconGroup(Wi-Fi Icons),activityIn=false,activityOut=false,rssi=-38,lastModified=05-26 11:08:04,ssid="TT-Wingle-B28F"
05-26 11:08:10.111  1163  1497 D NetworkController.WifiSignalController: 	to: connected=true,enabled=true,level=4,inetCondition=1,iconGroup=IconGroup(Wi-Fi Icons),activityIn=false,activityOut=false,rssi=-36,lastModified=05-26 11:08:04,ssid="TT-Wingle-B28F"
05-26 11:08:10.140  1163  1163 D SignalClusterView: vpn: GONE
05-26 11:08:10.140  1163  1163 D SignalClusterView: ethernet: GONE
05-26 11:08:10.140  1163  1163 D SignalClusterView: wifi: VISIBLE sig=2130838882 inout=2130838867
05-26 11:08:10.142  1163  1163 D SignalClusterView: mobile: VISIBLE sig=2130838868 typ=0 inout=0
05-26 11:08:10.142  1163  1163 D SignalClusterView: vpn: GONE
05-26 11:08:10.143  1163  1163 D SignalClusterView: ethernet: GONE
05-26 11:08:10.143  1163  1163 D SignalClusterView: wifi: VISIBLE sig=2130838882 inout=2130838867
05-26 11:08:10.146  1163  1163 D SignalClusterView: mobile: VISIBLE sig=2130838868 typ=0 inout=0
05-26 11:08:10.153   893   902 I art     : Enter while loop.
05-26 11:08:10.170   394   890 D SocketClient: SocketClient sendData done: 200 21500 Firewall command succeeded
05-26 11:08:10.170   893  1057 D NetdConnector: RCV <- {200 21500 Firewall command succeeded}
05-26 11:08:10.171   893   978 D NetdConnector: RMV <- {200 21500 Firewall command succeeded}
05-26 11:08:10.173   893   978 V NetworkPolicy: updateRulesForNonMeteredNetworksLocked(10054), isIdle: true, mRestrictPower: false, mDeviceIdleMode: false, isForeground=false, isWhitelisted=false, oldRule=32 (ALLOW_ALL), newRule=64 (REJECT_ALL), newUidRules=64 (REJECT_ALL), oldUidRules=32 (ALLOW_ALL)
05-26 11:08:10.173   893   978 V NetworkPolicy: Rejecting non-metered access for UID 10054
05-26 11:08:10.173   893  1059 V NetworkPolicy: handleMessage(): msg=1
05-26 11:08:10.173   893  1059 D ConnectivityService: onUidRulesChanged(uid=10054, uidRules=64)
05-26 11:08:10.234   893   893 I EntropyMixer: Writing entropy...
05-26 11:08:10.685  1682  1694 E GED     : Failed to execute ioctl 3222824709, BridgeID(5), err(-1)
05-26 11:08:10.685  1682  1694 E GasService: Error on query GED info, err=1
05-26 11:08:11.548   394   885 D FrameworkListener: dispatchCommand data = (getaddrinfo localhost ^ 1024 0 1 0 0)
05-26 11:08:11.550   394 20940 D libc-netbsd: [getaddrinfo]: hostname=localhost; servname=(null); netid=125; mark=125; ai_flags=1024; ai_family=0
05-26 11:08:11.551   394 20940 D SocketClient: SocketClient sendData done: 222
05-26 11:08:11.552   394 20940 D SocketClient: SocketClient sendData done: 
05-26 11:08:11.553 20779 20939 D libc-netbsd: getaddrinfo: localhost get result from proxy gai_error = 0
05-26 11:08:11.554 20779 20939 I System.out: [socket][32] connection localhost/127.0.0.1:9089;LocalPort=-1(0)
05-26 11:08:11.554 20779 20939 D         : [Posix_connect Debug]Process com.mobile :9089 
05-26 11:08:11.557 20779 20939 I System.out: [socket][33:-1] exception
05-26 11:08:11.628   372   372 I thermal_repeater: select timeout
05-26 11:08:11.687  1682  1694 E GED     : Failed to execute ioctl 3222824709, BridgeID(5), err(-1)
05-26 11:08:11.688  1682  1694 E GasService: Error on query GED info, err=1
05-26 11:08:11.996   249   249 I wmt_launcher: fw log ctrl flag has been set
05-26 11:08:11.996   249   249 I wmt_launcher: fw dynamic ctrl flag has been set
05-26 11:08:12.690  1682  1694 E GED     : Failed to execute ioctl 3222824709, BridgeID(5), err(-1)
05-26 11:08:12.690  1682  1694 E GasService: Error on query GED info, err=1
05-26 11:08:13.102   893  1062 D WifiStateMachine:  ConnectedState !CMD_RSSI_POLL  rt=410503920/748438330 468 0 "TT-Wingle-B28F" 00:31:92:a0:1c:00 rssi=-36 f=2432 sc=60 link=65 tx=0.0, 0.0, 0.0  rx=0.2 bcn=0 [on:0 tx:0 rx:0 period:2985] from screen [on:0 period:-2715859] gl hn rssi=-31 ag=0 hr ls-=0 [56,56,56,56,61] brc=0 lrc=0 offload-stopped
05-26 11:08:13.105   893  1062 D WifiStateMachine:  L2ConnectedState !CMD_RSSI_POLL  rt=410503923/748438333 468 0 "TT-Wingle-B28F" 00:31:92:a0:1c:00 rssi=-36 f=2432 sc=60 link=65 tx=0.0, 0.0, 0.0  rx=0.2 bcn=0 [on:0 tx:0 rx:0 period:3] from screen [on:0 period:-2715856] gl hn rssi=-31 ag=0 hr ls-=0 [56,56,56,56,61] brc=0 lrc=0 offload-stopped
05-26 11:08:13.105   893  1062 D WifiStateMachine:  get link layer stats 0
05-26 11:08:13.120   893  1062 D WifiStateMachine: fetchRssiLinkSpeedAndFrequencyNative rssi=-36 linkspeed=65 freq=2432
05-26 11:08:13.120   893  1062 D WifiStateMachine: mLastSignalLevel:4, newSignalLevel:4
05-26 11:08:13.120   893  1062 D WifiConfigManager: updateConfiguration freq=2432 BSSID=00:31:92:a0:1c:00 RSSI=-36 "TT-Wingle-B28F"WPA_PSK
05-26 11:08:13.121   893  1062 D WifiStateMachine: calculateWifiScore freq=2432 speed=65 score=60 highRSSI  -> txbadrate=0.00 txgoodrate=0.00 txretriesrate=0.00 rxrate=0.08 userTriggerdPenalty0
05-26 11:08:13.121   893  1062 D WifiStateMachine:  good link -> stuck count =0
05-26 11:08:13.121   893  1062 D WifiStateMachine:  badRSSI count0 lowRSSI count0 --> score 56
05-26 11:08:13.121   893  1062 D WifiStateMachine:  isHighRSSI       ---> score=61
05-26 11:08:13.123   893  1062 V ActivityManager: Broadcast sticky: Intent { act=android.net.wifi.RSSI_CHANGED flg=0x4000010 (has extras) } ordered=false userid=-1 callerApp=ProcessRecord{143d033 893:system/1000}
05-26 11:08:13.127   893   893 D ActivityThread: BDC-Calling onReceive: intent=Intent { act=android.net.wifi.RSSI_CHANGED flg=0x4000010 cmp=com.android.settings/.wifi.WifiPlayToReceiver (has extras) }, receiver=com.android.settings.wifi.WifiPlayToReceiver@7ea77f9
05-26 11:08:13.127   893   893 D WifiPlayToReceiver: onReceive persistPlayto: 0
05-26 11:08:13.127  1163  1497 D NetworkController: onReceive: intent=Intent { act=android.net.wifi.RSSI_CHANGED flg=0x4000010 (has extras) }
05-26 11:08:13.127  1163  1497 D NetworkController.WifiSignalController: handleBroadcast, enable:true
05-26 11:08:13.128  1163  1497 D NetworkController.WifiSignalController: handleBroadcast, currentState:connected=true,enabled=true,level=4,inetCondition=1,iconGroup=IconGroup(Wi-Fi Icons),activityIn=false,activityOut=false,rssi=-36,lastModified=05-26 11:08:10,ssid="TT-Wingle-B28F"
05-26 11:08:13.580   394   885 D FrameworkListener: dispatchCommand data = (getaddrinfo localhost ^ 1024 0 1 0 0)
05-26 11:08:13.584   394 20942 D libc-netbsd: [getaddrinfo]: hostname=localhost; servname=(null); netid=125; mark=125; ai_flags=1024; ai_family=0
05-26 11:08:13.587   394 20942 D SocketClient: SocketClient sendData done: 222
05-26 11:08:13.591   394 20942 D SocketClient: SocketClient sendData done: 
05-26 11:08:13.594 20779 20941 D libc-netbsd: getaddrinfo: localhost get result from proxy gai_error = 0
05-26 11:08:13.595 20779 20941 I System.out: [socket][33] connection localhost/127.0.0.1:9089;LocalPort=-1(0)
05-26 11:08:13.595 20779 20941 D         : [Posix_connect Debug]Process com.mobile :9089 
05-26 11:08:13.601 20779 20941 I System.out: [socket][34:-1] exception
05-26 11:08:13.692  1682  1694 E GED     : Failed to execute ioctl 3222824709, BridgeID(5), err(-1)
05-26 11:08:13.692  1682  1694 E GasService: Error on query GED info, err=1
05-26 11:08:13.998   249   249 I wmt_launcher: fw log ctrl flag has been set
05-26 11:08:13.999   249   249 I wmt_launcher: fw dynamic ctrl flag has been set
05-26 11:08:14.694  1682  1694 E GED     : Failed to execute ioctl 3222824709, BridgeID(5), err(-1)
05-26 11:08:14.694  1682  1694 E GasService: Error on query GED info, err=1
05-26 11:08:15.046  1163  1497 D NetworkController.MobileSignalController(1): onSignalStrengthsChanged signalStrength=SignalStrength: 14 39 -120 -160 -120 -1 -1 99 2147483647 2147483647 2147483647 2147483647 2147483647 gsm|lte 2147483647 -304 4 level=4
05-26 11:08:15.046  1163  1497 D NetworkController.MobileSignalController(1): updateTelephonySignalStrength: hasService=false ss=SignalStrength: 14 39 -120 -160 -120 -1 -1 99 2147483647 2147483647 2147483647 2147483647 2147483647 gsm|lte 2147483647 -304 4
05-26 11:08:15.055   893  4432 V ActivityManager: Broadcast sticky: Intent { act=android.intent.action.SIG_STR flg=0x20000010 (has extras) } ordered=false userid=-1 callerApp=ProcessRecord{143d033 893:system/1000}
05-26 11:08:15.059  1163  1497 D NetworkController.MobileSignalController(1): isWifiCallingAvailable=false
05-26 11:08:15.062  1163  1497 V ReflectionMethods: ========ReflectionMethods.getVolteAvailable = false ===============
05-26 11:08:15.064  1163  1497 V ReflectionMethods: ========ReflectionMethods.getVideoTelephonyAvailable = false ===============
05-26 11:08:15.621   394   885 D FrameworkListener: dispatchCommand data = (getaddrinfo localhost ^ 1024 0 1 0 0)
05-26 11:08:15.625   394 20945 D libc-netbsd: [getaddrinfo]: hostname=localhost; servname=(null); netid=125; mark=125; ai_flags=1024; ai_family=0
05-26 11:08:15.628   394 20945 D SocketClient: SocketClient sendData done: 222
05-26 11:08:15.631   394 20945 D SocketClient: SocketClient sendData done: 
05-26 11:08:15.633 20779 20944 D libc-netbsd: getaddrinfo: localhost get result from proxy gai_error = 0
05-26 11:08:15.634 20779 20944 I System.out: [socket][34] connection localhost/127.0.0.1:9089;LocalPort=-1(0)
05-26 11:08:15.635 20779 20944 D         : [Posix_connect Debug]Process com.mobile :9089 
05-26 11:08:15.640 20779 20944 I System.out: [socket][35:-1] exception
05-26 11:08:15.695  1682  1694 E GED     : Failed to execute ioctl 3222824709, BridgeID(5), err(-1)
05-26 11:08:15.695  1682  1694 E GasService: Error on query GED info, err=1
05-26 11:08:16.001   249   249 I wmt_launcher: fw log ctrl flag has been set
05-26 11:08:16.001   249   249 I wmt_launcher: fw dynamic ctrl flag has been set
05-26 11:08:16.128   893  1062 D WifiStateMachine:  ConnectedState !CMD_RSSI_POLL  rt=410506946/748441356 468 0 "TT-Wingle-B28F" 00:31:92:a0:1c:00 rssi=-36 f=2432 sc=60 link=65 tx=0.0, 0.0, 0.0  rx=0.1 bcn=0 [on:0 tx:0 rx:0 period:2994] from screen [on:0 period:-2712833] gl hn rssi=-31 ag=0 hr ls-=0 [56,56,56,56,61] brc=0 lrc=0 offload-stopped
05-26 11:08:16.135   893  1062 D WifiStateMachine:  L2ConnectedState !CMD_RSSI_POLL  rt=410506949/748441359 468 0 "TT-Wingle-B28F" 00:31:92:a0:1c:00 rssi=-36 f=2432 sc=60 link=65 tx=0.0, 0.0, 0.0  rx=0.1 bcn=0 [on:0 tx:0 rx:0 period:7] from screen [on:0 period:-2712826] gl hn rssi=-31 ag=0 hr ls-=0 [56,56,56,56,61] brc=0 lrc=0 offload-stopped
05-26 11:08:16.135   893  1062 D WifiStateMachine:  get link layer stats 0
05-26 11:08:16.150   893  1062 D WifiStateMachine: fetchRssiLinkSpeedAndFrequencyNative rssi=-36 linkspeed=65 freq=2432
05-26 11:08:16.150   893  1062 D WifiStateMachine: mLastSignalLevel:4, newSignalLevel:4
05-26 11:08:16.150   893  1062 D WifiConfigManager: updateConfiguration freq=2432 BSSID=00:31:92:a0:1c:00 RSSI=-36 "TT-Wingle-B28F"WPA_PSK
05-26 11:08:16.151   893  1062 D WifiStateMachine: calculateWifiScore freq=2432 speed=65 score=60 highRSSI  -> txbadrate=0.00 txgoodrate=0.00 txretriesrate=0.00 rxrate=0.04 userTriggerdPenalty0
05-26 11:08:16.151   893  1062 D WifiStateMachine:  good link -> stuck count =0
05-26 11:08:16.151   893  1062 D WifiStateMachine:  badRSSI count0 lowRSSI count0 --> score 56
05-26 11:08:16.151   893  1062 D WifiStateMachine:  isHighRSSI       ---> score=61
05-26 11:08:16.153   893  1062 V ActivityManager: Broadcast sticky: Intent { act=android.net.wifi.RSSI_CHANGED flg=0x4000010 (has extras) } ordered=false userid=-1 callerApp=ProcessRecord{143d033 893:system/1000}
05-26 11:08:16.160   893   893 D ActivityThread: BDC-Calling onReceive: intent=Intent { act=android.net.wifi.RSSI_CHANGED flg=0x4000010 cmp=com.android.settings/.wifi.WifiPlayToReceiver (has extras) }, receiver=com.android.settings.wifi.WifiPlayToReceiver@2f9233e
05-26 11:08:16.160   893   893 D WifiPlayToReceiver: onReceive persistPlayto: 0
05-26 11:08:16.160  1163  1497 D NetworkController: onReceive: intent=Intent { act=android.net.wifi.RSSI_CHANGED flg=0x4000010 (has extras) }
05-26 11:08:16.160  1163  1497 D NetworkController.WifiSignalController: handleBroadcast, enable:true
05-26 11:08:16.160  1163  1497 D NetworkController.WifiSignalController: handleBroadcast, currentState:connected=true,enabled=true,level=4,inetCondition=1,iconGroup=IconGroup(Wi-Fi Icons),activityIn=false,activityOut=false,rssi=-36,lastModified=05-26 11:08:10,ssid="TT-Wingle-B28F"
05-26 11:08:16.632   372   372 I thermal_repeater: oh, queryMdThermalInfo (0)No such file or directory
05-26 11:08:16.652   372   372 I thermal_repeater: [recvMdThermalInfo] ret=30, strLen=127,  2, 32767, -127, -1, 32767, 18
05-26 11:08:16.697  1682  1694 E GED     : Failed to execute ioctl 3222824709, BridgeID(5), err(-1)
05-26 11:08:16.697  1682  1694 E GasService: Error on query GED info, err=1
05-26 11:08:16.860   394   881 D SocketClient: SocketClient sendData done: 613 IfaceClass idle 1 748442090304169
05-26 11:08:16.861   893  1057 D NetdConnector: RCV <- {613 IfaceClass idle 1 748442090304169}
05-26 11:08:16.863   893  1034 D NetworkManagement: onEvent:613 IfaceClass idle 1 748442090304169:5
05-26 11:08:16.872   893  1034 V ActivityManager: Broadcast: Intent { act=android.net.conn.DATA_ACTIVITY_CHANGE flg=0x10 (has extras) } ordered=true userid=-1 callerApp=ProcessRecord{143d033 893:system/1000}
05-26 11:08:16.878   893  1034 V ActivityManager: Broadcast sticky: Intent { act=android.net.conn.DATA_ACTIVITY_CHANGE_CT flg=0x10 (has extras) } ordered=false userid=-1 callerApp=ProcessRecord{143d033 893:system/1000}
05-26 11:08:17.655   394   885 D FrameworkListener: dispatchCommand data = (getaddrinfo localhost 8089 9 0 1 0 0)
05-26 11:08:17.659   394 20946 D libc-netbsd: [getaddrinfo]: hostname=localhost; servname=8089; netid=125; mark=125; ai_flags=9; ai_family=0
05-26 11:08:17.660   394 20946 D SocketClient: SocketClient sendData done: 222
05-26 11:08:17.660   394 20946 D SocketClient: SocketClient sendData done: 
05-26 11:08:17.667 20779 20802 D libc-netbsd: getaddrinfo: localhost get result from proxy gai_error = 0
05-26 11:08:17.699  1682  1694 E GED     : Failed to execute ioctl 3222824709, BridgeID(5), err(-1)
05-26 11:08:17.700  1682  1694 E GasService: Error on query GED info, err=1
05-26 11:08:18.003   249   249 I wmt_launcher: fw log ctrl flag has been set
05-26 11:08:18.004   249   249 I wmt_launcher: fw dynamic ctrl flag has been set
05-26 11:08:18.593   893  4431 D BatteryService: mBatteryVoltage=3999, batteryLevel=50
05-26 11:08:18.597   893   893 V ActivityManager: Broadcast sticky: Intent { act=android.intent.action.BATTERY_CHANGED flg=0x60000010 (has extras) } ordered=false userid=-1 callerApp=null
05-26 11:08:18.610  1163  1163 D KeyguardUpdateMonitor: received broadcast android.intent.action.BATTERY_CHANGED
05-26 11:08:18.610  1163  1163 D PowerUI : oldTemp=330, mTemp=330
05-26 11:08:18.610  1163  1163 D PowerUI : findUsbOtg =false,supportReverseCharging =0
05-26 11:08:18.612  1163  1163 D KeyguardUpdateMonitor: handleBatteryUpdate
05-26 11:08:18.613   893   893 D WifiService: onReceive, action:android.intent.action.BATTERY_CHANGED
05-26 11:08:18.614   893  1061 D WifiController: DeviceActiveState{ when=0 what=155652 arg1=2 target=com.android.internal.util.StateMachine$SmHandler }
05-26 11:08:18.614   893  1061 D WifiController: StaEnabledState{ when=-1ms what=155652 arg1=2 target=com.android.internal.util.StateMachine$SmHandler }
05-26 11:08:18.614   893  1061 D WifiController: DefaultState{ when=-1ms what=155652 arg1=2 target=com.android.internal.util.StateMachine$SmHandler }
05-26 11:08:18.614   893  1061 D WifiController: battery changed pluggedType: 2
05-26 11:08:18.621  1504  1504 D PowerSaverService: extraBatteryHealth =2, dongle_type=-1
05-26 11:08:18.621  1504  1504 D PowerSaverService: battery_soh = 0
05-26 11:08:18.701  1682  1694 E GED     : Failed to execute ioctl 3222824709, BridgeID(5), err(-1)
05-26 11:08:18.701  1682  1694 E GasService: Error on query GED info, err=1
05-26 11:08:19.010  1861  1874 I art     : Enter while loop.
05-26 11:08:19.158   893  1062 D WifiStateMachine:  ConnectedState !CMD_RSSI_POLL  rt=410509975/748444386 468 0 "TT-Wingle-B28F" 00:31:92:a0:1c:00 rssi=-36 f=2432 sc=60 link=65 tx=0.0, 0.0, 0.0  rx=0.0 bcn=0 [on:0 tx:0 rx:0 period:2987] from screen [on:0 period:-2709803] gl hn rssi=-31 ag=0 hr ls-=0 [56,56,56,56,61] brc=0 lrc=0 offload-stopped
05-26 11:08:19.164   893  1062 D WifiStateMachine:  L2ConnectedState !CMD_RSSI_POLL  rt=410509979/748444389 468 0 "TT-Wingle-B28F" 00:31:92:a0:1c:00 rssi=-36 f=2432 sc=60 link=65 tx=0.0, 0.0, 0.0  rx=0.0 bcn=0 [on:0 tx:0 rx:0 period:6] from screen [on:0 period:-2709797] gl hn rssi=-31 ag=0 hr ls-=0 [56,56,56,56,61] brc=0 lrc=0 offload-stopped
05-26 11:08:19.165   893  1062 D WifiStateMachine:  get link layer stats 0
05-26 11:08:19.183   893  1062 D WifiStateMachine: fetchRssiLinkSpeedAndFrequencyNative rssi=-36 linkspeed=65 freq=2432
05-26 11:08:19.183   893  1062 D WifiStateMachine: mLastSignalLevel:4, newSignalLevel:4
05-26 11:08:19.183   893  1062 D WifiConfigManager: updateConfiguration freq=2432 BSSID=00:31:92:a0:1c:00 RSSI=-36 "TT-Wingle-B28F"WPA_PSK
05-26 11:08:19.185   893  1062 D WifiStateMachine: calculateWifiScore freq=2432 speed=65 score=60 highRSSI  -> txbadrate=0.00 txgoodrate=0.00 txretriesrate=0.00 rxrate=0.02 userTriggerdPenalty0
05-26 11:08:19.185   893  1062 D WifiStateMachine:  good link -> stuck count =0
05-26 11:08:19.185   893  1062 D WifiStateMachine:  badRSSI count0 lowRSSI count0 --> score 56
05-26 11:08:19.186   893  1062 D WifiStateMachine:  isHighRSSI       ---> score=61
05-26 11:08:19.192   893  1062 V ActivityManager: Broadcast sticky: Intent { act=android.net.wifi.RSSI_CHANGED flg=0x4000010 (has extras) } ordered=false userid=-1 callerApp=ProcessRecord{143d033 893:system/1000}
05-26 11:08:19.198  1163  1497 D NetworkController: onReceive: intent=Intent { act=android.net.wifi.RSSI_CHANGED flg=0x4000010 (has extras) }
05-26 11:08:19.198  1163  1497 D NetworkController.WifiSignalController: handleBroadcast, enable:true
05-26 11:08:19.205   893   893 D ActivityThread: BDC-Calling onReceive: intent=Intent { act=android.net.wifi.RSSI_CHANGED flg=0x4000010 cmp=com.android.settings/.wifi.WifiPlayToReceiver (has extras) }, receiver=com.android.settings.wifi.WifiPlayToReceiver@cc5159f
05-26 11:08:19.205   893   893 D WifiPlayToReceiver: onReceive persistPlayto: 0
05-26 11:08:19.213  1163  1497 D NetworkController.WifiSignalController: handleBroadcast, currentState:connected=true,enabled=true,level=4,inetCondition=1,iconGroup=IconGroup(Wi-Fi Icons),activityIn=false,activityOut=false,rssi=-36,lastModified=05-26 11:08:10,ssid="TT-Wingle-B28F"
05-26 11:08:19.679   394   885 D FrameworkListener: dispatchCommand data = (getaddrinfo localhost 8089 9 0 1 0 0)
05-26 11:08:19.682   394 20947 D libc-netbsd: [getaddrinfo]: hostname=localhost; servname=8089; netid=125; mark=125; ai_flags=9; ai_family=0
05-26 11:08:19.683   394 20947 D SocketClient: SocketClient sendData done: 222
05-26 11:08:19.684   394 20947 D SocketClient: SocketClient sendData done: 
05-26 11:08:19.691 20779 20802 D libc-netbsd: getaddrinfo: localhost get result from proxy gai_error = 0
05-26 11:08:19.701  1682  1694 E GED     : Failed to execute ioctl 3222824709, BridgeID(5), err(-1)
05-26 11:08:19.701  1682  1694 E GasService: Error on query GED info, err=1
05-26 11:08:19.804   893   978 V NetworkPolicy: onAppIdleStateChanged(): uid=10105, idle=true
05-26 11:08:19.804   893   978 D NetworkManagement: oldRule = 2, newRule=2 for uid=10105 on chain 2
05-26 11:08:19.804   893   978 D NetworkManagement: !!!!! Skipping change
05-26 11:08:19.805   893   978 V NetworkPolicy: updateRulesForNonMeteredNetworksLocked(10105), isIdle: true, mRestrictPower: false, mDeviceIdleMode: false, isForeground=false, isWhitelisted=false, oldRule=64 (REJECT_ALL), newRule=64 (REJECT_ALL), newUidRules=64 (REJECT_ALL), oldUidRules=64 (REJECT_ALL)
05-26 11:08:19.805   893   978 V NetworkPolicy: onAppIdleStateChanged(): uid=10100, idle=true
05-26 11:08:19.805   893   978 D NetworkManagement: oldRule = 2, newRule=2 for uid=10100 on chain 2
05-26 11:08:19.805   893   978 D NetworkManagement: !!!!! Skipping change
05-26 11:08:19.806   893   978 V NetworkPolicy: updateRulesForNonMeteredNetworksLocked(10100), isIdle: true, mRestrictPower: false, mDeviceIdleMode: false, isForeground=false, isWhitelisted=false, oldRule=64 (REJECT_ALL), newRule=64 (REJECT_ALL), newUidRules=64 (REJECT_ALL), oldUidRules=64 (REJECT_ALL)
05-26 11:08:19.806   893   978 V NetworkPolicy: onAppIdleStateChanged(): uid=10023, idle=true
05-26 11:08:19.806   893   978 W PackageManager: checkUidPermission(): android.permission.INTERNET of 10023 is denied.
05-26 11:08:19.806   893   978 W PackageManager: checkUidPermission(): android.permission.INTERNET of 10023 is denied.
05-26 11:08:19.806   893   978 D NetworkPolicy: no need to update restrict power rules for uid 10023
05-26 11:08:19.806   893   978 V NetworkPolicy: onAppIdleStateChanged(): uid=10108, idle=false
05-26 11:08:19.806   893   978 D NetworkManagement: oldRule = 0, newRule=0 for uid=10108 on chain 2
05-26 11:08:19.806   893   978 D NetworkManagement: !!!!! Skipping change
05-26 11:08:19.806   893   978 V NetworkPolicy: updateRulesForNonMeteredNetworksLocked(10108), isIdle: false, mRestrictPower: false, mDeviceIdleMode: false, isForeground=false, isWhitelisted=false, oldRule=0 (NONE), newRule=0 (NONE), newUidRules=0 (NONE), oldUidRules=0 (NONE)
05-26 11:08:19.807   893   978 V NetworkPolicy: onAppIdleStateChanged(): uid=1000, idle=false
05-26 11:08:19.807   893   978 D NetworkPolicy: no need to update restrict power rules for uid 1000
05-26 11:08:19.807   893   978 V NetworkPolicy: onAppIdleStateChanged(): uid=10031, idle=false
05-26 11:08:19.807   893   978 W PackageManager: checkUidPermission(): android.permission.INTERNET of 10031 is denied.
05-26 11:08:19.807   893   978 W PackageManager: checkUidPermission(): android.permission.INTERNET of 10031 is denied.
05-26 11:08:19.807   893   978 D NetworkPolicy: no need to update restrict power rules for uid 10031
05-26 11:08:19.807   893   978 V NetworkPolicy: onAppIdleStateChanged(): uid=1001, idle=false
05-26 11:08:19.807   893   978 D NetworkPolicy: no need to update restrict power rules for uid 1001
05-26 11:08:19.807   893   978 V NetworkPolicy: onAppIdleStateChanged(): uid=10148, idle=false
05-26 11:08:19.807   893   978 D NetworkManagement: oldRule = 0, newRule=0 for uid=10148 on chain 2
05-26 11:08:19.807   893   978 D NetworkManagement: !!!!! Skipping change
