05-26 11:04:24.640 20704 20754 E AndroidRuntime: 	at com.oney.WebRTCModule.WebRTCModulePackage.createNativeModules(WebRTCModulePackage.java:15)
05-26 11:04:24.640 20704 20754 E AndroidRuntime: 	at com.facebook.react.ReactPackageHelper.getNativeModuleIterator(ReactPackageHelper.java:42)
05-26 11:04:24.640 20704 20754 E AndroidRuntime: 	at com.facebook.react.NativeModuleRegistryBuilder.processPackage(NativeModuleRegistryBuilder.java:42)
05-26 11:04:24.640 20704 20754 E AndroidRuntime: 	at com.facebook.react.ReactInstanceManager.processPackage(ReactInstanceManager.java:1476)
05-26 11:04:24.640 20704 20754 E AndroidRuntime: 	at com.facebook.react.ReactInstanceManager.processPackages(ReactInstanceManager.java:1447)
05-26 11:04:24.640 20704 20754 E AndroidRuntime: 	at com.facebook.react.ReactInstanceManager.createReactContext(ReactInstanceManager.java:1341)
05-26 11:04:24.640 20704 20754 E AndroidRuntime: 	at com.facebook.react.ReactInstanceManager.access$1200(ReactInstanceManager.java:138)
05-26 11:04:24.640 20704 20754 E AndroidRuntime: 	at com.facebook.react.ReactInstanceManager$5.run(ReactInstanceManager.java:1111)
05-26 11:04:24.640 20704 20754 E AndroidRuntime: 	at java.lang.Thread.run(Thread.java:761)
05-26 11:06:16.853 20779 20832 E AndroidRuntime: FATAL EXCEPTION: create_react_context
05-26 11:06:16.853 20779 20832 E AndroidRuntime: Process: com.mobile, PID: 20779
05-26 11:06:16.853 20779 20832 E AndroidRuntime: java.lang.NoSuchMethodError: No static method createEgl14([I)Lorg/webrtc/EglBase14; in class Lorg/webrtc/EglBase; or its super classes (declaration of 'org.webrtc.EglBase' appears in /data/app/com.mobile-1/base.apk)
05-26 11:06:16.853 20779 20832 E AndroidRuntime: 	at com.oney.WebRTCModule.EglUtils.getRootEglBase(EglUtils.java:35)
05-26 11:06:16.853 20779 20832 E AndroidRuntime: 	at com.oney.WebRTCModule.EglUtils.getRootEglBaseContext(EglUtils.java:62)
05-26 11:06:16.853 20779 20832 E AndroidRuntime: 	at com.oney.WebRTCModule.WebRTCModule.<init>(WebRTCModule.java:107)
05-26 11:06:16.853 20779 20832 E AndroidRuntime: 	at com.oney.WebRTCModule.WebRTCModule.<init>(WebRTCModule.java:76)
05-26 11:06:16.853 20779 20832 E AndroidRuntime: 	at com.oney.WebRTCModule.WebRTCModulePackage.createNativeModules(WebRTCModulePackage.java:15)
05-26 11:06:16.853 20779 20832 E AndroidRuntime: 	at com.facebook.react.ReactPackageHelper.getNativeModuleIterator(ReactPackageHelper.java:42)
05-26 11:06:16.853 20779 20832 E AndroidRuntime: 	at com.facebook.react.NativeModuleRegistryBuilder.processPackage(NativeModuleRegistryBuilder.java:42)
05-26 11:06:16.853 20779 20832 E AndroidRuntime: 	at com.facebook.react.ReactInstanceManager.processPackage(ReactInstanceManager.java:1476)
05-26 11:06:16.853 20779 20832 E AndroidRuntime: 	at com.facebook.react.ReactInstanceManager.processPackages(ReactInstanceManager.java:1447)
05-26 11:06:16.853 20779 20832 E AndroidRuntime: 	at com.facebook.react.ReactInstanceManager.createReactContext(ReactInstanceManager.java:1341)
05-26 11:06:16.853 20779 20832 E AndroidRuntime: 	at com.facebook.react.ReactInstanceManager.access$1200(ReactInstanceManager.java:138)
05-26 11:06:16.853 20779 20832 E AndroidRuntime: 	at com.facebook.react.ReactInstanceManager$5.run(ReactInstanceManager.java:1111)
05-26 11:06:16.853 20779 20832 E AndroidRuntime: 	at java.lang.Thread.run(Thread.java:761)
--------- beginning of system
05-26 11:06:38.626   893  1061 D WifiController: battery changed pluggedType: 2
05-26 11:06:39.012   394   881 D SocketClient: SocketClient sendData done: 613 IfaceClass active 1 748344242041856 10030
05-26 11:06:39.014   893  1057 D NetdConnector: RCV <- {613 IfaceClass active 1 748344242041856 10030}
05-26 11:06:39.016   893  1034 D NetworkManagement: onEvent:613 IfaceClass active 1 748344242041856 10030:6
05-26 11:06:39.023   893  1034 V ActivityManager: Broadcast: Intent { act=android.net.conn.DATA_ACTIVITY_CHANGE flg=0x10 (has extras) } ordered=true userid=-1 callerApp=ProcessRecord{143d033 893:system/1000}
05-26 11:06:39.029   893  1034 V ActivityManager: Broadcast sticky: Intent { act=android.net.conn.DATA_ACTIVITY_CHANGE_CT flg=0x10 (has extras) } ordered=false userid=-1 callerApp=ProcessRecord{143d033 893:system/1000}
05-26 11:06:39.252   893  1062 V ActivityManager: Broadcast sticky: Intent { act=android.net.wifi.RSSI_CHANGED flg=0x4000010 (has extras) } ordered=false userid=-1 callerApp=ProcessRecord{143d033 893:system/1000}
05-26 11:06:39.256   893   893 D ActivityThread: BDC-Calling onReceive: intent=Intent { act=android.net.wifi.RSSI_CHANGED flg=0x4000010 cmp=com.android.settings/.wifi.WifiPlayToReceiver (has extras) }, receiver=com.android.settings.wifi.WifiPlayToReceiver@10a10cf
05-26 11:06:40.077   394   885 D FrameworkListener: dispatchCommand data = (getaddrinfo localhost 8089 9 0 1 0 0)
05-26 11:06:40.085   394 20862 D SocketClient: SocketClient sendData done: 222
05-26 11:06:40.086   394 20862 D SocketClient: SocketClient sendData done: 
--------- beginning of main
05-26 11:06:41.581  1163  1163 D SignalClusterView: wifi: VISIBLE sig=2130838882 inout=2130838866
05-26 11:06:41.583  1163  1163 D SignalClusterView: mobile: VISIBLE sig=2130838868 typ=0 inout=0
05-26 11:06:41.590   256  7855 I BufferQueueProducer: [StatusBar](this:0x72606c8000,id:15,api:1,p:1163,c:256) queueBuffer: fps=0.99 dur=2019.24 max=1019.39 min=999.85
05-26 11:06:41.609   256   256 I BufferQueueProducer: [FrameBufferSurface_0](this:0x725d53e000,id:0,api:1,p:256,c:256) queueBuffer: fps=1.00 dur=1000.78 max=1000.78 min=1000.78
05-26 11:06:41.609   256   256 I DisplayDevice: [Built-in Screen (type:0)] fps:0.999207,dur:1000.79,max:1000.79,min:1000.79
05-26 11:06:41.896   249   249 I wmt_launcher: fw log ctrl flag has been set
05-26 11:06:41.896   249   249 I wmt_launcher: fw dynamic ctrl flag has been set
05-26 11:06:42.114   394   885 D FrameworkListener: dispatchCommand data = (getaddrinfo localhost 8089 9 0 1 0 0)
05-26 11:06:42.117   394 20863 D libc-netbsd: [getaddrinfo]: hostname=localhost; servname=8089; netid=125; mark=125; ai_flags=9; ai_family=0
05-26 11:06:42.121   394 20863 D SocketClient: SocketClient sendData done: 222
05-26 11:06:42.121   394 20863 D SocketClient: SocketClient sendData done: 
05-26 11:06:42.128 20779 20802 D libc-netbsd: getaddrinfo: localhost get result from proxy gai_error = 0
05-26 11:06:42.257   893  1062 D WifiStateMachine:  ConnectedState !CMD_RSSI_POLL  rt=410413075/748347485 468 0 "TT-Wingle-B28F" 00:31:92:a0:1c:00 rssi=-38 f=2432 sc=60 link=65 tx=0.5, 0.0, 0.0  rx=0.5 bcn=0 [on:0 tx:0 rx:0 period:2987] from screen [on:0 period:-2806704] gl hn rssi=-33 ag=0 hr ls-=0 [56,56,56,56,61] brc=0 lrc=0 offload-stopped
05-26 11:06:42.263   893  1062 D WifiStateMachine:  L2ConnectedState !CMD_RSSI_POLL  rt=410413078/748347488 468 0 "TT-Wingle-B28F" 00:31:92:a0:1c:00 rssi=-38 f=2432 sc=60 link=65 tx=0.5, 0.0, 0.0  rx=0.5 bcn=0 [on:0 tx:0 rx:0 period:5] from screen [on:0 period:-2806699] gl hn rssi=-33 ag=0 hr ls-=0 [56,56,56,56,61] brc=0 lrc=0 offload-stopped
05-26 11:06:42.263   893  1062 D WifiStateMachine:  get link layer stats 0
05-26 11:06:42.277   893  1062 D WifiStateMachine: fetchRssiLinkSpeedAndFrequencyNative rssi=-38 linkspeed=65 freq=2432
05-26 11:06:42.277   893  1062 D WifiStateMachine: mLastSignalLevel:4, newSignalLevel:4
05-26 11:06:42.277   893  1062 D WifiConfigManager: updateConfiguration freq=2432 BSSID=00:31:92:a0:1c:00 RSSI=-37 "TT-Wingle-B28F"WPA_PSK
05-26 11:06:42.278   893  1062 D WifiStateMachine: calculateWifiScore freq=2432 speed=65 score=60 highRSSI  -> txbadrate=0.00 txgoodrate=0.77 txretriesrate=0.00 rxrate=1.27 userTriggerdPenalty0
05-26 11:06:42.278   893  1062 D WifiStateMachine:  good link -> stuck count =0
05-26 11:06:42.278   893  1062 D WifiStateMachine:  badRSSI count0 lowRSSI count0 --> score 56
05-26 11:06:42.278   893  1062 D WifiStateMachine:  isHighRSSI       ---> score=61
05-26 11:06:42.280   893  1062 V ActivityManager: Broadcast sticky: Intent { act=android.net.wifi.RSSI_CHANGED flg=0x4000010 (has extras) } ordered=false userid=-1 callerApp=ProcessRecord{143d033 893:system/1000}
05-26 11:06:42.284   893   893 D ActivityThread: BDC-Calling onReceive: intent=Intent { act=android.net.wifi.RSSI_CHANGED flg=0x4000010 cmp=com.android.settings/.wifi.WifiPlayToReceiver (has extras) }, receiver=com.android.settings.wifi.WifiPlayToReceiver@1826a5c
05-26 11:06:42.284   893   893 D WifiPlayToReceiver: onReceive persistPlayto: 0
05-26 11:06:42.285  1163  1497 D NetworkController: onReceive: intent=Intent { act=android.net.wifi.RSSI_CHANGED flg=0x4000010 (has extras) }
05-26 11:06:42.285  1163  1497 D NetworkController.WifiSignalController: handleBroadcast, enable:true
05-26 11:06:42.285  1163  1497 D NetworkController.WifiSignalController: handleBroadcast, currentState:connected=true,enabled=true,level=4,inetCondition=1,iconGroup=IconGroup(Wi-Fi Icons),activityIn=true,activityOut=true,rssi=-38,lastModified=05-26 11:06:41,ssid="TT-Wingle-B28F"
05-26 11:06:42.492  1682  1694 E GED     : Failed to execute ioctl 3222824709, BridgeID(5), err(-1)
05-26 11:06:42.492  1682  1694 E GasService: Error on query GED info, err=1
05-26 11:06:42.577  1163  1163 D NetworkController.WifiSignalController: Change in state from: connected=true,enabled=true,level=4,inetCondition=1,iconGroup=IconGroup(Wi-Fi Icons),activityIn=true,activityOut=true,rssi=-38,lastModified=05-26 11:06:41,ssid="TT-Wingle-B28F"
05-26 11:06:42.577  1163  1163 D NetworkController.WifiSignalController: 	to: connected=true,enabled=true,level=4,inetCondition=1,iconGroup=IconGroup(Wi-Fi Icons),activityIn=true,activityOut=false,rssi=-38,lastModified=05-26 11:06:41,ssid="TT-Wingle-B28F"
05-26 11:06:42.578  1163  1163 D SignalClusterView: vpn: GONE
05-26 11:06:42.578  1163  1163 D SignalClusterView: ethernet: GONE
05-26 11:06:42.588  1163  1163 D SignalClusterView: wifi: VISIBLE sig=2130838882 inout=2130838865
05-26 11:06:42.596  1163  1163 D SignalClusterView: mobile: VISIBLE sig=2130838868 typ=0 inout=0
05-26 11:06:42.596  1163  1163 D SignalClusterView: vpn: GONE
05-26 11:06:42.596  1163  1163 D SignalClusterView: ethernet: GONE
05-26 11:06:42.598  1163  1163 D SignalClusterView: wifi: VISIBLE sig=2130838882 inout=2130838865
05-26 11:06:42.602  1163  1163 D SignalClusterView: mobile: VISIBLE sig=2130838868 typ=0 inout=0
05-26 11:06:42.608   256   277 I BufferQueueProducer: [StatusBar](this:0x72606c8000,id:15,api:1,p:1163,c:256) queueBuffer: fps=0.98 dur=1019.11 max=1019.11 min=1019.11
05-26 11:06:42.625   256   256 I BufferQueueProducer: [FrameBufferSurface_0](this:0x725d53e000,id:0,api:1,p:256,c:256) queueBuffer: fps=0.98 dur=1016.37 max=1016.37 min=1016.37
05-26 11:06:42.625   256   256 I DisplayDevice: [Built-in Screen (type:0)] fps:0.983966,dur:1016.30,max:1016.30,min:1016.30
05-26 11:06:42.901   893  4433 V ActivityManager: Broadcast sticky: Intent { act=android.intent.action.SIG_STR flg=0x20000010 (has extras) } ordered=false userid=-1 callerApp=ProcessRecord{143d033 893:system/1000}
05-26 11:06:42.905  1163  1497 D NetworkController.MobileSignalController(1): onSignalStrengthsChanged signalStrength=SignalStrength: 14 40 -120 -160 -120 -1 -1 99 2147483647 2147483647 2147483647 2147483647 2147483647 gsm|lte 2147483647 -300 4 level=4
05-26 11:06:42.905  1163  1497 D NetworkController.MobileSignalController(1): updateTelephonySignalStrength: hasService=false ss=SignalStrength: 14 40 -120 -160 -120 -1 -1 99 2147483647 2147483647 2147483647 2147483647 2147483647 gsm|lte 2147483647 -300 4
05-26 11:06:42.908  1163  1497 D NetworkController.MobileSignalController(1): isWifiCallingAvailable=false
05-26 11:06:42.910  1163  1497 V ReflectionMethods: ========ReflectionMethods.getVolteAvailable = false ===============
05-26 11:06:42.913  1163  1497 V ReflectionMethods: ========ReflectionMethods.getVideoTelephonyAvailable = false ===============
05-26 11:06:43.300   893 16511 D IpReachabilityMonitor: RtNetlinkNeighborMessage{ nlmsghdr{StructNlMsgHdr{ nlmsg_len{76}, nlmsg_type{28(RTM_NEWNEIGH)}, nlmsg_flags{0())}, nlmsg_seq{0}, nlmsg_pid{0} }}, ndmsg{StructNdMsg{ family{AF_INET}, ifindex{69}, state{4 (NUD_STALE)}, flags{0 ()}, type{1} }}, destination{192.168.1.1} linklayeraddr{003192A01C00} probes{1} cacheinfo{NdaCacheInfo{ ndm_used{20100}, ndm_confirmed{20100}, ndm_updated{0}, ndm_refcnt{1} }} }
05-26 11:06:43.494  1682  1694 E GED     : Failed to execute ioctl 3222824709, BridgeID(5), err(-1)
05-26 11:06:43.494  1682  1694 E GasService: Error on query GED info, err=1
05-26 11:06:43.588  1163  1163 D NetworkController.WifiSignalController: Change in state from: connected=true,enabled=true,level=4,inetCondition=1,iconGroup=IconGroup(Wi-Fi Icons),activityIn=true,activityOut=false,rssi=-38,lastModified=05-26 11:06:42,ssid="TT-Wingle-B28F"
05-26 11:06:43.588  1163  1163 D NetworkController.WifiSignalController: 	to: connected=true,enabled=true,level=4,inetCondition=1,iconGroup=IconGroup(Wi-Fi Icons),activityIn=false,activityOut=false,rssi=-38,lastModified=05-26 11:06:42,ssid="TT-Wingle-B28F"
05-26 11:06:43.591  1163  1163 D SignalClusterView: vpn: GONE
05-26 11:06:43.594  1163  1163 D SignalClusterView: ethernet: GONE
05-26 11:06:43.599  1163  1163 D SignalClusterView: wifi: VISIBLE sig=2130838882 inout=2130838867
05-26 11:06:43.603  1163  1163 D SignalClusterView: mobile: VISIBLE sig=2130838868 typ=0 inout=0
05-26 11:06:43.603  1163  1163 D SignalClusterView: vpn: GONE
05-26 11:06:43.603  1163  1163 D SignalClusterView: ethernet: GONE
05-26 11:06:43.604  1163  1163 D SignalClusterView: wifi: VISIBLE sig=2130838882 inout=2130838867
05-26 11:06:43.610  1163  1163 D SignalClusterView: mobile: VISIBLE sig=2130838868 typ=0 inout=0
05-26 11:06:43.621   256   340 I BufferQueueProducer: [StatusBar](this:0x72606c8000,id:15,api:1,p:1163,c:256) queueBuffer: fps=0.99 dur=1012.17 max=1012.17 min=1012.17
05-26 11:06:43.658   256   256 I BufferQueueProducer: [FrameBufferSurface_0](this:0x725d53e000,id:0,api:1,p:256,c:256) queueBuffer: fps=0.97 dur=1033.15 max=1033.15 min=1033.15
05-26 11:06:43.658   256   256 I DisplayDevice: [Built-in Screen (type:0)] fps:0.967929,dur:1033.13,max:1033.13,min:1033.13
05-26 11:06:43.898   249   249 I wmt_launcher: fw log ctrl flag has been set
05-26 11:06:43.899   249   249 I wmt_launcher: fw dynamic ctrl flag has been set
05-26 11:06:44.142   394   885 D FrameworkListener: dispatchCommand data = (getaddrinfo localhost 8089 9 0 1 0 0)
05-26 11:06:44.146   394 20864 D libc-netbsd: [getaddrinfo]: hostname=localhost; servname=8089; netid=125; mark=125; ai_flags=9; ai_family=0
05-26 11:06:44.150   394 20864 D SocketClient: SocketClient sendData done: 222
05-26 11:06:44.150   394 20864 D SocketClient: SocketClient sendData done: 
05-26 11:06:44.156 20779 20802 D libc-netbsd: getaddrinfo: localhost get result from proxy gai_error = 0
05-26 11:06:44.496  1682  1694 E GED     : Failed to execute ioctl 3222824709, BridgeID(5), err(-1)
05-26 11:06:44.496  1682  1694 E GasService: Error on query GED info, err=1
05-26 11:06:45.285   893  1062 D WifiStateMachine:  ConnectedState !CMD_RSSI_POLL  rt=410416103/748350513 468 0 "TT-Wingle-B28F" 00:31:92:a0:1c:00 rssi=-38 f=2432 sc=60 link=65 tx=0.8, 0.0, 0.0  rx=1.3 bcn=0 [on:0 tx:0 rx:0 period:2994] from screen [on:0 period:-2803676] gl hn rssi=-33 ag=0 hr ls-=0 [56,56,56,56,61] brc=0 lrc=0 offload-stopped
05-26 11:06:45.287   893  1062 D WifiStateMachine:  L2ConnectedState !CMD_RSSI_POLL  rt=410416106/748350516 468 0 "TT-Wingle-B28F" 00:31:92:a0:1c:00 rssi=-38 f=2432 sc=60 link=65 tx=0.8, 0.0, 0.0  rx=1.3 bcn=0 [on:0 tx:0 rx:0 period:3] from screen [on:0 period:-2803673] gl hn rssi=-33 ag=0 hr ls-=0 [56,56,56,56,61] brc=0 lrc=0 offload-stopped
05-26 11:06:45.288   893  1062 D WifiStateMachine:  get link layer stats 0
05-26 11:06:45.305   893  1062 D WifiStateMachine: fetchRssiLinkSpeedAndFrequencyNative rssi=-38 linkspeed=65 freq=2432
05-26 11:06:45.305   893  1062 D WifiStateMachine: mLastSignalLevel:4, newSignalLevel:4
05-26 11:06:45.305   893  1062 D WifiConfigManager: updateConfiguration freq=2432 BSSID=00:31:92:a0:1c:00 RSSI=-37 "TT-Wingle-B28F"WPA_PSK
05-26 11:06:45.306   893  1062 D WifiStateMachine: calculateWifiScore freq=2432 speed=65 score=60 highRSSI  -> txbadrate=0.00 txgoodrate=0.38 txretriesrate=0.00 rxrate=0.64 userTriggerdPenalty0
05-26 11:06:45.306   893  1062 D WifiStateMachine:  good link -> stuck count =0
05-26 11:06:45.307   893  1062 D WifiStateMachine:  badRSSI count0 lowRSSI count0 --> score 56
05-26 11:06:45.307   893  1062 D WifiStateMachine:  isHighRSSI       ---> score=61
05-26 11:06:45.312   893  1062 V ActivityManager: Broadcast sticky: Intent { act=android.net.wifi.RSSI_CHANGED flg=0x4000010 (has extras) } ordered=false userid=-1 callerApp=ProcessRecord{143d033 893:system/1000}
05-26 11:06:45.328  1163  1497 D NetworkController: onReceive: intent=Intent { act=android.net.wifi.RSSI_CHANGED flg=0x4000010 (has extras) }
05-26 11:06:45.329  1163  1497 D NetworkController.WifiSignalController: handleBroadcast, enable:true
05-26 11:06:45.332   893   893 D ActivityThread: BDC-Calling onReceive: intent=Intent { act=android.net.wifi.RSSI_CHANGED flg=0x4000010 cmp=com.android.settings/.wifi.WifiPlayToReceiver (has extras) }, receiver=com.android.settings.wifi.WifiPlayToReceiver@178165
05-26 11:06:45.332   893   893 D WifiPlayToReceiver: onReceive persistPlayto: 0
05-26 11:06:45.341  1163  1497 D NetworkController.WifiSignalController: handleBroadcast, currentState:connected=true,enabled=true,level=4,inetCondition=1,iconGroup=IconGroup(Wi-Fi Icons),activityIn=false,activityOut=false,rssi=-38,lastModified=05-26 11:06:43,ssid="TT-Wingle-B28F"
05-26 11:06:45.498  1682  1694 E GED     : Failed to execute ioctl 3222824709, BridgeID(5), err(-1)
05-26 11:06:45.499  1682  1694 E GasService: Error on query GED info, err=1
05-26 11:06:45.901   249   249 I wmt_launcher: fw log ctrl flag has been set
05-26 11:06:45.901   249   249 I wmt_launcher: fw dynamic ctrl flag has been set
05-26 11:06:46.173   394   885 D FrameworkListener: dispatchCommand data = (getaddrinfo localhost 8089 9 0 1 0 0)
05-26 11:06:46.176   394 20865 D libc-netbsd: [getaddrinfo]: hostname=localhost; servname=8089; netid=125; mark=125; ai_flags=9; ai_family=0
05-26 11:06:46.177   394 20865 D SocketClient: SocketClient sendData done: 222
05-26 11:06:46.178   394 20865 D SocketClient: SocketClient sendData done: 
05-26 11:06:46.186 20779 20802 D libc-netbsd: getaddrinfo: localhost get result from proxy gai_error = 0
05-26 11:06:46.355   372   372 I thermal_repeater: oh, queryMdThermalInfo (0)No such file or directory
05-26 11:06:46.377   372   372 I thermal_repeater: [recvMdThermalInfo] ret=30, strLen=127,  2, 32767, -127, -1, 32767, 18
05-26 11:06:46.501  1682  1694 E GED     : Failed to execute ioctl 3222824709, BridgeID(5), err(-1)
05-26 11:06:46.501  1682  1694 E GasService: Error on query GED info, err=1
05-26 11:06:47.503  1682  1694 E GED     : Failed to execute ioctl 3222824709, BridgeID(5), err(-1)
05-26 11:06:47.503  1682  1694 E GasService: Error on query GED info, err=1
05-26 11:06:47.904   249   249 I wmt_launcher: fw log ctrl flag has been set
05-26 11:06:47.904   249   249 I wmt_launcher: fw dynamic ctrl flag has been set
05-26 11:06:48.008  1163  1497 D NetworkController.MobileSignalController(1): onSignalStrengthsChanged signalStrength=SignalStrength: 14 41 -120 -160 -120 -1 -1 99 2147483647 2147483647 2147483647 2147483647 2147483647 gsm|lte 2147483647 -300 3 level=4
05-26 11:06:48.008  1163  1497 D NetworkController.MobileSignalController(1): updateTelephonySignalStrength: hasService=false ss=SignalStrength: 14 41 -120 -160 -120 -1 -1 99 2147483647 2147483647 2147483647 2147483647 2147483647 gsm|lte 2147483647 -300 3
05-26 11:06:48.014   893  4434 V ActivityManager: Broadcast sticky: Intent { act=android.intent.action.SIG_STR flg=0x20000010 (has extras) } ordered=false userid=-1 callerApp=ProcessRecord{143d033 893:system/1000}
05-26 11:06:48.019  1163  1497 D NetworkController.MobileSignalController(1): isWifiCallingAvailable=false
05-26 11:06:48.021  1163  1497 V ReflectionMethods: ========ReflectionMethods.getVolteAvailable = false ===============
05-26 11:06:48.024  1163  1497 V ReflectionMethods: ========ReflectionMethods.getVideoTelephonyAvailable = false ===============
05-26 11:06:48.214   394   885 D FrameworkListener: dispatchCommand data = (getaddrinfo localhost ^ 1024 0 1 0 0)
05-26 11:06:48.216   394 20867 D libc-netbsd: [getaddrinfo]: hostname=localhost; servname=(null); netid=125; mark=125; ai_flags=1024; ai_family=0
05-26 11:06:48.221   394 20867 D SocketClient: SocketClient sendData done: 222
05-26 11:06:48.225   394 20867 D SocketClient: SocketClient sendData done: 
05-26 11:06:48.227 20779 20866 D libc-netbsd: getaddrinfo: localhost get result from proxy gai_error = 0
05-26 11:06:48.228 20779 20866 I System.out: [socket][11] connection localhost/127.0.0.1:9089;LocalPort=-1(0)
05-26 11:06:48.228 20779 20866 D         : [Posix_connect Debug]Process com.mobile :9089 
05-26 11:06:48.237 20779 20866 I System.out: [socket][12:-1] exception
05-26 11:06:48.311   893  1062 D WifiStateMachine:  ConnectedState !CMD_RSSI_POLL  rt=410419131/748353541 468 0 "TT-Wingle-B28F" 00:31:92:a0:1c:00 rssi=-38 f=2432 sc=60 link=65 tx=0.4, 0.0, 0.0  rx=0.6 bcn=0 [on:0 tx:0 rx:0 period:2970] from screen [on:0 period:-2800650] gl hn rssi=-33 ag=0 hr ls-=0 [56,56,56,56,61] brc=0 lrc=0 offload-stopped
05-26 11:06:48.311   893  1062 D WifiStateMachine:  L2ConnectedState !CMD_RSSI_POLL  rt=410419132/748353542 468 0 "TT-Wingle-B28F" 00:31:92:a0:1c:00 rssi=-38 f=2432 sc=60 link=65 tx=0.4, 0.0, 0.0  rx=0.6 bcn=0 [on:0 tx:0 rx:0 period:1] from screen [on:0 period:-2800649] gl hn rssi=-33 ag=0 hr ls-=0 [56,56,56,56,61] brc=0 lrc=0 offload-stopped
05-26 11:06:48.311   893  1062 D WifiStateMachine:  get link layer stats 0
05-26 11:06:48.323   893  1062 D WifiStateMachine: fetchRssiLinkSpeedAndFrequencyNative rssi=-38 linkspeed=65 freq=2432
05-26 11:06:48.323   893  1062 D WifiStateMachine: mLastSignalLevel:4, newSignalLevel:4
05-26 11:06:48.323   893  1062 D WifiConfigManager: updateConfiguration freq=2432 BSSID=00:31:92:a0:1c:00 RSSI=-37 "TT-Wingle-B28F"WPA_PSK
05-26 11:06:48.323   893  1062 D WifiStateMachine: calculateWifiScore freq=2432 speed=65 score=60 highRSSI  -> txbadrate=0.00 txgoodrate=0.19 txretriesrate=0.00 rxrate=0.32 userTriggerdPenalty0
05-26 11:06:48.323   893  1062 D WifiStateMachine:  good link -> stuck count =0
05-26 11:06:48.323   893  1062 D WifiStateMachine:  badRSSI count0 lowRSSI count0 --> score 56
05-26 11:06:48.323   893  1062 D WifiStateMachine:  isHighRSSI       ---> score=61
05-26 11:06:48.325   893  1062 V ActivityManager: Broadcast sticky: Intent { act=android.net.wifi.RSSI_CHANGED flg=0x4000010 (has extras) } ordered=false userid=-1 callerApp=ProcessRecord{143d033 893:system/1000}
05-26 11:06:48.329  1163  1497 D NetworkController: onReceive: intent=Intent { act=android.net.wifi.RSSI_CHANGED flg=0x4000010 (has extras) }
05-26 11:06:48.330   893   893 D ActivityThread: BDC-Calling onReceive: intent=Intent { act=android.net.wifi.RSSI_CHANGED flg=0x4000010 cmp=com.android.settings/.wifi.WifiPlayToReceiver (has extras) }, receiver=com.android.settings.wifi.WifiPlayToReceiver@c8d0e3a
05-26 11:06:48.330   893   893 D WifiPlayToReceiver: onReceive persistPlayto: 0
05-26 11:06:48.343  1163  1497 D NetworkController.WifiSignalController: handleBroadcast, enable:true
05-26 11:06:48.344  1163  1497 D NetworkController.WifiSignalController: handleBroadcast, currentState:connected=true,enabled=true,level=4,inetCondition=1,iconGroup=IconGroup(Wi-Fi Icons),activityIn=false,activityOut=false,rssi=-38,lastModified=05-26 11:06:43,ssid="TT-Wingle-B28F"
05-26 11:06:48.505  1682  1694 E GED     : Failed to execute ioctl 3222824709, BridgeID(5), err(-1)
05-26 11:06:48.505  1682  1694 E GasService: Error on query GED info, err=1
05-26 11:06:49.507  1682  1694 E GED     : Failed to execute ioctl 3222824709, BridgeID(5), err(-1)
05-26 11:06:49.507  1682  1694 E GasService: Error on query GED info, err=1
05-26 11:06:49.906   249   249 I wmt_launcher: fw log ctrl flag has been set
05-26 11:06:49.906   249   249 I wmt_launcher: fw dynamic ctrl flag has been set
05-26 11:06:50.253   394   885 D FrameworkListener: dispatchCommand data = (getaddrinfo localhost ^ 1024 0 1 0 0)
05-26 11:06:50.256   394 20869 D libc-netbsd: [getaddrinfo]: hostname=localhost; servname=(null); netid=125; mark=125; ai_flags=1024; ai_family=0
05-26 11:06:50.260   394 20869 D SocketClient: SocketClient sendData done: 222
05-26 11:06:50.261   394 20869 D SocketClient: SocketClient sendData done: 
05-26 11:06:50.261 20779 20868 D libc-netbsd: getaddrinfo: localhost get result from proxy gai_error = 0
05-26 11:06:50.262 20779 20868 I System.out: [socket][12] connection localhost/127.0.0.1:9089;LocalPort=-1(0)
05-26 11:06:50.263 20779 20868 D         : [Posix_connect Debug]Process com.mobile :9089 
05-26 11:06:50.265 20779 20868 I System.out: [socket][13:-1] exception
05-26 11:06:50.510  1682  1694 E GED     : Failed to execute ioctl 3222824709, BridgeID(5), err(-1)
05-26 11:06:50.510  1682  1694 E GasService: Error on query GED info, err=1
05-26 11:06:51.330   893  1062 D WifiStateMachine:  ConnectedState !CMD_RSSI_POLL  rt=410422147/748356557 468 0 "TT-Wingle-B28F" 00:31:92:a0:1c:00 rssi=-38 f=2432 sc=60 link=65 tx=0.2, 0.0, 0.0  rx=0.3 bcn=0 [on:0 tx:0 rx:0 period:2985] from screen [on:0 period:-2797632] gl hn rssi=-33 ag=0 hr ls-=0 [56,56,56,56,61] brc=0 lrc=0 offload-stopped
05-26 11:06:51.332   893  1062 D WifiStateMachine:  L2ConnectedState !CMD_RSSI_POLL  rt=410422151/748356561 468 0 "TT-Wingle-B28F" 00:31:92:a0:1c:00 rssi=-38 f=2432 sc=60 link=65 tx=0.2, 0.0, 0.0  rx=0.3 bcn=0 [on:0 tx:0 rx:0 period:4] from screen [on:0 period:-2797628] gl hn rssi=-33 ag=0 hr ls-=0 [56,56,56,56,61] brc=0 lrc=0 offload-stopped
05-26 11:06:51.333   893  1062 D WifiStateMachine:  get link layer stats 0
05-26 11:06:51.345   893  1062 D WifiStateMachine: fetchRssiLinkSpeedAndFrequencyNative rssi=-37 linkspeed=65 freq=2432
05-26 11:06:51.345   893  1062 D WifiStateMachine: mLastSignalLevel:4, newSignalLevel:4
05-26 11:06:51.345   893  1062 D WifiConfigManager: updateConfiguration freq=2432 BSSID=00:31:92:a0:1c:00 RSSI=-37 "TT-Wingle-B28F"WPA_PSK
05-26 11:06:51.347   893  1062 D WifiStateMachine: calculateWifiScore freq=2432 speed=65 score=60 highRSSI  -> txbadrate=0.00 txgoodrate=0.10 txretriesrate=0.00 rxrate=0.16 userTriggerdPenalty0
05-26 11:06:51.347   893  1062 D WifiStateMachine:  good link -> stuck count =0
05-26 11:06:51.347   893  1062 D WifiStateMachine:  badRSSI count0 lowRSSI count0 --> score 56
05-26 11:06:51.347   893  1062 D WifiStateMachine:  isHighRSSI       ---> score=61
05-26 11:06:51.349   893  1062 V ActivityManager: Broadcast sticky: Intent { act=android.net.wifi.RSSI_CHANGED flg=0x4000010 (has extras) } ordered=false userid=-1 callerApp=ProcessRecord{143d033 893:system/1000}
05-26 11:06:51.360   893   893 D ActivityThread: BDC-Calling onReceive: intent=Intent { act=android.net.wifi.RSSI_CHANGED flg=0x4000010 cmp=com.android.settings/.wifi.WifiPlayToReceiver (has extras) }, receiver=com.android.settings.wifi.WifiPlayToReceiver@d40eaeb
05-26 11:06:51.360   893   893 D WifiPlayToReceiver: onReceive persistPlayto: 0
05-26 11:06:51.360  1163  1497 D NetworkController: onReceive: intent=Intent { act=android.net.wifi.RSSI_CHANGED flg=0x4000010 (has extras) }
05-26 11:06:51.360  1163  1497 D NetworkController.WifiSignalController: handleBroadcast, enable:true
05-26 11:06:51.361  1163  1497 D NetworkController.WifiSignalController: handleBroadcast, currentState:connected=true,enabled=true,level=4,inetCondition=1,iconGroup=IconGroup(Wi-Fi Icons),activityIn=false,activityOut=false,rssi=-37,lastModified=05-26 11:06:43,ssid="TT-Wingle-B28F"
05-26 11:06:51.361  1163  1497 D NetworkController.WifiSignalController: Change in state from: connected=true,enabled=true,level=4,inetCondition=1,iconGroup=IconGroup(Wi-Fi Icons),activityIn=false,activityOut=false,rssi=-38,lastModified=05-26 11:06:43,ssid="TT-Wingle-B28F"
05-26 11:06:51.361  1163  1497 D NetworkController.WifiSignalController: 	to: connected=true,enabled=true,level=4,inetCondition=1,iconGroup=IconGroup(Wi-Fi Icons),activityIn=false,activityOut=false,rssi=-37,lastModified=05-26 11:06:43,ssid="TT-Wingle-B28F"
05-26 11:06:51.379  1163  1163 D SignalClusterView: vpn: GONE
05-26 11:06:51.379  1163  1163 D SignalClusterView: ethernet: GONE
05-26 11:06:51.379  1163  1163 D SignalClusterView: wifi: VISIBLE sig=2130838882 inout=2130838867
05-26 11:06:51.381  1163  1163 D SignalClusterView: mobile: VISIBLE sig=2130838868 typ=0 inout=0
05-26 11:06:51.381  1163  1163 D SignalClusterView: vpn: GONE
05-26 11:06:51.381  1163  1163 D SignalClusterView: ethernet: GONE
05-26 11:06:51.382  1163  1163 D SignalClusterView: wifi: VISIBLE sig=2130838882 inout=2130838867
05-26 11:06:51.384  1163  1163 D SignalClusterView: mobile: VISIBLE sig=2130838868 typ=0 inout=0
05-26 11:06:51.386   372   372 I thermal_repeater: select timeout
05-26 11:06:51.512  1682  1694 E GED     : Failed to execute ioctl 3222824709, BridgeID(5), err(-1)
05-26 11:06:51.512  1682  1694 E GasService: Error on query GED info, err=1
05-26 11:06:51.790  7898  7898 W LogHelper: type=1400 audit(0.0:19952): avc: denied { read } for name="gpu_memory" dev="debugfs" ino=7077 scontext=u:r:priv_app:s0:c512,c768 tcontext=u:object_r:debugfs:s0 tclass=file permissive=0
05-26 11:06:51.807  1696  7898 E memtrack_graphic: open dir: /d/ion/clients/.
05-26 11:06:51.790  7898  7898 W LogHelper: type=1400 audit(0.0:19953): avc: denied { read } for name="clients" dev="debugfs" ino=6967 scontext=u:r:priv_app:s0:c512,c768 tcontext=u:object_r:debugfs:s0 tclass=dir permissive=0
05-26 11:06:51.808  1696  7898 I e       : {"total_pss":51395,"total_uss":38008,"dalvikPrivateClean":0,"dalvikPrivateDirty":13612,"dalvikPss":13687,"dalvikSharedClean":0,"dalvikSharedDirty":820,"nativePrivateClean":0,"nativePrivateDirty":15252,"nativePss":15265,"nativeSharedClean":0,"nativeSharedDirty":84,"nativeSwappablePss":0,"nativeSwappedOut":5932,"otherPrivateClean":5292,"otherPrivateDirty":3852,"otherPss":14424,"time":1653559311520}
05-26 11:06:51.908   249   249 I wmt_launcher: fw log ctrl flag has been set
05-26 11:06:51.908   249   249 I wmt_launcher: fw dynamic ctrl flag has been set
05-26 11:06:52.291   394   885 D FrameworkListener: dispatchCommand data = (getaddrinfo localhost ^ 1024 0 1 0 0)
05-26 11:06:52.292   394 20871 D libc-netbsd: [getaddrinfo]: hostname=localhost; servname=(null); netid=125; mark=125; ai_flags=1024; ai_family=0
05-26 11:06:52.293   394 20871 D SocketClient: SocketClient sendData done: 222
05-26 11:06:52.294   394 20871 D SocketClient: SocketClient sendData done: 
05-26 11:06:52.297 20779 20870 D libc-netbsd: getaddrinfo: localhost get result from proxy gai_error = 0
05-26 11:06:52.298 20779 20870 I System.out: [socket][13] connection localhost/127.0.0.1:9089;LocalPort=-1(0)
05-26 11:06:52.299 20779 20870 D         : [Posix_connect Debug]Process com.mobile :9089 
05-26 11:06:52.304 20779 20870 I System.out: [socket][14:-1] exception
05-26 11:06:52.514  1682  1694 E GED     : Failed to execute ioctl 3222824709, BridgeID(5), err(-1)
05-26 11:06:52.514  1682  1694 E GasService: Error on query GED info, err=1
05-26 11:06:53.126  1163  1497 D NetworkController.MobileSignalController(1): onSignalStrengthsChanged signalStrength=SignalStrength: 14 41 -120 -160 -120 -1 -1 99 2147483647 2147483647 2147483647 2147483647 2147483647 gsm|lte 2147483647 -316 4 level=4
05-26 11:06:53.127  1163  1497 D NetworkController.MobileSignalController(1): updateTelephonySignalStrength: hasService=false ss=SignalStrength: 14 41 -120 -160 -120 -1 -1 99 2147483647 2147483647 2147483647 2147483647 2147483647 gsm|lte 2147483647 -316 4
05-26 11:06:53.134   893  3561 V ActivityManager: Broadcast sticky: Intent { act=android.intent.action.SIG_STR flg=0x20000010 (has extras) } ordered=false userid=-1 callerApp=ProcessRecord{143d033 893:system/1000}
05-26 11:06:53.138  1163  1497 D NetworkController.MobileSignalController(1): isWifiCallingAvailable=false
05-26 11:06:53.141  1163  1497 V ReflectionMethods: ========ReflectionMethods.getVolteAvailable = false ===============
05-26 11:06:53.143  1163  1497 V ReflectionMethods: ========ReflectionMethods.getVideoTelephonyAvailable = false ===============
05-26 11:06:53.516  1682  1694 E GED     : Failed to execute ioctl 3222824709, BridgeID(5), err(-1)
05-26 11:06:53.516  1682  1694 E GasService: Error on query GED info, err=1
05-26 11:06:53.909   249   249 I wmt_launcher: fw log ctrl flag has been set
05-26 11:06:53.909   249   249 I wmt_launcher: fw dynamic ctrl flag has been set
05-26 11:06:54.325   394   885 D FrameworkListener: dispatchCommand data = (getaddrinfo localhost ^ 1024 0 1 0 0)
05-26 11:06:54.329   394 20873 D libc-netbsd: [getaddrinfo]: hostname=localhost; servname=(null); netid=125; mark=125; ai_flags=1024; ai_family=0
05-26 11:06:54.332   394 20873 D SocketClient: SocketClient sendData done: 222
05-26 11:06:54.336   394 20873 D SocketClient: SocketClient sendData done: 
05-26 11:06:54.340 20779 20872 D libc-netbsd: getaddrinfo: localhost get result from proxy gai_error = 0
05-26 11:06:54.340 20779 20872 I System.out: [socket][14] connection localhost/127.0.0.1:9089;LocalPort=-1(0)
05-26 11:06:54.340 20779 20872 D         : [Posix_connect Debug]Process com.mobile :9089 
05-26 11:06:54.343 20779 20872 I System.out: [socket][15:-1] exception
05-26 11:06:54.350   893  1062 D WifiStateMachine:  ConnectedState !CMD_RSSI_POLL  rt=410425170/748359580 468 0 "TT-Wingle-B28F" 00:31:92:a0:1c:00 rssi=-37 f=2432 sc=60 link=65 tx=0.1, 0.0, 0.0  rx=0.2 bcn=0 [on:0 tx:0 rx:0 period:2984] from screen [on:0 period:-2794610] gl hn rssi=-32 ag=0 hr ls-=0 [56,56,56,56,61] brc=0 lrc=0 offload-stopped
05-26 11:06:54.351   893  1062 D WifiStateMachine:  L2ConnectedState !CMD_RSSI_POLL  rt=410425171/748359581 468 0 "TT-Wingle-B28F" 00:31:92:a0:1c:00 rssi=-37 f=2432 sc=60 link=65 tx=0.1, 0.0, 0.0  rx=0.2 bcn=0 [on:0 tx:0 rx:0 period:1] from screen [on:0 period:-2794609] gl hn rssi=-32 ag=0 hr ls-=0 [56,56,56,56,61] brc=0 lrc=0 offload-stopped
05-26 11:06:54.351   893  1062 D WifiStateMachine:  get link layer stats 0
05-26 11:06:54.361   893  1062 D WifiStateMachine: fetchRssiLinkSpeedAndFrequencyNative rssi=-37 linkspeed=65 freq=2432
05-26 11:06:54.361   893  1062 D WifiStateMachine: mLastSignalLevel:4, newSignalLevel:4
05-26 11:06:54.362   893  1062 D WifiConfigManager: updateConfiguration freq=2432 BSSID=00:31:92:a0:1c:00 RSSI=-37 "TT-Wingle-B28F"WPA_PSK
05-26 11:06:54.362   893  1062 D WifiStateMachine: calculateWifiScore freq=2432 speed=65 score=60 highRSSI  -> txbadrate=0.00 txgoodrate=0.05 txretriesrate=0.00 rxrate=0.08 userTriggerdPenalty0
05-26 11:06:54.362   893  1062 D WifiStateMachine:  good link -> stuck count =0
05-26 11:06:54.362   893  1062 D WifiStateMachine:  badRSSI count0 lowRSSI count0 --> score 56
05-26 11:06:54.362   893  1062 D WifiStateMachine:  isHighRSSI       ---> score=61
05-26 11:06:54.364   893  1062 V ActivityManager: Broadcast sticky: Intent { act=android.net.wifi.RSSI_CHANGED flg=0x4000010 (has extras) } ordered=false userid=-1 callerApp=ProcessRecord{143d033 893:system/1000}
05-26 11:06:54.368   893   893 D ActivityThread: BDC-Calling onReceive: intent=Intent { act=android.net.wifi.RSSI_CHANGED flg=0x4000010 cmp=com.android.settings/.wifi.WifiPlayToReceiver (has extras) }, receiver=com.android.settings.wifi.WifiPlayToReceiver@8f9d048
05-26 11:06:54.368   893   893 D WifiPlayToReceiver: onReceive persistPlayto: 0
05-26 11:06:54.368  1163  1497 D NetworkController: onReceive: intent=Intent { act=android.net.wifi.RSSI_CHANGED flg=0x4000010 (has extras) }
05-26 11:06:54.368  1163  1497 D NetworkController.WifiSignalController: handleBroadcast, enable:true
05-26 11:06:54.375  1163  1497 D NetworkController.WifiSignalController: handleBroadcast, currentState:connected=true,enabled=true,level=4,inetCondition=1,iconGroup=IconGroup(Wi-Fi Icons),activityIn=false,activityOut=false,rssi=-37,lastModified=05-26 11:06:51,ssid="TT-Wingle-B28F"
05-26 11:06:54.518  1682  1694 E GED     : Failed to execute ioctl 3222824709, BridgeID(5), err(-1)
05-26 11:06:54.518  1682  1694 E GasService: Error on query GED info, err=1
05-26 11:06:55.520  1682  1694 E GED     : Failed to execute ioctl 3222824709, BridgeID(5), err(-1)
05-26 11:06:55.521  1682  1694 E GasService: Error on query GED info, err=1
05-26 11:06:55.631  1163  1163 D NetworkController.WifiSignalController: Change in state from: connected=true,enabled=true,level=4,inetCondition=1,iconGroup=IconGroup(Wi-Fi Icons),activityIn=false,activityOut=false,rssi=-37,lastModified=05-26 11:06:51,ssid="TT-Wingle-B28F"
05-26 11:06:55.631  1163  1163 D NetworkController.WifiSignalController: 	to: connected=true,enabled=true,level=4,inetCondition=1,iconGroup=IconGroup(Wi-Fi Icons),activityIn=true,activityOut=false,rssi=-37,lastModified=05-26 11:06:51,ssid="TT-Wingle-B28F"
05-26 11:06:55.632  1163  1163 D SignalClusterView: vpn: GONE
05-26 11:06:55.632  1163  1163 D SignalClusterView: ethernet: GONE
05-26 11:06:55.640  1163  1163 D SignalClusterView: wifi: VISIBLE sig=2130838882 inout=2130838865
05-26 11:06:55.643  1163  1163 D SignalClusterView: mobile: VISIBLE sig=2130838868 typ=0 inout=0
05-26 11:06:55.644  1163  1163 D SignalClusterView: vpn: GONE
05-26 11:06:55.644  1163  1163 D SignalClusterView: ethernet: GONE
05-26 11:06:55.644  1163  1163 D SignalClusterView: wifi: VISIBLE sig=2130838882 inout=2130838865
05-26 11:06:55.646  1163  1163 D SignalClusterView: mobile: VISIBLE sig=2130838868 typ=0 inout=0
05-26 11:06:55.652   256   280 I BufferQueueProducer: [StatusBar](this:0x72606c8000,id:15,api:1,p:1163,c:256) queueBuffer: fps=0.08 dur=12031.78 max=12031.78 min=12031.78
05-26 11:06:55.679   256   256 I BufferQueueProducer: [FrameBufferSurface_0](this:0x725d53e000,id:0,api:1,p:256,c:256) queueBuffer: fps=0.08 dur=12020.87 max=12020.87 min=12020.87
05-26 11:06:55.679   256   256 I DisplayDevice: [Built-in Screen (type:0)] fps:0.083189,dur:12020.88,max:12020.88,min:12020.88
05-26 11:06:55.911   249   249 I wmt_launcher: fw log ctrl flag has been set
05-26 11:06:55.911   249   249 I wmt_launcher: fw dynamic ctrl flag has been set
05-26 11:06:56.350   394   885 D FrameworkListener: dispatchCommand data = (getaddrinfo localhost 8089 9 0 1 0 0)
05-26 11:06:56.354   394 20874 D libc-netbsd: [getaddrinfo]: hostname=localhost; servname=8089; netid=125; mark=125; ai_flags=9; ai_family=0
05-26 11:06:56.355   394 20874 D SocketClient: SocketClient sendData done: 222
05-26 11:06:56.356   394 20874 D SocketClient: SocketClient sendData done: 
05-26 11:06:56.361 20779 20802 D libc-netbsd: getaddrinfo: localhost get result from proxy gai_error = 0
05-26 11:06:56.387   372   372 I thermal_repeater: oh, queryMdThermalInfo (0)No such file or directory
05-26 11:06:56.397   372   372 I thermal_repeater: [recvMdThermalInfo] ret=30, strLen=127,  2, 32767, -127, -1, 32767, 18
05-26 11:06:56.523  1682  1694 E GED     : Failed to execute ioctl 3222824709, BridgeID(5), err(-1)
05-26 11:06:56.523  1682  1694 E GasService: Error on query GED info, err=1
05-26 11:06:56.647  1163  1163 D NetworkController.WifiSignalController: Change in state from: connected=true,enabled=true,level=4,inetCondition=1,iconGroup=IconGroup(Wi-Fi Icons),activityIn=true,activityOut=false,rssi=-37,lastModified=05-26 11:06:55,ssid="TT-Wingle-B28F"
05-26 11:06:56.647  1163  1163 D NetworkController.WifiSignalController: 	to: connected=true,enabled=true,level=4,inetCondition=1,iconGroup=IconGroup(Wi-Fi Icons),activityIn=false,activityOut=false,rssi=-37,lastModified=05-26 11:06:55,ssid="TT-Wingle-B28F"
05-26 11:06:56.648  1163  1163 D SignalClusterView: vpn: GONE
05-26 11:06:56.648  1163  1163 D SignalClusterView: ethernet: GONE
05-26 11:06:56.660  1163  1163 D SignalClusterView: wifi: VISIBLE sig=2130838882 inout=2130838867
05-26 11:06:56.662  1163  1163 D SignalClusterView: mobile: VISIBLE sig=2130838868 typ=0 inout=0
05-26 11:06:56.662  1163  1163 D SignalClusterView: vpn: GONE
05-26 11:06:56.662  1163  1163 D SignalClusterView: ethernet: GONE
05-26 11:06:56.663  1163  1163 D SignalClusterView: wifi: VISIBLE sig=2130838882 inout=2130838867
05-26 11:06:56.665  1163  1163 D SignalClusterView: mobile: VISIBLE sig=2130838868 typ=0 inout=0
05-26 11:06:56.671   256  1576 I BufferQueueProducer: [StatusBar](this:0x72606c8000,id:15,api:1,p:1163,c:256) queueBuffer: fps=0.98 dur=1018.79 max=1018.79 min=1018.79
05-26 11:06:56.697   256   256 I BufferQueueProducer: [FrameBufferSurface_0](this:0x725d53e000,id:0,api:1,p:256,c:256) queueBuffer: fps=0.98 dur=1017.79 max=1017.79 min=1017.79
05-26 11:06:56.697   256   256 I DisplayDevice: [Built-in Screen (type:0)] fps:0.982501,dur:1017.81,max:1017.81,min:1017.81
05-26 11:06:57.368   893  1062 D WifiStateMachine:  ConnectedState !CMD_RSSI_POLL  rt=410428186/748362596 468 0 "TT-Wingle-B28F" 00:31:92:a0:1c:00 rssi=-37 f=2432 sc=60 link=65 tx=0.0, 0.0, 0.0  rx=0.1 bcn=0 [on:0 tx:0 rx:0 period:2993] from screen [on:0 period:-2791593] gl hn rssi=-32 ag=0 hr ls-=0 [56,56,56,56,61] brc=0 lrc=0 offload-stopped
05-26 11:06:57.375   893  1062 D WifiStateMachine:  L2ConnectedState !CMD_RSSI_POLL  rt=410428189/748362600 468 0 "TT-Wingle-B28F" 00:31:92:a0:1c:00 rssi=-37 f=2432 sc=60 link=65 tx=0.0, 0.0, 0.0  rx=0.1 bcn=0 [on:0 tx:0 rx:0 period:7] from screen [on:0 period:-2791586] gl hn rssi=-32 ag=0 hr ls-=0 [56,56,56,56,61] brc=0 lrc=0 offload-stopped
05-26 11:06:57.375   893  1062 D WifiStateMachine:  get link layer stats 0
05-26 11:06:57.391   893  1062 D WifiStateMachine: fetchRssiLinkSpeedAndFrequencyNative rssi=-37 linkspeed=65 freq=2432
05-26 11:06:57.391   893  1062 D WifiStateMachine: mLastSignalLevel:4, newSignalLevel:4
05-26 11:06:57.391   893  1062 D WifiConfigManager: updateConfiguration freq=2432 BSSID=00:31:92:a0:1c:00 RSSI=-37 "TT-Wingle-B28F"WPA_PSK
05-26 11:06:57.392   893  1062 D WifiStateMachine: calculateWifiScore freq=2432 speed=65 score=60 highRSSI  -> txbadrate=0.00 txgoodrate=0.02 txretriesrate=0.00 rxrate=0.54 userTriggerdPenalty0
05-26 11:06:57.392   893  1062 D WifiStateMachine:  good link -> stuck count =0
05-26 11:06:57.392   893  1062 D WifiStateMachine:  badRSSI count0 lowRSSI count0 --> score 56
05-26 11:06:57.392   893  1062 D WifiStateMachine:  isHighRSSI       ---> score=61
05-26 11:06:57.396   893  1062 V ActivityManager: Broadcast sticky: Intent { act=android.net.wifi.RSSI_CHANGED flg=0x4000010 (has extras) } ordered=false userid=-1 callerApp=ProcessRecord{143d033 893:system/1000}
05-26 11:06:57.410  1163  1497 D NetworkController: onReceive: intent=Intent { act=android.net.wifi.RSSI_CHANGED flg=0x4000010 (has extras) }
05-26 11:06:57.410  1163  1497 D NetworkController.WifiSignalController: handleBroadcast, enable:true
05-26 11:06:57.411  1163  1497 D NetworkController.WifiSignalController: handleBroadcast, currentState:connected=true,enabled=true,level=4,inetCondition=1,iconGroup=IconGroup(Wi-Fi Icons),activityIn=false,activityOut=false,rssi=-37,lastModified=05-26 11:06:56,ssid="TT-Wingle-B28F"
05-26 11:06:57.412   893   893 D ActivityThread: BDC-Calling onReceive: intent=Intent { act=android.net.wifi.RSSI_CHANGED flg=0x4000010 cmp=com.android.settings/.wifi.WifiPlayToReceiver (has extras) }, receiver=com.android.settings.wifi.WifiPlayToReceiver@f83cee1
05-26 11:06:57.412   893   893 D WifiPlayToReceiver: onReceive persistPlayto: 0
05-26 11:06:57.524  1682  1694 E GED     : Failed to execute ioctl 3222824709, BridgeID(5), err(-1)
05-26 11:06:57.524  1682  1694 E GasService: Error on query GED info, err=1
05-26 11:06:57.914   249   249 I wmt_launcher: fw log ctrl flag has been set
05-26 11:06:57.914   249   249 I wmt_launcher: fw dynamic ctrl flag has been set
05-26 11:06:58.246  1163  1497 D NetworkController.MobileSignalController(1): onSignalStrengthsChanged signalStrength=SignalStrength: 14 37 -120 -160 -120 -1 -1 99 2147483647 2147483647 2147483647 2147483647 2147483647 gsm|lte 2147483647 -316 5 level=4
05-26 11:06:58.246  1163  1497 D NetworkController.MobileSignalController(1): updateTelephonySignalStrength: hasService=false ss=SignalStrength: 14 37 -120 -160 -120 -1 -1 99 2147483647 2147483647 2147483647 2147483647 2147483647 gsm|lte 2147483647 -316 5
05-26 11:06:58.254   893   966 V ActivityManager: Broadcast sticky: Intent { act=android.intent.action.SIG_STR flg=0x20000010 (has extras) } ordered=false userid=-1 callerApp=ProcessRecord{143d033 893:system/1000}
05-26 11:06:58.258  1163  1497 D NetworkController.MobileSignalController(1): isWifiCallingAvailable=false
05-26 11:06:58.261  1163  1497 V ReflectionMethods: ========ReflectionMethods.getVolteAvailable = false ===============
05-26 11:06:58.263  1163  1497 V ReflectionMethods: ========ReflectionMethods.getVideoTelephonyAvailable = false ===============
05-26 11:06:58.368   394   885 D FrameworkListener: dispatchCommand data = (getaddrinfo localhost 8089 9 0 1 0 0)
05-26 11:06:58.371   394 20875 D libc-netbsd: [getaddrinfo]: hostname=localhost; servname=8089; netid=125; mark=125; ai_flags=9; ai_family=0
05-26 11:06:58.375   394 20875 D SocketClient: SocketClient sendData done: 222
05-26 11:06:58.375   394 20875 D SocketClient: SocketClient sendData done: 
05-26 11:06:58.382 20779 20802 D libc-netbsd: getaddrinfo: localhost get result from proxy gai_error = 0
05-26 11:06:58.526  1682  1694 E GED     : Failed to execute ioctl 3222824709, BridgeID(5), err(-1)
05-26 11:06:58.526  1682  1694 E GasService: Error on query GED info, err=1
05-26 11:06:59.528  1682  1694 E GED     : Failed to execute ioctl 3222824709, BridgeID(5), err(-1)
05-26 11:06:59.528  1682  1694 E GasService: Error on query GED info, err=1
05-26 11:06:59.916   249   249 I wmt_launcher: fw log ctrl flag has been set
05-26 11:06:59.916   249   249 I wmt_launcher: fw dynamic ctrl flag has been set
05-26 11:07:00.000   893  1051 D DataShapingService: Alarm manager openLteDataUpLinkGate: false
05-26 11:07:00.001   893  1051 V AlarmManager: openLteGateSuccess = false
05-26 11:07:00.004   893  1051 V ActivityManager: Broadcast: Intent { act=android.intent.action.TIME_TICK flg=0x50000014 (has extras) } ordered=true userid=-1 callerApp=null
05-26 11:07:00.011   893   893 V AlarmManager: isPowerSavingStart  mIsEnabled = true   mIsUsbConnected = true   mScreenOff = false   mIsWFDConnected = false
05-26 11:07:00.012   893   893 D ActivityThread: BDC-Calling finishReceiver: IIntentReceiver=36989df
05-26 11:07:00.022   893  1051 V AlarmManager: sending alarm Alarm{72dd406 type 3 when 748365231 android} success
05-26 11:07:00.028   893  1051 D PowerManagerNotifier: onWakeLockAcquired: flags=1073741825, tag="*alarm*", packageName=android, ownerUid=1000, ownerPid=893, workSource=WorkSource{1000}
05-26 11:07:00.030   893   893 V AlarmManager: mSupportAlarmGrouping = true  mAmPlus = com.mediatek.amplus.AlarmManagerPlus@fb265a4
05-26 11:07:00.032   893  1051 V ActivityManager: Broadcast: Intent { act=com.asus.deskclock.MY_TIME_TICK flg=0x14 (has extras) } ordered=true userid=0 callerApp=null
05-26 11:07:00.038   893   986 V ActivityManager: Broadcast: Intent { act=android.os.action.POWER_SAVE_TEMP_WHITELIST_CHANGED flg=0x40000010 } ordered=false userid=0 callerApp=ProcessRecord{143d033 893:system/1000}
05-26 11:07:00.039   893   986 D NetworkManagement: oldRule = 2, newRule=0 for uid=10054 on chain 2
05-26 11:07:00.039   893   986 D NetdConnector: SND -> {21497 firewall set_uid_rule standby 10054 allow}
05-26 11:07:00.041   394   890 D FrameworkListener: dispatchCommand data = (21497 firewall set_uid_rule standby 10054 allow)
05-26 11:07:00.045   893  1051 V AlarmManager: sending alarm Alarm{7c14ac7 type 1 when 1653559620000 com.asus.deskclock} success
05-26 11:07:00.046   893   893 V AlarmManager: APP set(PendingIntent{79b6156: PendingIntentRecord{354d5d7 android broadcastIntent}}) : type=3 triggerAtTime=748425231 win=0 tElapsed=748425231 maxElapsed=748425231 interval=0 flags=0x1
05-26 11:07:00.047   893   893 D ActivityThread: BDC-Calling finishReceiver: IIntentReceiver=906e4fb
05-26 11:07:00.049  1163  1163 D KeyguardUpdateMonitor: received broadcast android.intent.action.TIME_TICK
05-26 11:07:00.049  1163  1163 D ActivityThread: BDC-Calling finishReceiver: IIntentReceiver=14c5899
05-26 11:07:00.049  1163  1163 D KeyguardUpdateMonitor: handleTimeUpdate
05-26 11:07:00.050   893  3561 D AlarmManager: getNextAlarmClockImpl is called before Lock 
05-26 11:07:00.050   893  3561 D AlarmManager: getNextAlarmClockImpl is called in Lock 
05-26 11:07:00.054  1163  1163 D ActivityThread: BDC-Calling finishReceiver: IIntentReceiver=c4a773f
05-26 11:07:00.056  1163  1163 D StatusBar.Clock: Receive ACTION_TIME_TICK
05-26 11:07:00.058  1163  1163 D ActivityThread: BDC-Calling finishReceiver: IIntentReceiver=5c4280c
05-26 11:07:00.075   256  7855 I BufferQueueProducer: [StatusBar](this:0x72606c8000,id:15,api:1,p:1163,c:256) queueBuffer: fps=0.29 dur=3404.14 max=3404.14 min=3404.14
05-26 11:07:00.081  1163  1163 D ActivityThread: BDC-Calling finishReceiver: IIntentReceiver=e00e555
05-26 11:07:00.092 18779 18779 D ActivityThread: BDC-Calling onReceive: intent=Intent { act=com.asus.deskclock.MY_TIME_TICK flg=0x14 cmp=com.asus.deskclock/.animation_icon.TimeTickReceiver (has extras) }, receiver=com.asus.deskclock.animation_icon.TimeTickReceiver@91fe3e
05-26 11:07:00.107   256   256 I BufferQueueProducer: [FrameBufferSurface_0](this:0x725d53e000,id:0,api:1,p:256,c:256) queueBuffer: fps=0.29 dur=3410.33 max=3410.33 min=3410.33
05-26 11:07:00.107   256   256 I DisplayDevice: [Built-in Screen (type:0)] fps:0.293229,dur:3410.31,max:3410.31,min:3410.31
05-26 11:07:00.118  1163  1163 D ActivityThread: BDC-Calling finishReceiver: IIntentReceiver=ffbb6a
