05-26 11:07:21.612   893  1062 D WifiStateMachine:  L2ConnectedState !CMD_RSSI_POLL  rt=410452430/748386840 468 0 "TT-Wingle-B28F" 00:31:92:a0:1c:00 rssi=-36 f=2432 sc=60 link=65 tx=0.0, 0.0, 0.0  rx=0.0 bcn=0 [on:0 tx:0 rx:0 period:3] from screen [on:0 period:-2767349] gl hn rssi=-31 ag=0 hr ls-=0 [56,56,56,56,61] brc=0 lrc=0 offload-stopped
05-26 11:07:21.612   893  1062 D WifiStateMachine:  get link layer stats 0
05-26 11:07:21.628   893  1062 D WifiStateMachine: fetchRssiLinkSpeedAndFrequencyNative rssi=-36 linkspeed=65 freq=2432
05-26 11:07:21.628   893  1062 D WifiStateMachine: mLastSignalLevel:4, newSignalLevel:4
05-26 11:07:21.628   893  1062 D WifiConfigManager: updateConfiguration freq=2432 BSSID=00:31:92:a0:1c:00 RSSI=-36 "TT-Wingle-B28F"WPA_PSK
05-26 11:07:21.634   893  1062 D WifiStateMachine: calculateWifiScore freq=2432 speed=65 score=60 highRSSI  -> txbadrate=0.00 txgoodrate=0.00 txretriesrate=0.00 rxrate=0.01 userTriggerdPenalty0
05-26 11:07:21.634   893  1062 D WifiStateMachine:  good link -> stuck count =0
05-26 11:07:21.635   893  1062 D WifiStateMachine:  badRSSI count0 lowRSSI count0 --> score 56
05-26 11:07:21.635   893  1062 D WifiStateMachine:  isHighRSSI       ---> score=61
05-26 11:07:21.640   893  1062 V ActivityManager: Broadcast sticky: Intent { act=android.net.wifi.RSSI_CHANGED flg=0x4000010 (has extras) } ordered=false userid=-1 callerApp=ProcessRecord{143d033 893:system/1000}
05-26 11:07:21.652  1163  1497 D NetworkController: onReceive: intent=Intent { act=android.net.wifi.RSSI_CHANGED flg=0x4000010 (has extras) }
05-26 11:07:21.652  1163  1497 D NetworkController.WifiSignalController: handleBroadcast, enable:true
05-26 11:07:21.653  1163  1497 D NetworkController.WifiSignalController: handleBroadcast, currentState:connected=true,enabled=true,level=4,inetCondition=1,iconGroup=IconGroup(Wi-Fi Icons),activityIn=false,activityOut=false,rssi=-36,lastModified=05-26 11:07:15,ssid="TT-Wingle-B28F"
05-26 11:07:21.661   893   893 D ActivityThread: BDC-Calling onReceive: intent=Intent { act=android.net.wifi.RSSI_CHANGED flg=0x4000010 cmp=com.android.settings/.wifi.WifiPlayToReceiver (has extras) }, receiver=com.android.settings.wifi.WifiPlayToReceiver@a194ab6
05-26 11:07:21.661   893   893 D WifiPlayToReceiver: onReceive persistPlayto: 0
05-26 11:07:21.917   394   881 D SocketClient: SocketClient sendData done: 613 IfaceClass active 1 748387147756781 10030
05-26 11:07:21.918   893  1057 D NetdConnector: RCV <- {613 IfaceClass active 1 748387147756781 10030}
05-26 11:07:21.921   893  1034 D NetworkManagement: onEvent:613 IfaceClass active 1 748387147756781 10030:6
05-26 11:07:21.928   893  1034 V ActivityManager: Broadcast: Intent { act=android.net.conn.DATA_ACTIVITY_CHANGE flg=0x10 (has extras) } ordered=true userid=-1 callerApp=ProcessRecord{143d033 893:system/1000}
05-26 11:07:21.935   893  1034 V ActivityManager: Broadcast sticky: Intent { act=android.net.conn.DATA_ACTIVITY_CHANGE_CT flg=0x10 (has extras) } ordered=false userid=-1 callerApp=ProcessRecord{143d033 893:system/1000}
05-26 11:07:21.941   249   249 I wmt_launcher: fw log ctrl flag has been set
05-26 11:07:21.941   249   249 I wmt_launcher: fw dynamic ctrl flag has been set
05-26 11:07:22.581  1682  1694 E GED     : Failed to execute ioctl 3222824709, BridgeID(5), err(-1)
05-26 11:07:22.581  1682  1694 E GasService: Error on query GED info, err=1
05-26 11:07:22.714   394   885 D FrameworkListener: dispatchCommand data = (getaddrinfo localhost ^ 1024 0 1 0 0)
05-26 11:07:22.717   394 20898 D libc-netbsd: [getaddrinfo]: hostname=localhost; servname=(null); netid=125; mark=125; ai_flags=1024; ai_family=0
05-26 11:07:22.721   394 20898 D SocketClient: SocketClient sendData done: 222
05-26 11:07:22.725   394 20898 D SocketClient: SocketClient sendData done: 
05-26 11:07:22.727 20779 20897 D libc-netbsd: getaddrinfo: localhost get result from proxy gai_error = 0
05-26 11:07:22.728 20779 20897 I System.out: [socket][20] connection localhost/127.0.0.1:9089;LocalPort=-1(0)
05-26 11:07:22.730 20779 20897 D         : [Posix_connect Debug]Process com.mobile :9089 
05-26 11:07:22.733 20779 20897 I System.out: [socket][21:-1] exception
05-26 11:07:22.745  1163  1163 D NetworkController.WifiSignalController: Change in state from: connected=true,enabled=true,level=4,inetCondition=1,iconGroup=IconGroup(Wi-Fi Icons),activityIn=false,activityOut=false,rssi=-36,lastModified=05-26 11:07:15,ssid="TT-Wingle-B28F"
05-26 11:07:22.745  1163  1163 D NetworkController.WifiSignalController: 	to: connected=true,enabled=true,level=4,inetCondition=1,iconGroup=IconGroup(Wi-Fi Icons),activityIn=true,activityOut=false,rssi=-36,lastModified=05-26 11:07:15,ssid="TT-Wingle-B28F"
05-26 11:07:22.746  1163  1163 D SignalClusterView: vpn: GONE
05-26 11:07:22.746  1163  1163 D SignalClusterView: ethernet: GONE
05-26 11:07:22.749  1163  1163 D SignalClusterView: wifi: VISIBLE sig=2130838882 inout=2130838865
05-26 11:07:22.752  1163  1163 D SignalClusterView: mobile: VISIBLE sig=2130838868 typ=0 inout=0
05-26 11:07:22.752  1163  1163 D SignalClusterView: vpn: GONE
05-26 11:07:22.752  1163  1163 D SignalClusterView: ethernet: GONE
05-26 11:07:22.752  1163  1163 D SignalClusterView: wifi: VISIBLE sig=2130838882 inout=2130838865
05-26 11:07:22.755  1163  1163 D SignalClusterView: mobile: VISIBLE sig=2130838868 typ=0 inout=0
05-26 11:07:22.763   256   277 I BufferQueueProducer: [StatusBar](this:0x72606c8000,id:15,api:1,p:1163,c:256) queueBuffer: fps=0.05 dur=19039.98 max=19039.98 min=19039.98
05-26 11:07:22.791   256   256 I BufferQueueProducer: [FrameBufferSurface_0](this:0x725d53e000,id:0,api:1,p:256,c:256) queueBuffer: fps=0.05 dur=19022.58 max=19022.58 min=19022.58
05-26 11:07:22.791   256   256 I DisplayDevice: [Built-in Screen (type:0)] fps:0.052569,dur:19022.58,max:19022.58,min:19022.58
05-26 11:07:23.583  1682  1694 E GED     : Failed to execute ioctl 3222824709, BridgeID(5), err(-1)
05-26 11:07:23.583  1682  1694 E GasService: Error on query GED info, err=1
05-26 11:07:23.752  1163  1163 D NetworkController.WifiSignalController: Change in state from: connected=true,enabled=true,level=4,inetCondition=1,iconGroup=IconGroup(Wi-Fi Icons),activityIn=true,activityOut=false,rssi=-36,lastModified=05-26 11:07:22,ssid="TT-Wingle-B28F"
05-26 11:07:23.752  1163  1163 D NetworkController.WifiSignalController: 	to: connected=true,enabled=true,level=4,inetCondition=1,iconGroup=IconGroup(Wi-Fi Icons),activityIn=false,activityOut=false,rssi=-36,lastModified=05-26 11:07:22,ssid="TT-Wingle-B28F"
05-26 11:07:23.753  1163  1163 D SignalClusterView: vpn: GONE
05-26 11:07:23.753  1163  1163 D SignalClusterView: ethernet: GONE
05-26 11:07:23.761  1163  1163 D SignalClusterView: wifi: VISIBLE sig=2130838882 inout=2130838867
05-26 11:07:23.763  1163  1163 D SignalClusterView: mobile: VISIBLE sig=2130838868 typ=0 inout=0
05-26 11:07:23.763  1163  1163 D SignalClusterView: vpn: GONE
05-26 11:07:23.763  1163  1163 D SignalClusterView: ethernet: GONE
05-26 11:07:23.764  1163  1163 D SignalClusterView: wifi: VISIBLE sig=2130838882 inout=2130838867
05-26 11:07:23.766  1163  1163 D SignalClusterView: mobile: VISIBLE sig=2130838868 typ=0 inout=0
05-26 11:07:23.775   256   340 I BufferQueueProducer: [StatusBar](this:0x72606c8000,id:15,api:1,p:1163,c:256) queueBuffer: fps=0.99 dur=1011.87 max=1011.87 min=1011.87
05-26 11:07:23.808   256   256 I BufferQueueProducer: [FrameBufferSurface_0](this:0x725d53e000,id:0,api:1,p:256,c:256) queueBuffer: fps=0.98 dur=1016.78 max=1016.78 min=1016.78
05-26 11:07:23.808   256   256 I DisplayDevice: [Built-in Screen (type:0)] fps:0.983486,dur:1016.79,max:1016.79,min:1016.79
05-26 11:07:23.842  1163  1497 D NetworkController.MobileSignalController(1): onSignalStrengthsChanged signalStrength=SignalStrength: 14 41 -120 -160 -120 -1 -1 99 2147483647 2147483647 2147483647 2147483647 2147483647 gsm|lte 2147483647 -308 3 level=4
05-26 11:07:23.842  1163  1497 D NetworkController.MobileSignalController(1): updateTelephonySignalStrength: hasService=false ss=SignalStrength: 14 41 -120 -160 -120 -1 -1 99 2147483647 2147483647 2147483647 2147483647 2147483647 gsm|lte 2147483647 -308 3
05-26 11:07:23.846   893  3511 V ActivityManager: Broadcast sticky: Intent { act=android.intent.action.SIG_STR flg=0x20000010 (has extras) } ordered=false userid=-1 callerApp=ProcessRecord{143d033 893:system/1000}
05-26 11:07:23.850  1163  1497 D NetworkController.MobileSignalController(1): isWifiCallingAvailable=false
05-26 11:07:23.853  1163  1497 V ReflectionMethods: ========ReflectionMethods.getVolteAvailable = false ===============
05-26 11:07:23.856  1163  1497 V ReflectionMethods: ========ReflectionMethods.getVideoTelephonyAvailable = false ===============
05-26 11:07:23.944   249   249 I wmt_launcher: fw log ctrl flag has been set
05-26 11:07:23.944   249   249 I wmt_launcher: fw dynamic ctrl flag has been set
05-26 11:07:24.585  1682  1694 E GED     : Failed to execute ioctl 3222824709, BridgeID(5), err(-1)
05-26 11:07:24.585  1682  1694 E GasService: Error on query GED info, err=1
05-26 11:07:24.646   893  1062 D WifiStateMachine:  ConnectedState !CMD_RSSI_POLL  rt=410455463/748389874 468 0 "TT-Wingle-B28F" 00:31:92:a0:1c:00 rssi=-36 f=2432 sc=60 link=65 tx=0.0, 0.0, 0.0  rx=0.0 bcn=0 [on:0 tx:0 rx:0 period:2980] from screen [on:0 period:-2764315] gl hn rssi=-31 ag=0 hr ls-=0 [56,56,56,56,61] brc=0 lrc=0 offload-stopped
05-26 11:07:24.649   893  1062 D WifiStateMachine:  L2ConnectedState !CMD_RSSI_POLL  rt=410455467/748389877 468 0 "TT-Wingle-B28F" 00:31:92:a0:1c:00 rssi=-36 f=2432 sc=60 link=65 tx=0.0, 0.0, 0.0  rx=0.0 bcn=0 [on:0 tx:0 rx:0 period:3] from screen [on:0 period:-2764312] gl hn rssi=-31 ag=0 hr ls-=0 [56,56,56,56,61] brc=0 lrc=0 offload-stopped
05-26 11:07:24.653   893  1062 D WifiStateMachine:  get link layer stats 0
05-26 11:07:24.662   893  1062 D WifiStateMachine: fetchRssiLinkSpeedAndFrequencyNative rssi=-36 linkspeed=65 freq=2432
05-26 11:07:24.662   893  1062 D WifiStateMachine: mLastSignalLevel:4, newSignalLevel:4
05-26 11:07:24.662   893  1062 D WifiConfigManager: updateConfiguration freq=2432 BSSID=00:31:92:a0:1c:00 RSSI=-36 "TT-Wingle-B28F"WPA_PSK
05-26 11:07:24.664   893  1062 D WifiStateMachine: calculateWifiScore freq=2432 speed=65 score=60 highRSSI  -> txbadrate=0.00 txgoodrate=0.00 txretriesrate=0.00 rxrate=0.50 userTriggerdPenalty0
05-26 11:07:24.664   893  1062 D WifiStateMachine:  good link -> stuck count =0
05-26 11:07:24.664   893  1062 D WifiStateMachine:  badRSSI count0 lowRSSI count0 --> score 56
05-26 11:07:24.664   893  1062 D WifiStateMachine:  isHighRSSI       ---> score=61
05-26 11:07:24.671   893  1062 V ActivityManager: Broadcast sticky: Intent { act=android.net.wifi.RSSI_CHANGED flg=0x4000010 (has extras) } ordered=false userid=-1 callerApp=ProcessRecord{143d033 893:system/1000}
05-26 11:07:24.681  1163  1497 D NetworkController: onReceive: intent=Intent { act=android.net.wifi.RSSI_CHANGED flg=0x4000010 (has extras) }
05-26 11:07:24.681  1163  1497 D NetworkController.WifiSignalController: handleBroadcast, enable:true
05-26 11:07:24.682  1163  1497 D NetworkController.WifiSignalController: handleBroadcast, currentState:connected=true,enabled=true,level=4,inetCondition=1,iconGroup=IconGroup(Wi-Fi Icons),activityIn=false,activityOut=false,rssi=-36,lastModified=05-26 11:07:23,ssid="TT-Wingle-B28F"
05-26 11:07:24.690   893   893 D ActivityThread: BDC-Calling onReceive: intent=Intent { act=android.net.wifi.RSSI_CHANGED flg=0x4000010 cmp=com.android.settings/.wifi.WifiPlayToReceiver (has extras) }, receiver=com.android.settings.wifi.WifiPlayToReceiver@4c73b7
05-26 11:07:24.690   893   893 D WifiPlayToReceiver: onReceive persistPlayto: 0
05-26 11:07:24.742   394   885 D FrameworkListener: dispatchCommand data = (getaddrinfo localhost ^ 1024 0 1 0 0)
05-26 11:07:24.744   394 20900 D libc-netbsd: [getaddrinfo]: hostname=localhost; servname=(null); netid=125; mark=125; ai_flags=1024; ai_family=0
05-26 11:07:24.745   394 20900 D SocketClient: SocketClient sendData done: 222
05-26 11:07:24.746   394 20900 D SocketClient: SocketClient sendData done: 
05-26 11:07:24.747 20779 20899 D libc-netbsd: getaddrinfo: localhost get result from proxy gai_error = 0
05-26 11:07:24.748 20779 20899 I System.out: [socket][21] connection localhost/127.0.0.1:9089;LocalPort=-1(0)
05-26 11:07:24.748 20779 20899 D         : [Posix_connect Debug]Process com.mobile :9089 
05-26 11:07:24.751 20779 20899 I System.out: [socket][22:-1] exception
05-26 11:07:25.588  1682  1694 E GED     : Failed to execute ioctl 3222824709, BridgeID(5), err(-1)
05-26 11:07:25.588  1682  1694 E GasService: Error on query GED info, err=1
05-26 11:07:25.946   249   249 I wmt_launcher: fw log ctrl flag has been set
05-26 11:07:25.946   249   249 I wmt_launcher: fw dynamic ctrl flag has been set
05-26 11:07:26.476   372   372 I thermal_repeater: oh, queryMdThermalInfo (0)No such file or directory
05-26 11:07:26.497   372   372 I thermal_repeater: [recvMdThermalInfo] ret=30, strLen=127,  2, 32767, -127, -1, 32767, 18
05-26 11:07:26.590  1682  1694 E GED     : Failed to execute ioctl 3222824709, BridgeID(5), err(-1)
05-26 11:07:26.590  1682  1694 E GasService: Error on query GED info, err=1
05-26 11:07:26.774   394   885 D FrameworkListener: dispatchCommand data = (getaddrinfo localhost ^ 1024 0 1 0 0)
05-26 11:07:26.776   394 20902 D libc-netbsd: [getaddrinfo]: hostname=localhost; servname=(null); netid=125; mark=125; ai_flags=1024; ai_family=0
05-26 11:07:26.781   394 20902 D SocketClient: SocketClient sendData done: 222
05-26 11:07:26.785   394 20902 D SocketClient: SocketClient sendData done: 
05-26 11:07:26.787 20779 20901 D libc-netbsd: getaddrinfo: localhost get result from proxy gai_error = 0
05-26 11:07:26.788 20779 20901 I System.out: [socket][22] connection localhost/127.0.0.1:9089;LocalPort=-1(0)
05-26 11:07:26.791 20779 20901 D         : [Posix_connect Debug]Process com.mobile :9089 
05-26 11:07:26.793 20779 20901 I System.out: [socket][23:-1] exception
05-26 11:07:27.592  1682  1694 E GED     : Failed to execute ioctl 3222824709, BridgeID(5), err(-1)
05-26 11:07:27.592  1682  1694 E GasService: Error on query GED info, err=1
05-26 11:07:27.672   893  1062 D WifiStateMachine:  ConnectedState !CMD_RSSI_POLL  rt=410458489/748392900 468 0 "TT-Wingle-B28F" 00:31:92:a0:1c:00 rssi=-36 f=2432 sc=60 link=65 tx=0.0, 0.0, 0.0  rx=0.5 bcn=0 [on:0 tx:0 rx:0 period:2970] from screen [on:0 period:-2761289] gl hn rssi=-31 ag=0 hr ls-=0 [56,56,56,56,61] brc=0 lrc=0 offload-stopped
05-26 11:07:27.675   893  1062 D WifiStateMachine:  L2ConnectedState !CMD_RSSI_POLL  rt=410458493/748392903 468 0 "TT-Wingle-B28F" 00:31:92:a0:1c:00 rssi=-36 f=2432 sc=60 link=65 tx=0.0, 0.0, 0.0  rx=0.5 bcn=0 [on:0 tx:0 rx:0 period:3] from screen [on:0 period:-2761286] gl hn rssi=-31 ag=0 hr ls-=0 [56,56,56,56,61] brc=0 lrc=0 offload-stopped
05-26 11:07:27.675   893  1062 D WifiStateMachine:  get link layer stats 0
05-26 11:07:27.692   893  1062 D WifiStateMachine: fetchRssiLinkSpeedAndFrequencyNative rssi=-37 linkspeed=65 freq=2432
05-26 11:07:27.692   893  1062 D WifiStateMachine: mLastSignalLevel:4, newSignalLevel:4
05-26 11:07:27.692   893  1062 D WifiConfigManager: updateConfiguration freq=2432 BSSID=00:31:92:a0:1c:00 RSSI=-36 "TT-Wingle-B28F"WPA_PSK
05-26 11:07:27.692   893  1062 D WifiStateMachine: calculateWifiScore freq=2432 speed=65 score=60 highRSSI  -> txbadrate=0.00 txgoodrate=0.00 txretriesrate=0.00 rxrate=0.25 userTriggerdPenalty0
05-26 11:07:27.692   893  1062 D WifiStateMachine:  good link -> stuck count =0
05-26 11:07:27.692   893  1062 D WifiStateMachine:  badRSSI count0 lowRSSI count0 --> score 56
05-26 11:07:27.692   893  1062 D WifiStateMachine:  isHighRSSI       ---> score=61
05-26 11:07:27.694   893  1062 V ActivityManager: Broadcast sticky: Intent { act=android.net.wifi.RSSI_CHANGED flg=0x4000010 (has extras) } ordered=false userid=-1 callerApp=ProcessRecord{143d033 893:system/1000}
05-26 11:07:27.704   893   893 D ActivityThread: BDC-Calling onReceive: intent=Intent { act=android.net.wifi.RSSI_CHANGED flg=0x4000010 cmp=com.android.settings/.wifi.WifiPlayToReceiver (has extras) }, receiver=com.android.settings.wifi.WifiPlayToReceiver@2593724
05-26 11:07:27.704   893   893 D WifiPlayToReceiver: onReceive persistPlayto: 0
05-26 11:07:27.704  1163  1497 D NetworkController: onReceive: intent=Intent { act=android.net.wifi.RSSI_CHANGED flg=0x4000010 (has extras) }
05-26 11:07:27.704  1163  1497 D NetworkController.WifiSignalController: handleBroadcast, enable:true
05-26 11:07:27.705  1163  1497 D NetworkController.WifiSignalController: handleBroadcast, currentState:connected=true,enabled=true,level=4,inetCondition=1,iconGroup=IconGroup(Wi-Fi Icons),activityIn=false,activityOut=false,rssi=-37,lastModified=05-26 11:07:23,ssid="TT-Wingle-B28F"
05-26 11:07:27.705  1163  1497 D NetworkController.WifiSignalController: Change in state from: connected=true,enabled=true,level=4,inetCondition=1,iconGroup=IconGroup(Wi-Fi Icons),activityIn=false,activityOut=false,rssi=-36,lastModified=05-26 11:07:23,ssid="TT-Wingle-B28F"
05-26 11:07:27.705  1163  1497 D NetworkController.WifiSignalController: 	to: connected=true,enabled=true,level=4,inetCondition=1,iconGroup=IconGroup(Wi-Fi Icons),activityIn=false,activityOut=false,rssi=-37,lastModified=05-26 11:07:23,ssid="TT-Wingle-B28F"
05-26 11:07:27.729  1163  1163 D SignalClusterView: vpn: GONE
05-26 11:07:27.729  1163  1163 D SignalClusterView: ethernet: GONE
05-26 11:07:27.729  1163  1163 D SignalClusterView: wifi: VISIBLE sig=2130838882 inout=2130838867
05-26 11:07:27.731  1163  1163 D SignalClusterView: mobile: VISIBLE sig=2130838868 typ=0 inout=0
05-26 11:07:27.731  1163  1163 D SignalClusterView: vpn: GONE
05-26 11:07:27.731  1163  1163 D SignalClusterView: ethernet: GONE
05-26 11:07:27.732  1163  1163 D SignalClusterView: wifi: VISIBLE sig=2130838882 inout=2130838867
05-26 11:07:27.734  1163  1163 D SignalClusterView: mobile: VISIBLE sig=2130838868 typ=0 inout=0
05-26 11:07:27.949   249   249 I wmt_launcher: fw log ctrl flag has been set
05-26 11:07:27.949   249   249 I wmt_launcher: fw dynamic ctrl flag has been set
05-26 11:07:28.594  1682  1694 E GED     : Failed to execute ioctl 3222824709, BridgeID(5), err(-1)
05-26 11:07:28.594  1682  1694 E GasService: Error on query GED info, err=1
05-26 11:07:28.815   394   885 D FrameworkListener: dispatchCommand data = (getaddrinfo localhost 8089 9 0 1 0 0)
05-26 11:07:28.818   394 20903 D libc-netbsd: [getaddrinfo]: hostname=localhost; servname=8089; netid=125; mark=125; ai_flags=9; ai_family=0
05-26 11:07:28.822   394 20903 D SocketClient: SocketClient sendData done: 222
05-26 11:07:28.823   394 20903 D SocketClient: SocketClient sendData done: 
05-26 11:07:28.830 20779 20802 D libc-netbsd: getaddrinfo: localhost get result from proxy gai_error = 0
05-26 11:07:28.965  1163  1497 D NetworkController.MobileSignalController(1): onSignalStrengthsChanged signalStrength=SignalStrength: 14 40 -120 -160 -120 -1 -1 99 2147483647 2147483647 2147483647 2147483647 2147483647 gsm|lte 2147483647 -316 4 level=4
05-26 11:07:28.965  1163  1497 D NetworkController.MobileSignalController(1): updateTelephonySignalStrength: hasService=false ss=SignalStrength: 14 40 -120 -160 -120 -1 -1 99 2147483647 2147483647 2147483647 2147483647 2147483647 gsm|lte 2147483647 -316 4
05-26 11:07:28.973   893  1187 V ActivityManager: Broadcast sticky: Intent { act=android.intent.action.SIG_STR flg=0x20000010 (has extras) } ordered=false userid=-1 callerApp=ProcessRecord{143d033 893:system/1000}
05-26 11:07:28.978  1163  1497 D NetworkController.MobileSignalController(1): isWifiCallingAvailable=false
05-26 11:07:28.980  1163  1497 V ReflectionMethods: ========ReflectionMethods.getVolteAvailable = false ===============
05-26 11:07:28.983  1163  1497 V ReflectionMethods: ========ReflectionMethods.getVideoTelephonyAvailable = false ===============
05-26 11:07:29.596  1682  1694 E GED     : Failed to execute ioctl 3222824709, BridgeID(5), err(-1)
05-26 11:07:29.597  1682  1694 E GasService: Error on query GED info, err=1
05-26 11:07:29.951   249   249 I wmt_launcher: fw log ctrl flag has been set
05-26 11:07:29.951   249   249 I wmt_launcher: fw dynamic ctrl flag has been set
05-26 11:07:30.599  1682  1694 E GED     : Failed to execute ioctl 3222824709, BridgeID(5), err(-1)
05-26 11:07:30.599  1682  1694 E GasService: Error on query GED info, err=1
05-26 11:07:30.698   893  1062 D WifiStateMachine:  ConnectedState !CMD_RSSI_POLL  rt=410461516/748395926 468 0 "TT-Wingle-B28F" 00:31:92:a0:1c:00 rssi=-37 f=2432 sc=60 link=65 tx=0.0, 0.0, 0.0  rx=0.3 bcn=0 [on:0 tx:0 rx:0 period:2986] from screen [on:0 period:-2758263] gl hn rssi=-32 ag=0 hr ls-=0 [56,56,56,56,61] brc=0 lrc=0 offload-stopped
05-26 11:07:30.701   893  1062 D WifiStateMachine:  L2ConnectedState !CMD_RSSI_POLL  rt=410461519/748395929 468 0 "TT-Wingle-B28F" 00:31:92:a0:1c:00 rssi=-37 f=2432 sc=60 link=65 tx=0.0, 0.0, 0.0  rx=0.3 bcn=0 [on:0 tx:0 rx:0 period:3] from screen [on:0 period:-2758260] gl hn rssi=-32 ag=0 hr ls-=0 [56,56,56,56,61] brc=0 lrc=0 offload-stopped
05-26 11:07:30.701   893  1062 D WifiStateMachine:  get link layer stats 0
05-26 11:07:30.721   893  1062 D WifiStateMachine: fetchRssiLinkSpeedAndFrequencyNative rssi=-37 linkspeed=65 freq=2432
05-26 11:07:30.721   893  1062 D WifiStateMachine: mLastSignalLevel:4, newSignalLevel:4
05-26 11:07:30.722   893  1062 D WifiConfigManager: updateConfiguration freq=2432 BSSID=00:31:92:a0:1c:00 RSSI=-36 "TT-Wingle-B28F"WPA_PSK
05-26 11:07:30.723   893  1062 D WifiStateMachine: calculateWifiScore freq=2432 speed=65 score=60 highRSSI  -> txbadrate=0.00 txgoodrate=0.00 txretriesrate=0.00 rxrate=0.13 userTriggerdPenalty0
05-26 11:07:30.723   893  1062 D WifiStateMachine:  good link -> stuck count =0
05-26 11:07:30.724   893  1062 D WifiStateMachine:  badRSSI count0 lowRSSI count0 --> score 56
05-26 11:07:30.724   893  1062 D WifiStateMachine:  isHighRSSI       ---> score=61
05-26 11:07:30.731   893  1062 V ActivityManager: Broadcast sticky: Intent { act=android.net.wifi.RSSI_CHANGED flg=0x4000010 (has extras) } ordered=false userid=-1 callerApp=ProcessRecord{143d033 893:system/1000}
05-26 11:07:30.736   893   893 D ActivityThread: BDC-Calling onReceive: intent=Intent { act=android.net.wifi.RSSI_CHANGED flg=0x4000010 cmp=com.android.settings/.wifi.WifiPlayToReceiver (has extras) }, receiver=com.android.settings.wifi.WifiPlayToReceiver@8a1a28d
05-26 11:07:30.736   893   893 D WifiPlayToReceiver: onReceive persistPlayto: 0
05-26 11:07:30.736  1163  1497 D NetworkController: onReceive: intent=Intent { act=android.net.wifi.RSSI_CHANGED flg=0x4000010 (has extras) }
05-26 11:07:30.736  1163  1497 D NetworkController.WifiSignalController: handleBroadcast, enable:true
05-26 11:07:30.736  1163  1497 D NetworkController.WifiSignalController: handleBroadcast, currentState:connected=true,enabled=true,level=4,inetCondition=1,iconGroup=IconGroup(Wi-Fi Icons),activityIn=false,activityOut=false,rssi=-37,lastModified=05-26 11:07:27,ssid="TT-Wingle-B28F"
05-26 11:07:30.833   394   885 D FrameworkListener: dispatchCommand data = (getaddrinfo localhost 8089 9 0 1 0 0)
05-26 11:07:30.834   394 20904 D libc-netbsd: [getaddrinfo]: hostname=localhost; servname=8089; netid=125; mark=125; ai_flags=9; ai_family=0
05-26 11:07:30.835   394 20904 D SocketClient: SocketClient sendData done: 222
05-26 11:07:30.835   394 20904 D SocketClient: SocketClient sendData done: 
05-26 11:07:30.837 20779 20802 D libc-netbsd: getaddrinfo: localhost get result from proxy gai_error = 0
05-26 11:07:31.503   372   372 I thermal_repeater: select timeout
05-26 11:07:31.601  1682  1694 E GED     : Failed to execute ioctl 3222824709, BridgeID(5), err(-1)
05-26 11:07:31.601  1682  1694 E GasService: Error on query GED info, err=1
05-26 11:07:31.954   249   249 I wmt_launcher: fw log ctrl flag has been set
05-26 11:07:31.954   249   249 I wmt_launcher: fw dynamic ctrl flag has been set
05-26 11:07:32.603  1682  1694 E GED     : Failed to execute ioctl 3222824709, BridgeID(5), err(-1)
05-26 11:07:32.603  1682  1694 E GasService: Error on query GED info, err=1
05-26 11:07:32.843   394   885 D FrameworkListener: dispatchCommand data = (getaddrinfo localhost 8089 9 0 1 0 0)
05-26 11:07:32.847   394 20905 D libc-netbsd: [getaddrinfo]: hostname=localhost; servname=8089; netid=125; mark=125; ai_flags=9; ai_family=0
05-26 11:07:32.848   394 20905 D SocketClient: SocketClient sendData done: 222
05-26 11:07:32.848   394 20905 D SocketClient: SocketClient sendData done: 
05-26 11:07:32.855 20779 20802 D libc-netbsd: getaddrinfo: localhost get result from proxy gai_error = 0
05-26 11:07:33.605  1682  1694 E GED     : Failed to execute ioctl 3222824709, BridgeID(5), err(-1)
05-26 11:07:33.605  1682  1694 E GasService: Error on query GED info, err=1
05-26 11:07:33.730   893  1062 D WifiStateMachine:  ConnectedState !CMD_RSSI_POLL  rt=410464548/748398958 468 0 "TT-Wingle-B28F" 00:31:92:a0:1c:00 rssi=-37 f=2432 sc=60 link=65 tx=0.0, 0.0, 0.0  rx=0.1 bcn=0 [on:0 tx:0 rx:0 period:2988] from screen [on:0 period:-2755230] gl hn rssi=-32 ag=0 hr ls-=0 [56,56,56,56,61] brc=0 lrc=0 offload-stopped
05-26 11:07:33.733   893  1062 D WifiStateMachine:  L2ConnectedState !CMD_RSSI_POLL  rt=410464551/748398962 468 0 "TT-Wingle-B28F" 00:31:92:a0:1c:00 rssi=-37 f=2432 sc=60 link=65 tx=0.0, 0.0, 0.0  rx=0.1 bcn=0 [on:0 tx:0 rx:0 period:3] from screen [on:0 period:-2755227] gl hn rssi=-32 ag=0 hr ls-=0 [56,56,56,56,61] brc=0 lrc=0 offload-stopped
05-26 11:07:33.733   893  1062 D WifiStateMachine:  get link layer stats 0
05-26 11:07:33.748   893  1062 D WifiStateMachine: fetchRssiLinkSpeedAndFrequencyNative rssi=-37 linkspeed=65 freq=2432
05-26 11:07:33.749   893  1062 D WifiStateMachine: mLastSignalLevel:4, newSignalLevel:4
05-26 11:07:33.749   893  1062 D WifiConfigManager: updateConfiguration freq=2432 BSSID=00:31:92:a0:1c:00 RSSI=-36 "TT-Wingle-B28F"WPA_PSK
05-26 11:07:33.749   893  1062 D WifiStateMachine: calculateWifiScore freq=2432 speed=65 score=60 highRSSI  -> txbadrate=0.00 txgoodrate=0.00 txretriesrate=0.00 rxrate=0.06 userTriggerdPenalty0
05-26 11:07:33.749   893  1062 D WifiStateMachine:  good link -> stuck count =0
05-26 11:07:33.749   893  1062 D WifiStateMachine:  badRSSI count0 lowRSSI count0 --> score 56
05-26 11:07:33.749   893  1062 D WifiStateMachine:  isHighRSSI       ---> score=61
05-26 11:07:33.751   893  1062 V ActivityManager: Broadcast sticky: Intent { act=android.net.wifi.RSSI_CHANGED flg=0x4000010 (has extras) } ordered=false userid=-1 callerApp=ProcessRecord{143d033 893:system/1000}
05-26 11:07:33.755   893   893 D ActivityThread: BDC-Calling onReceive: intent=Intent { act=android.net.wifi.RSSI_CHANGED flg=0x4000010 cmp=com.android.settings/.wifi.WifiPlayToReceiver (has extras) }, receiver=com.android.settings.wifi.WifiPlayToReceiver@2675c42
05-26 11:07:33.755   893   893 D WifiPlayToReceiver: onReceive persistPlayto: 0
05-26 11:07:33.755  1163  1497 D NetworkController: onReceive: intent=Intent { act=android.net.wifi.RSSI_CHANGED flg=0x4000010 (has extras) }
05-26 11:07:33.755  1163  1497 D NetworkController.WifiSignalController: handleBroadcast, enable:true
05-26 11:07:33.756  1163  1497 D NetworkController.WifiSignalController: handleBroadcast, currentState:connected=true,enabled=true,level=4,inetCondition=1,iconGroup=IconGroup(Wi-Fi Icons),activityIn=false,activityOut=false,rssi=-37,lastModified=05-26 11:07:27,ssid="TT-Wingle-B28F"
05-26 11:07:33.956   249   249 I wmt_launcher: fw log ctrl flag has been set
05-26 11:07:33.956   249   249 I wmt_launcher: fw dynamic ctrl flag has been set
05-26 11:07:34.608  1682  1694 E GED     : Failed to execute ioctl 3222824709, BridgeID(5), err(-1)
05-26 11:07:34.608  1682  1694 E GasService: Error on query GED info, err=1
05-26 11:07:34.865   394   885 D FrameworkListener: dispatchCommand data = (getaddrinfo localhost 8089 9 0 1 0 0)
05-26 11:07:34.867   394 20906 D libc-netbsd: [getaddrinfo]: hostname=localhost; servname=8089; netid=125; mark=125; ai_flags=9; ai_family=0
05-26 11:07:34.872   394 20906 D SocketClient: SocketClient sendData done: 222
05-26 11:07:34.872   394 20906 D SocketClient: SocketClient sendData done: 
05-26 11:07:34.879 20779 20802 D libc-netbsd: getaddrinfo: localhost get result from proxy gai_error = 0
05-26 11:07:35.610  1682  1694 E GED     : Failed to execute ioctl 3222824709, BridgeID(5), err(-1)
05-26 11:07:35.610  1682  1694 E GasService: Error on query GED info, err=1
05-26 11:07:35.959   249   249 I wmt_launcher: fw log ctrl flag has been set
05-26 11:07:35.959   249   249 I wmt_launcher: fw dynamic ctrl flag has been set
05-26 11:07:36.506   372   372 I thermal_repeater: oh, queryMdThermalInfo (0)No such file or directory
05-26 11:07:36.528   372   372 I thermal_repeater: [recvMdThermalInfo] ret=30, strLen=127,  2, 32767, -127, -1, 32767, 18
05-26 11:07:36.612  1682  1694 E GED     : Failed to execute ioctl 3222824709, BridgeID(5), err(-1)
05-26 11:07:36.612  1682  1694 E GasService: Error on query GED info, err=1
05-26 11:07:36.755   893  1062 D WifiStateMachine:  ConnectedState !CMD_RSSI_POLL  rt=410467573/748401983 468 0 "TT-Wingle-B28F" 00:31:92:a0:1c:00 rssi=-37 f=2432 sc=60 link=65 tx=0.0, 0.0, 0.0  rx=0.1 bcn=0 [on:0 tx:0 rx:0 period:2992] from screen [on:0 period:-2752206] gl hn rssi=-32 ag=0 hr ls-=0 [56,56,56,56,61] brc=0 lrc=0 offload-stopped
05-26 11:07:36.765   893  1062 D WifiStateMachine:  L2ConnectedState !CMD_RSSI_POLL  rt=410467576/748401986 468 0 "TT-Wingle-B28F" 00:31:92:a0:1c:00 rssi=-37 f=2432 sc=60 link=65 tx=0.0, 0.0, 0.0  rx=0.1 bcn=0 [on:0 tx:0 rx:0 period:11] from screen [on:0 period:-2752195] gl hn rssi=-32 ag=0 hr ls-=0 [56,56,56,56,61] brc=0 lrc=0 offload-stopped
05-26 11:07:36.766   893  1062 D WifiStateMachine:  get link layer stats 0
05-26 11:07:36.781   893  1062 D WifiStateMachine: fetchRssiLinkSpeedAndFrequencyNative rssi=-37 linkspeed=65 freq=2432
05-26 11:07:36.781   893  1062 D WifiStateMachine: mLastSignalLevel:4, newSignalLevel:4
05-26 11:07:36.782   893  1062 D WifiConfigManager: updateConfiguration freq=2432 BSSID=00:31:92:a0:1c:00 RSSI=-36 "TT-Wingle-B28F"WPA_PSK
05-26 11:07:36.787   893  1062 D WifiStateMachine: calculateWifiScore freq=2432 speed=65 score=60 highRSSI  -> txbadrate=0.00 txgoodrate=0.00 txretriesrate=0.00 rxrate=0.03 userTriggerdPenalty0
05-26 11:07:36.787   893  1062 D WifiStateMachine:  good link -> stuck count =0
05-26 11:07:36.787   893  1062 D WifiStateMachine:  badRSSI count0 lowRSSI count0 --> score 56
05-26 11:07:36.788   893  1062 D WifiStateMachine:  isHighRSSI       ---> score=61
05-26 11:07:36.795   893  1062 V ActivityManager: Broadcast sticky: Intent { act=android.net.wifi.RSSI_CHANGED flg=0x4000010 (has extras) } ordered=false userid=-1 callerApp=ProcessRecord{143d033 893:system/1000}
05-26 11:07:36.803  1163  1497 D NetworkController: onReceive: intent=Intent { act=android.net.wifi.RSSI_CHANGED flg=0x4000010 (has extras) }
05-26 11:07:36.804  1163  1497 D NetworkController.WifiSignalController: handleBroadcast, enable:true
05-26 11:07:36.808   893   893 D ActivityThread: BDC-Calling onReceive: intent=Intent { act=android.net.wifi.RSSI_CHANGED flg=0x4000010 cmp=com.android.settings/.wifi.WifiPlayToReceiver (has extras) }, receiver=com.android.settings.wifi.WifiPlayToReceiver@12a9453
05-26 11:07:36.809   893   893 D WifiPlayToReceiver: onReceive persistPlayto: 0
05-26 11:07:36.814  1163  1497 D NetworkController.WifiSignalController: handleBroadcast, currentState:connected=true,enabled=true,level=4,inetCondition=1,iconGroup=IconGroup(Wi-Fi Icons),activityIn=false,activityOut=false,rssi=-37,lastModified=05-26 11:07:27,ssid="TT-Wingle-B28F"
05-26 11:07:36.905   394   885 D FrameworkListener: dispatchCommand data = (getaddrinfo localhost ^ 1024 0 1 0 0)
05-26 11:07:36.906   394 20908 D libc-netbsd: [getaddrinfo]: hostname=localhost; servname=(null); netid=125; mark=125; ai_flags=1024; ai_family=0
05-26 11:07:36.908   394 20908 D SocketClient: SocketClient sendData done: 222
05-26 11:07:36.909   394 20908 D SocketClient: SocketClient sendData done: 
05-26 11:07:36.911 20779 20907 D libc-netbsd: getaddrinfo: localhost get result from proxy gai_error = 0
05-26 11:07:36.912 20779 20907 I System.out: [socket][23] connection localhost/127.0.0.1:9089;LocalPort=-1(0)
05-26 11:07:36.913 20779 20907 D         : [Posix_connect Debug]Process com.mobile :9089 
05-26 11:07:36.917 20779 20907 I System.out: [socket][24:-1] exception
05-26 11:07:36.932 20779 20791 I art     : Enter while loop.
05-26 11:07:36.939   394   881 D SocketClient: SocketClient sendData done: 613 IfaceClass idle 1 748402170269936
05-26 11:07:36.940   893  1057 D NetdConnector: RCV <- {613 IfaceClass idle 1 748402170269936}
05-26 11:07:36.941   893  1034 D NetworkManagement: onEvent:613 IfaceClass idle 1 748402170269936:5
05-26 11:07:36.942   893  1034 V ActivityManager: Broadcast: Intent { act=android.net.conn.DATA_ACTIVITY_CHANGE flg=0x10 (has extras) } ordered=true userid=-1 callerApp=ProcessRecord{143d033 893:system/1000}
05-26 11:07:36.944   893  1034 V ActivityManager: Broadcast sticky: Intent { act=android.net.conn.DATA_ACTIVITY_CHANGE_CT flg=0x10 (has extras) } ordered=false userid=-1 callerApp=ProcessRecord{143d033 893:system/1000}
05-26 11:07:37.614  1682  1694 E GED     : Failed to execute ioctl 3222824709, BridgeID(5), err(-1)
05-26 11:07:37.614  1682  1694 E GasService: Error on query GED info, err=1
05-26 11:07:37.942   893  1398 D AES     : AEEIOCTL_GET/SET_SF_STATE IOCTL,cmd= 1074294797, lParam=0. 
05-26 11:07:37.942   893  1398 W Watchdog: **Get SF Time **1
05-26 11:07:37.943   893  1398 D AES     : AEEIOCTL_RT_MON_Kick IOCTL,cmd= -2147192822, lParam=300. 
05-26 11:07:37.943   893  1398 W Watchdog: SWT Watchdog before synchronized:410468764
05-26 11:07:37.943   893  1398 W Watchdog: SWT Watchdog after synchronized:410468764
05-26 11:07:37.947   893  1034 D InputReader: InputReader::monitor: lock
05-26 11:07:37.950   893  1034 D InputReader: InputReader::monitor: wait 
05-26 11:07:37.951   893  1034 D InputReader: InputReader::monitor: unlock
05-26 11:07:37.951   893  1034 D InputReader: InputReader::monitor: done
05-26 11:07:37.961   249   249 I wmt_launcher: fw log ctrl flag has been set
05-26 11:07:37.961   249   249 I wmt_launcher: fw dynamic ctrl flag has been set
05-26 11:07:38.390 20910 20910 W Thread-8: type=1400 audit(0.0:19954): avc: denied { read } for name="gpu_memory" dev="debugfs" ino=7077 scontext=u:r:priv_app:s0:c512,c768 tcontext=u:object_r:debugfs:s0 tclass=file permissive=0
05-26 11:07:38.390 20910 20910 W Thread-8: type=1400 audit(0.0:19955): avc: denied { read } for name="clients" dev="debugfs" ino=6967 scontext=u:r:priv_app:s0:c512,c768 tcontext=u:object_r:debugfs:s0 tclass=dir permissive=0
05-26 11:07:38.402 20480 20910 E memtrack_graphic: open dir: /d/ion/clients/.
05-26 11:07:38.592   893  3510 D BatteryService: mBatteryVoltage=3997, batteryLevel=50
05-26 11:07:38.597   893   893 V ActivityManager: Broadcast sticky: Intent { act=android.intent.action.BATTERY_CHANGED flg=0x60000010 (has extras) } ordered=false userid=-1 callerApp=null
05-26 11:07:38.613  1163  1163 D KeyguardUpdateMonitor: received broadcast android.intent.action.BATTERY_CHANGED
05-26 11:07:38.614  1163  1163 D PowerUI : oldTemp=330, mTemp=330
05-26 11:07:38.615  1163  1163 D PowerUI : findUsbOtg =false,supportReverseCharging =0
05-26 11:07:38.620  1682  1694 E GED     : Failed to execute ioctl 3222824709, BridgeID(5), err(-1)
05-26 11:07:38.620  1682  1694 E GasService: Error on query GED info, err=1
05-26 11:07:38.621  1163  1163 D KeyguardUpdateMonitor: handleBatteryUpdate
05-26 11:07:38.622   893   893 D WifiService: onReceive, action:android.intent.action.BATTERY_CHANGED
05-26 11:07:38.623   893  1061 D WifiController: DeviceActiveState{ when=-1ms what=155652 arg1=2 target=com.android.internal.util.StateMachine$SmHandler }
05-26 11:07:38.623   893  1061 D WifiController: StaEnabledState{ when=-1ms what=155652 arg1=2 target=com.android.internal.util.StateMachine$SmHandler }
05-26 11:07:38.623   893  1061 D WifiController: DefaultState{ when=-1ms what=155652 arg1=2 target=com.android.internal.util.StateMachine$SmHandler }
05-26 11:07:38.623   893  1061 D WifiController: battery changed pluggedType: 2
05-26 11:07:38.628  1504  1504 D PowerSaverService: extraBatteryHealth =2, dongle_type=-1
05-26 11:07:38.628  1504  1504 D PowerSaverService: battery_soh = 0
05-26 11:07:38.942   394   885 D FrameworkListener: dispatchCommand data = (getaddrinfo localhost ^ 1024 0 1 0 0)
05-26 11:07:38.945   394 20912 D libc-netbsd: [getaddrinfo]: hostname=localhost; servname=(null); netid=125; mark=125; ai_flags=1024; ai_family=0
05-26 11:07:38.949   394 20912 D SocketClient: SocketClient sendData done: 222
05-26 11:07:38.952   394 20912 D SocketClient: SocketClient sendData done: 
05-26 11:07:38.955 20779 20911 D libc-netbsd: getaddrinfo: localhost get result from proxy gai_error = 0
05-26 11:07:38.957 20779 20911 I System.out: [socket][24] connection localhost/127.0.0.1:9089;LocalPort=-1(0)
05-26 11:07:38.957 20779 20911 D         : [Posix_connect Debug]Process com.mobile :9089 
05-26 11:07:38.965   394   881 D SocketClient: SocketClient sendData done: 613 IfaceClass active 1 748404195199398 10030
05-26 11:07:38.968   893  1057 D NetdConnector: RCV <- {613 IfaceClass active 1 748404195199398 10030}
05-26 11:07:38.971   893  1034 D NetworkManagement: onEvent:613 IfaceClass active 1 748404195199398 10030:6
05-26 11:07:38.972   893  1034 V ActivityManager: Broadcast: Intent { act=android.net.conn.DATA_ACTIVITY_CHANGE flg=0x10 (has extras) } ordered=true userid=-1 callerApp=ProcessRecord{143d033 893:system/1000}
05-26 11:07:38.973   893  1034 V ActivityManager: Broadcast sticky: Intent { act=android.net.conn.DATA_ACTIVITY_CHANGE_CT flg=0x10 (has extras) } ordered=false userid=-1 callerApp=ProcessRecord{143d033 893:system/1000}
05-26 11:07:38.976 20779 20911 I System.out: [socket][25:-1] exception
05-26 11:07:38.986 20480 20512 I System.out: close [socket][/192.168.1.11:58001]
05-26 11:07:39.207  1163  1497 D NetworkController.MobileSignalController(1): onSignalStrengthsChanged signalStrength=SignalStrength: 14 39 -120 -160 -120 -1 -1 99 2147483647 2147483647 2147483647 2147483647 2147483647 gsm|lte 2147483647 -320 5 level=4
05-26 11:07:39.208  1163  1497 D NetworkController.MobileSignalController(1): updateTelephonySignalStrength: hasService=false ss=SignalStrength: 14 39 -120 -160 -120 -1 -1 99 2147483647 2147483647 2147483647 2147483647 2147483647 gsm|lte 2147483647 -320 5
05-26 11:07:39.220   893  1187 V ActivityManager: Broadcast sticky: Intent { act=android.intent.action.SIG_STR flg=0x20000010 (has extras) } ordered=false userid=-1 callerApp=ProcessRecord{143d033 893:system/1000}
05-26 11:07:39.228  1163  1497 D NetworkController.MobileSignalController(1): isWifiCallingAvailable=false
05-26 11:07:39.232  1163  1497 V ReflectionMethods: ========ReflectionMethods.getVolteAvailable = false ===============
05-26 11:07:39.234  1163  1497 V ReflectionMethods: ========ReflectionMethods.getVideoTelephonyAvailable = false ===============
05-26 11:07:39.622  1682  1694 E GED     : Failed to execute ioctl 3222824709, BridgeID(5), err(-1)
05-26 11:07:39.622  1682  1694 E GasService: Error on query GED info, err=1
05-26 11:07:39.791   893  1062 D WifiStateMachine:  ConnectedState !CMD_RSSI_POLL  rt=410470611/748405021 468 0 "TT-Wingle-B28F" 00:31:92:a0:1c:00 rssi=-37 f=2432 sc=60 link=65 tx=0.0, 0.0, 0.0  rx=0.0 bcn=0 [on:0 tx:0 rx:0 period:2977] from screen [on:0 period:-2749169] gl hn rssi=-32 ag=0 hr ls-=0 [56,56,56,56,61] brc=0 lrc=0 offload-stopped
05-26 11:07:39.792   893  1062 D WifiStateMachine:  L2ConnectedState !CMD_RSSI_POLL  rt=410470612/748405022 468 0 "TT-Wingle-B28F" 00:31:92:a0:1c:00 rssi=-37 f=2432 sc=60 link=65 tx=0.0, 0.0, 0.0  rx=0.0 bcn=0 [on:0 tx:0 rx:0 period:1] from screen [on:0 period:-2749168] gl hn rssi=-32 ag=0 hr ls-=0 [56,56,56,56,61] brc=0 lrc=0 offload-stopped
05-26 11:07:39.792   893  1062 D WifiStateMachine:  get link layer stats 0
05-26 11:07:39.800  1163  1163 D NetworkController.WifiSignalController: Change in state from: connected=true,enabled=true,level=4,inetCondition=1,iconGroup=IconGroup(Wi-Fi Icons),activityIn=false,activityOut=false,rssi=-37,lastModified=05-26 11:07:27,ssid="TT-Wingle-B28F"
05-26 11:07:39.800  1163  1163 D NetworkController.WifiSignalController: 	to: connected=true,enabled=true,level=4,inetCondition=1,iconGroup=IconGroup(Wi-Fi Icons),activityIn=true,activityOut=true,rssi=-37,lastModified=05-26 11:07:27,ssid="TT-Wingle-B28F"
05-26 11:07:39.800  1163  1163 D SignalClusterView: vpn: GONE
05-26 11:07:39.800  1163  1163 D SignalClusterView: ethernet: GONE
05-26 11:07:39.801  1163  1163 D SignalClusterView: wifi: VISIBLE sig=2130838882 inout=2130838866
05-26 11:07:39.802  1163  1163 D SignalClusterView: mobile: VISIBLE sig=2130838868 typ=0 inout=0
05-26 11:07:39.802  1163  1163 D SignalClusterView: vpn: GONE
05-26 11:07:39.802  1163  1163 D SignalClusterView: ethernet: GONE
05-26 11:07:39.803  1163  1163 D SignalClusterView: wifi: VISIBLE sig=2130838882 inout=2130838866
05-26 11:07:39.804  1163  1163 D SignalClusterView: mobile: VISIBLE sig=2130838868 typ=0 inout=0
05-26 11:07:39.809   893  1062 D WifiStateMachine: fetchRssiLinkSpeedAndFrequencyNative rssi=-37 linkspeed=65 freq=2432
05-26 11:07:39.809   893  1062 D WifiStateMachine: mLastSignalLevel:4, newSignalLevel:4
05-26 11:07:39.809   893  1062 D WifiConfigManager: updateConfiguration freq=2432 BSSID=00:31:92:a0:1c:00 RSSI=-36 "TT-Wingle-B28F"WPA_PSK
05-26 11:07:39.810   893  1062 D WifiStateMachine: calculateWifiScore freq=2432 speed=65 score=60 highRSSI  -> txbadrate=0.00 txgoodrate=1.00 txretriesrate=0.00 rxrate=1.02 userTriggerdPenalty0
05-26 11:07:39.810   893  1062 D WifiStateMachine:  good link -> stuck count =0
05-26 11:07:39.810   893  1062 D WifiStateMachine:  badRSSI count0 lowRSSI count0 --> score 56
05-26 11:07:39.810   893  1062 D WifiStateMachine:  isHighRSSI       ---> score=61
05-26 11:07:39.811   893  1062 V ActivityManager: Broadcast sticky: Intent { act=android.net.wifi.RSSI_CHANGED flg=0x4000010 (has extras) } ordered=false userid=-1 callerApp=ProcessRecord{143d033 893:system/1000}
05-26 11:07:39.820   893   893 D ActivityThread: BDC-Calling onReceive: intent=Intent { act=android.net.wifi.RSSI_CHANGED flg=0x4000010 cmp=com.android.settings/.wifi.WifiPlayToReceiver (has extras) }, receiver=com.android.settings.wifi.WifiPlayToReceiver@384a190
05-26 11:07:39.820   893   893 D WifiPlayToReceiver: onReceive persistPlayto: 0
05-26 11:07:39.820  1163  1497 D NetworkController: onReceive: intent=Intent { act=android.net.wifi.RSSI_CHANGED flg=0x4000010 (has extras) }
05-26 11:07:39.820  1163  1497 D NetworkController.WifiSignalController: handleBroadcast, enable:true
05-26 11:07:39.821  1163  1497 D NetworkController.WifiSignalController: handleBroadcast, currentState:connected=true,enabled=true,level=4,inetCondition=1,iconGroup=IconGroup(Wi-Fi Icons),activityIn=true,activityOut=true,rssi=-37,lastModified=05-26 11:07:39,ssid="TT-Wingle-B28F"
05-26 11:07:39.835   256   280 I BufferQueueProducer: [StatusBar](this:0x72606c8000,id:15,api:1,p:1163,c:256) queueBuffer: fps=0.06 dur=16060.15 max=16060.15 min=16060.15
05-26 11:07:39.862   256   256 I BufferQueueProducer: [FrameBufferSurface_0](this:0x725d53e000,id:0,api:1,p:256,c:256) queueBuffer: fps=0.06 dur=16054.91 max=16054.91 min=16054.91
05-26 11:07:39.863   256   256 I DisplayDevice: [Built-in Screen (type:0)] fps:0.062286,dur:16054.91,max:16054.91,min:16054.91
05-26 11:07:39.963   249   249 I wmt_launcher: fw log ctrl flag has been set
05-26 11:07:39.964   249   249 I wmt_launcher: fw dynamic ctrl flag has been set
05-26 11:07:40.624  1682  1694 E GED     : Failed to execute ioctl 3222824709, BridgeID(5), err(-1)
05-26 11:07:40.624  1682  1694 E GasService: Error on query GED info, err=1
05-26 11:07:40.805  1163  1163 D NetworkController.WifiSignalController: Change in state from: connected=true,enabled=true,level=4,inetCondition=1,iconGroup=IconGroup(Wi-Fi Icons),activityIn=true,activityOut=true,rssi=-37,lastModified=05-26 11:07:39,ssid="TT-Wingle-B28F"
05-26 11:07:40.805  1163  1163 D NetworkController.WifiSignalController: 	to: connected=true,enabled=true,level=4,inetCondition=1,iconGroup=IconGroup(Wi-Fi Icons),activityIn=false,activityOut=false,rssi=-37,lastModified=05-26 11:07:39,ssid="TT-Wingle-B28F"
05-26 11:07:40.806  1163  1163 D SignalClusterView: vpn: GONE
05-26 11:07:40.811  1163  1163 D SignalClusterView: ethernet: GONE
05-26 11:07:40.818  1163  1163 D SignalClusterView: wifi: VISIBLE sig=2130838882 inout=2130838867
05-26 11:07:40.825  1163  1163 D SignalClusterView: mobile: VISIBLE sig=2130838868 typ=0 inout=0
05-26 11:07:40.825  1163  1163 D SignalClusterView: vpn: GONE
05-26 11:07:40.825  1163  1163 D SignalClusterView: ethernet: GONE
05-26 11:07:40.827  1163  1163 D SignalClusterView: wifi: VISIBLE sig=2130838882 inout=2130838867
05-26 11:07:40.831  1163  1163 D SignalClusterView: mobile: VISIBLE sig=2130838868 typ=0 inout=0
05-26 11:07:40.842   256  1576 I BufferQueueProducer: [StatusBar](this:0x72606c8000,id:15,api:1,p:1163,c:256) queueBuffer: fps=0.99 dur=1007.48 max=1007.48 min=1007.48
05-26 11:07:40.879   256   256 I BufferQueueProducer: [FrameBufferSurface_0](this:0x725d53e000,id:0,api:1,p:256,c:256) queueBuffer: fps=0.98 dur=1016.68 max=1016.68 min=1016.68
05-26 11:07:40.879   256   256 I DisplayDevice: [Built-in Screen (type:0)] fps:0.983600,dur:1016.67,max:1016.67,min:1016.67
05-26 11:07:40.960  3263 18681 I System.out: close [socket][/192.168.1.11:42638]
05-26 11:07:41.003   394   885 D FrameworkListener: dispatchCommand data = (getaddrinfo localhost ^ 1024 0 1 0 0)
05-26 11:07:41.007   394 20914 D libc-netbsd: [getaddrinfo]: hostname=localhost; servname=(null); netid=125; mark=125; ai_flags=1024; ai_family=0
05-26 11:07:41.010   394 20914 D SocketClient: SocketClient sendData done: 222
05-26 11:07:41.014   394 20914 D SocketClient: SocketClient sendData done: 
05-26 11:07:41.016 20779 20913 D libc-netbsd: getaddrinfo: localhost get result from proxy gai_error = 0
05-26 11:07:41.017 20779 20913 I System.out: [socket][25] connection localhost/127.0.0.1:9089;LocalPort=-1(0)
05-26 11:07:41.018 20779 20913 D         : [Posix_connect Debug]Process com.mobile :9089 
05-26 11:07:41.027 20779 20913 I System.out: [socket][26:-1] exception
05-26 11:07:41.031   893  1898 D DnsEventListenerService: Logging 100 results for netId 125
05-26 11:07:41.537   372   372 I thermal_repeater: select timeout
05-26 11:07:41.626  1682  1694 E GED     : Failed to execute ioctl 3222824709, BridgeID(5), err(-1)
05-26 11:07:41.626  1682  1694 E GasService: Error on query GED info, err=1
05-26 11:07:41.817  1163  1163 D NetworkController.WifiSignalController: Change in state from: connected=true,enabled=true,level=4,inetCondition=1,iconGroup=IconGroup(Wi-Fi Icons),activityIn=false,activityOut=false,rssi=-37,lastModified=05-26 11:07:40,ssid="TT-Wingle-B28F"
05-26 11:07:41.817  1163  1163 D NetworkController.WifiSignalController: 	to: connected=true,enabled=true,level=4,inetCondition=1,iconGroup=IconGroup(Wi-Fi Icons),activityIn=true,activityOut=true,rssi=-37,lastModified=05-26 11:07:40,ssid="TT-Wingle-B28F"
05-26 11:07:41.818  1163  1163 D SignalClusterView: vpn: GONE
05-26 11:07:41.818  1163  1163 D SignalClusterView: ethernet: GONE
05-26 11:07:41.828  1163  1163 D SignalClusterView: wifi: VISIBLE sig=2130838882 inout=2130838866
05-26 11:07:41.833  1163  1163 D SignalClusterView: mobile: VISIBLE sig=2130838868 typ=0 inout=0
05-26 11:07:41.833  1163  1163 D SignalClusterView: vpn: GONE
05-26 11:07:41.834  1163  1163 D SignalClusterView: ethernet: GONE
05-26 11:07:41.834  1163  1163 D SignalClusterView: wifi: VISIBLE sig=2130838882 inout=2130838866
05-26 11:07:41.840  1163  1163 D SignalClusterView: mobile: VISIBLE sig=2130838868 typ=0 inout=0
05-26 11:07:41.855   256  7855 I BufferQueueProducer: [StatusBar](this:0x72606c8000,id:15,api:1,p:1163,c:256) queueBuffer: fps=0.99 dur=1009.58 max=1009.58 min=1009.58
05-26 11:07:41.896   256   256 I BufferQueueProducer: [FrameBufferSurface_0](this:0x725d53e000,id:0,api:1,p:256,c:256) queueBuffer: fps=0.98 dur=1016.46 max=1016.46 min=1016.46
05-26 11:07:41.896   256   256 I DisplayDevice: [Built-in Screen (type:0)] fps:0.983800,dur:1016.47,max:1016.47,min:1016.47
05-26 11:07:41.935 20779 20791 I art     : Enter while loop.
05-26 11:07:41.966   249   249 I wmt_launcher: fw log ctrl flag has been set
05-26 11:07:41.966   249   249 I wmt_launcher: fw dynamic ctrl flag has been set
05-26 11:07:42.628  1682  1694 E GED     : Failed to execute ioctl 3222824709, BridgeID(5), err(-1)
05-26 11:07:42.629  1682  1694 E GasService: Error on query GED info, err=1
05-26 11:07:42.814   893  1062 D WifiStateMachine:  ConnectedState !CMD_RSSI_POLL  rt=410473634/748408045 468 0 "TT-Wingle-B28F" 00:31:92:a0:1c:00 rssi=-37 f=2432 sc=60 link=65 tx=1.0, 0.0, 0.0  rx=1.0 bcn=0 [on:0 tx:0 rx:0 period:2970] from screen [on:0 period:-2746146] gl hn rssi=-32 ag=0 hr ls-=0 [56,56,56,56,61] brc=0 lrc=0 offload-stopped
05-26 11:07:42.815   893  1062 D WifiStateMachine:  L2ConnectedState !CMD_RSSI_POLL  rt=410473635/748408045 468 0 "TT-Wingle-B28F" 00:31:92:a0:1c:00 rssi=-37 f=2432 sc=60 link=65 tx=1.0, 0.0, 0.0  rx=1.0 bcn=0 [on:0 tx:0 rx:0 period:1] from screen [on:0 period:-2746145] gl hn rssi=-32 ag=0 hr ls-=0 [56,56,56,56,61] brc=0 lrc=0 offload-stopped
05-26 11:07:42.815   893  1062 D WifiStateMachine:  get link layer stats 0
